<?xml version="1.0" encoding="ISO-8859-1" ?>
<link_info>
   <banner>TI ARM Clang Linker PC v4.0.4.LTS</banner>
   <copyright>Copyright (c) 1996-2018 Texas Instruments Incorporated</copyright>
   <command_line>C:\ti\ccs2031\ccs\tools\compiler\ti-cgt-armllvm_4.0.4.LTS\bin\tiarmlnk -IC:\ti\ccs2031\ccs\tools\compiler\ti-cgt-armllvm_4.0.4.LTS\lib -o HW_SW_interface_CCS.out -mHW_SW_interface_CCS.map -iC:/ti/mspm0_sdk_2_09_00_01/source -iC:/Users/Admin/Desktop/Software code/Final Software/Insect Intel/Insect_Intel_V1.0 -iC:/Users/Admin/Desktop/Software code/Final Software/Insect Intel/Insect_Intel_V1.0/Debug/syscfg -iC:/ti/ccs2031/ccs/tools/compiler/ti-cgt-armllvm_4.0.4.LTS/lib --diag_wrap=off --display_error_number --warn_sections --xml_link_info=HW_SW_interface_CCS_linkInfo.xml --rom_model ./ti_msp_dl_config.o ./startup_mspm0g350x_ticlang.o ./functions.o ./helper_functions.o ./main.o ./sm.o ./HAL/i2c.o ./HAL/spi_master.o ./HAL/uart.o ./emulation_type_b/eeprom_emulation_type_b.o ./ics/BQ25628/BQ25628_functions.o ./ics/BQ27Z7/BQ27Z7_functions.o ./ics/BQ27Z7/gauge.o -l./device_linker.cmd -ldevice.cmd.genlibs -llibc.a --start-group -llibc++.a -llibc++abi.a -llibc.a -llibsys.a -llibsysbm.a -llibclang_rt.builtins.a -llibclang_rt.profile.a --end-group --cg_opt_level=0</command_line>
   <link_time>0x69f919a4</link_time>
   <link_errors>0x0</link_errors>
   <output_file>C:\Users\Admin\Desktop\Software code\Final Software\Insect Intel\Insect_Intel_V1.0\Debug\HW_SW_interface_CCS.out</output_file>
   <entry_point>
      <name>_c_int00_noargs</name>
      <address>0x71bd</address>
   </entry_point>
   <input_file_list>
      <input_file id="fl-1">
         <path>C:\Users\Admin\Desktop\Software code\Final Software\Insect Intel\Insect_Intel_V1.0\Debug\.\</path>
         <kind>object</kind>
         <file>ti_msp_dl_config.o</file>
         <name>ti_msp_dl_config.o</name>
      </input_file>
      <input_file id="fl-2">
         <path>C:\Users\Admin\Desktop\Software code\Final Software\Insect Intel\Insect_Intel_V1.0\Debug\.\</path>
         <kind>object</kind>
         <file>startup_mspm0g350x_ticlang.o</file>
         <name>startup_mspm0g350x_ticlang.o</name>
      </input_file>
      <input_file id="fl-3">
         <path>C:\Users\Admin\Desktop\Software code\Final Software\Insect Intel\Insect_Intel_V1.0\Debug\.\</path>
         <kind>object</kind>
         <file>functions.o</file>
         <name>functions.o</name>
      </input_file>
      <input_file id="fl-4">
         <path>C:\Users\Admin\Desktop\Software code\Final Software\Insect Intel\Insect_Intel_V1.0\Debug\.\</path>
         <kind>object</kind>
         <file>helper_functions.o</file>
         <name>helper_functions.o</name>
      </input_file>
      <input_file id="fl-5">
         <path>C:\Users\Admin\Desktop\Software code\Final Software\Insect Intel\Insect_Intel_V1.0\Debug\.\</path>
         <kind>object</kind>
         <file>main.o</file>
         <name>main.o</name>
      </input_file>
      <input_file id="fl-6">
         <path>C:\Users\Admin\Desktop\Software code\Final Software\Insect Intel\Insect_Intel_V1.0\Debug\.\</path>
         <kind>object</kind>
         <file>sm.o</file>
         <name>sm.o</name>
      </input_file>
      <input_file id="fl-7">
         <path>C:\Users\Admin\Desktop\Software code\Final Software\Insect Intel\Insect_Intel_V1.0\Debug\.\HAL\</path>
         <kind>object</kind>
         <file>i2c.o</file>
         <name>i2c.o</name>
      </input_file>
      <input_file id="fl-8">
         <path>C:\Users\Admin\Desktop\Software code\Final Software\Insect Intel\Insect_Intel_V1.0\Debug\.\HAL\</path>
         <kind>object</kind>
         <file>spi_master.o</file>
         <name>spi_master.o</name>
      </input_file>
      <input_file id="fl-9">
         <path>C:\Users\Admin\Desktop\Software code\Final Software\Insect Intel\Insect_Intel_V1.0\Debug\.\HAL\</path>
         <kind>object</kind>
         <file>uart.o</file>
         <name>uart.o</name>
      </input_file>
      <input_file id="fl-a">
         <path>C:\Users\Admin\Desktop\Software code\Final Software\Insect Intel\Insect_Intel_V1.0\Debug\.\emulation_type_b\</path>
         <kind>object</kind>
         <file>eeprom_emulation_type_b.o</file>
         <name>eeprom_emulation_type_b.o</name>
      </input_file>
      <input_file id="fl-b">
         <path>C:\Users\Admin\Desktop\Software code\Final Software\Insect Intel\Insect_Intel_V1.0\Debug\.\ics\BQ25628\</path>
         <kind>object</kind>
         <file>BQ25628_functions.o</file>
         <name>BQ25628_functions.o</name>
      </input_file>
      <input_file id="fl-c">
         <path>C:\Users\Admin\Desktop\Software code\Final Software\Insect Intel\Insect_Intel_V1.0\Debug\.\ics\BQ27Z7\</path>
         <kind>object</kind>
         <file>BQ27Z7_functions.o</file>
         <name>BQ27Z7_functions.o</name>
      </input_file>
      <input_file id="fl-d">
         <path>C:\Users\Admin\Desktop\Software code\Final Software\Insect Intel\Insect_Intel_V1.0\Debug\.\ics\BQ27Z7\</path>
         <kind>object</kind>
         <file>gauge.o</file>
         <name>gauge.o</name>
      </input_file>
      <input_file id="fl-1a">
         <path>C:\Users\Admin\Desktop\Software code\Final Software\Insect Intel\Insect_Intel_V1.0\Debug\</path>
         <kind>object</kind>
         <file>&lt;internal&gt;</file>
         <name>&lt;internal&gt;</name>
      </input_file>
      <input_file id="fl-1b">
         <path>C:\ti\mspm0_sdk_2_09_00_01\source\ti\driverlib\lib\ticlang\m0p\mspm0g1x0x_g3x0x\</path>
         <kind>archive</kind>
         <file>driverlib.a</file>
         <name>dl_common.o</name>
      </input_file>
      <input_file id="fl-1c">
         <path>C:\ti\mspm0_sdk_2_09_00_01\source\ti\driverlib\lib\ticlang\m0p\mspm0g1x0x_g3x0x\</path>
         <kind>archive</kind>
         <file>driverlib.a</file>
         <name>dl_dma.o</name>
      </input_file>
      <input_file id="fl-1d">
         <path>C:\ti\mspm0_sdk_2_09_00_01\source\ti\driverlib\lib\ticlang\m0p\mspm0g1x0x_g3x0x\</path>
         <kind>archive</kind>
         <file>driverlib.a</file>
         <name>dl_flashctl.o</name>
      </input_file>
      <input_file id="fl-1e">
         <path>C:\ti\mspm0_sdk_2_09_00_01\source\ti\driverlib\lib\ticlang\m0p\mspm0g1x0x_g3x0x\</path>
         <kind>archive</kind>
         <file>driverlib.a</file>
         <name>dl_i2c.o</name>
      </input_file>
      <input_file id="fl-1f">
         <path>C:\ti\mspm0_sdk_2_09_00_01\source\ti\driverlib\lib\ticlang\m0p\mspm0g1x0x_g3x0x\</path>
         <kind>archive</kind>
         <file>driverlib.a</file>
         <name>dl_rtc_common.o</name>
      </input_file>
      <input_file id="fl-20">
         <path>C:\ti\mspm0_sdk_2_09_00_01\source\ti\driverlib\lib\ticlang\m0p\mspm0g1x0x_g3x0x\</path>
         <kind>archive</kind>
         <file>driverlib.a</file>
         <name>dl_spi.o</name>
      </input_file>
      <input_file id="fl-21">
         <path>C:\ti\mspm0_sdk_2_09_00_01\source\ti\driverlib\lib\ticlang\m0p\mspm0g1x0x_g3x0x\</path>
         <kind>archive</kind>
         <file>driverlib.a</file>
         <name>dl_uart.o</name>
      </input_file>
      <input_file id="fl-38">
         <path>C:\ti\ccs2031\ccs\tools\compiler\ti-cgt-armllvm_4.0.4.LTS\lib\armv6m-ti-none-eabi\c\</path>
         <kind>archive</kind>
         <file>libc.a</file>
         <name>s_roundf.c.obj</name>
      </input_file>
      <input_file id="fl-39">
         <path>C:\ti\ccs2031\ccs\tools\compiler\ti-cgt-armllvm_4.0.4.LTS\lib\armv6m-ti-none-eabi\c\</path>
         <kind>archive</kind>
         <file>libc.a</file>
         <name>snprintf.c.obj</name>
      </input_file>
      <input_file id="fl-3a">
         <path>C:\ti\ccs2031\ccs\tools\compiler\ti-cgt-armllvm_4.0.4.LTS\lib\armv6m-ti-none-eabi\c\</path>
         <kind>archive</kind>
         <file>libc.a</file>
         <name>vsnprintf.c.obj</name>
      </input_file>
      <input_file id="fl-3b">
         <path>C:\ti\ccs2031\ccs\tools\compiler\ti-cgt-armllvm_4.0.4.LTS\lib\armv6m-ti-none-eabi\c\</path>
         <kind>archive</kind>
         <file>libc.a</file>
         <name>fputc.c.obj</name>
      </input_file>
      <input_file id="fl-3c">
         <path>C:\ti\ccs2031\ccs\tools\compiler\ti-cgt-armllvm_4.0.4.LTS\lib\armv6m-ti-none-eabi\c\</path>
         <kind>archive</kind>
         <file>libc.a</file>
         <name>_io_perm.c.obj</name>
      </input_file>
      <input_file id="fl-3d">
         <path>C:\ti\ccs2031\ccs\tools\compiler\ti-cgt-armllvm_4.0.4.LTS\lib\armv6m-ti-none-eabi\c\</path>
         <kind>archive</kind>
         <file>libc.a</file>
         <name>setvbuf.c.obj</name>
      </input_file>
      <input_file id="fl-3e">
         <path>C:\ti\ccs2031\ccs\tools\compiler\ti-cgt-armllvm_4.0.4.LTS\lib\armv6m-ti-none-eabi\c\</path>
         <kind>archive</kind>
         <file>libc.a</file>
         <name>strcmp-armv6m.S.obj</name>
      </input_file>
      <input_file id="fl-3f">
         <path>C:\ti\ccs2031\ccs\tools\compiler\ti-cgt-armllvm_4.0.4.LTS\lib\armv6m-ti-none-eabi\c\</path>
         <kind>archive</kind>
         <file>libc.a</file>
         <name>exit.c.obj</name>
      </input_file>
      <input_file id="fl-40">
         <path>C:\ti\ccs2031\ccs\tools\compiler\ti-cgt-armllvm_4.0.4.LTS\lib\armv6m-ti-none-eabi\c\</path>
         <kind>archive</kind>
         <file>libc.a</file>
         <name>_lock.c.obj</name>
      </input_file>
      <input_file id="fl-41">
         <path>C:\ti\ccs2031\ccs\tools\compiler\ti-cgt-armllvm_4.0.4.LTS\lib\armv6m-ti-none-eabi\c\</path>
         <kind>archive</kind>
         <file>libc.a</file>
         <name>atoi.c.obj</name>
      </input_file>
      <input_file id="fl-42">
         <path>C:\ti\ccs2031\ccs\tools\compiler\ti-cgt-armllvm_4.0.4.LTS\lib\armv6m-ti-none-eabi\c\</path>
         <kind>archive</kind>
         <file>libc.a</file>
         <name>defs.c.obj</name>
      </input_file>
      <input_file id="fl-43">
         <path>C:\ti\ccs2031\ccs\tools\compiler\ti-cgt-armllvm_4.0.4.LTS\lib\armv6m-ti-none-eabi\c\</path>
         <kind>archive</kind>
         <file>libc.a</file>
         <name>memcmp.c.obj</name>
      </input_file>
      <input_file id="fl-44">
         <path>C:\ti\ccs2031\ccs\tools\compiler\ti-cgt-armllvm_4.0.4.LTS\lib\armv6m-ti-none-eabi\c\</path>
         <kind>archive</kind>
         <file>libc.a</file>
         <name>memory.c.obj</name>
      </input_file>
      <input_file id="fl-45">
         <path>C:\ti\ccs2031\ccs\tools\compiler\ti-cgt-armllvm_4.0.4.LTS\lib\armv6m-ti-none-eabi\c\</path>
         <kind>archive</kind>
         <file>libc.a</file>
         <name>strchr.c.obj</name>
      </input_file>
      <input_file id="fl-46">
         <path>C:\ti\ccs2031\ccs\tools\compiler\ti-cgt-armllvm_4.0.4.LTS\lib\armv6m-ti-none-eabi\c\</path>
         <kind>archive</kind>
         <file>libc.a</file>
         <name>strcpy.c.obj</name>
      </input_file>
      <input_file id="fl-47">
         <path>C:\ti\ccs2031\ccs\tools\compiler\ti-cgt-armllvm_4.0.4.LTS\lib\armv6m-ti-none-eabi\c\</path>
         <kind>archive</kind>
         <file>libc.a</file>
         <name>strcspn.c.obj</name>
      </input_file>
      <input_file id="fl-48">
         <path>C:\ti\ccs2031\ccs\tools\compiler\ti-cgt-armllvm_4.0.4.LTS\lib\armv6m-ti-none-eabi\c\</path>
         <kind>archive</kind>
         <file>libc.a</file>
         <name>strlen.c.obj</name>
      </input_file>
      <input_file id="fl-49">
         <path>C:\ti\ccs2031\ccs\tools\compiler\ti-cgt-armllvm_4.0.4.LTS\lib\armv6m-ti-none-eabi\c\</path>
         <kind>archive</kind>
         <file>libc.a</file>
         <name>strncpy.c.obj</name>
      </input_file>
      <input_file id="fl-4a">
         <path>C:\ti\ccs2031\ccs\tools\compiler\ti-cgt-armllvm_4.0.4.LTS\lib\armv6m-ti-none-eabi\c\</path>
         <kind>archive</kind>
         <file>libc.a</file>
         <name>strtok.c.obj</name>
      </input_file>
      <input_file id="fl-4b">
         <path>C:\ti\ccs2031\ccs\tools\compiler\ti-cgt-armllvm_4.0.4.LTS\lib\armv6m-ti-none-eabi\c\</path>
         <kind>archive</kind>
         <file>libc.a</file>
         <name>strtoul.c.obj</name>
      </input_file>
      <input_file id="fl-4c">
         <path>C:\ti\ccs2031\ccs\tools\compiler\ti-cgt-armllvm_4.0.4.LTS\lib\armv6m-ti-none-eabi\c\</path>
         <kind>archive</kind>
         <file>libc.a</file>
         <name>boot_cortex_m.c.obj</name>
      </input_file>
      <input_file id="fl-4d">
         <path>C:\ti\ccs2031\ccs\tools\compiler\ti-cgt-armllvm_4.0.4.LTS\lib\armv6m-ti-none-eabi\c\</path>
         <kind>archive</kind>
         <file>libc.a</file>
         <name>mathacl_init.c.obj</name>
      </input_file>
      <input_file id="fl-4e">
         <path>C:\ti\ccs2031\ccs\tools\compiler\ti-cgt-armllvm_4.0.4.LTS\lib\armv6m-ti-none-eabi\c\</path>
         <kind>archive</kind>
         <file>libc.a</file>
         <name>autoinit.c.obj</name>
      </input_file>
      <input_file id="fl-4f">
         <path>C:\ti\ccs2031\ccs\tools\compiler\ti-cgt-armllvm_4.0.4.LTS\lib\armv6m-ti-none-eabi\c\</path>
         <kind>archive</kind>
         <file>libc.a</file>
         <name>pre_init.c.obj</name>
      </input_file>
      <input_file id="fl-50">
         <path>C:\ti\ccs2031\ccs\tools\compiler\ti-cgt-armllvm_4.0.4.LTS\lib\armv6m-ti-none-eabi\c\</path>
         <kind>archive</kind>
         <file>libc.a</file>
         <name>cpy_tbl.c.obj</name>
      </input_file>
      <input_file id="fl-51">
         <path>C:\ti\ccs2031\ccs\tools\compiler\ti-cgt-armllvm_4.0.4.LTS\lib\armv6m-ti-none-eabi\c\</path>
         <kind>archive</kind>
         <file>libc.a</file>
         <name>copy_zero_init.c.obj</name>
      </input_file>
      <input_file id="fl-52">
         <path>C:\ti\ccs2031\ccs\tools\compiler\ti-cgt-armllvm_4.0.4.LTS\lib\armv6m-ti-none-eabi\c\</path>
         <kind>archive</kind>
         <file>libc.a</file>
         <name>copy_decompress_none.c.obj</name>
      </input_file>
      <input_file id="fl-53">
         <path>C:\ti\ccs2031\ccs\tools\compiler\ti-cgt-armllvm_4.0.4.LTS\lib\armv6m-ti-none-eabi\c\</path>
         <kind>archive</kind>
         <file>libc.a</file>
         <name>copy_decompress_lzss.c.obj</name>
      </input_file>
      <input_file id="fl-54">
         <path>C:\ti\ccs2031\ccs\tools\compiler\ti-cgt-armllvm_4.0.4.LTS\lib\armv6m-ti-none-eabi\c\</path>
         <kind>archive</kind>
         <file>libc.a</file>
         <name>s_floorf.c.obj</name>
      </input_file>
      <input_file id="fl-55">
         <path>C:\ti\ccs2031\ccs\tools\compiler\ti-cgt-armllvm_4.0.4.LTS\lib\armv6m-ti-none-eabi\c\</path>
         <kind>archive</kind>
         <file>libc.a</file>
         <name>_printfi.c.obj</name>
      </input_file>
      <input_file id="fl-56">
         <path>C:\ti\ccs2031\ccs\tools\compiler\ti-cgt-armllvm_4.0.4.LTS\lib\armv6m-ti-none-eabi\c\</path>
         <kind>archive</kind>
         <file>libc.a</file>
         <name>fflush.c.obj</name>
      </input_file>
      <input_file id="fl-57">
         <path>C:\ti\ccs2031\ccs\tools\compiler\ti-cgt-armllvm_4.0.4.LTS\lib\armv6m-ti-none-eabi\c\</path>
         <kind>archive</kind>
         <file>libc.a</file>
         <name>fopen.c.obj</name>
      </input_file>
      <input_file id="fl-58">
         <path>C:\ti\ccs2031\ccs\tools\compiler\ti-cgt-armllvm_4.0.4.LTS\lib\armv6m-ti-none-eabi\c\</path>
         <kind>archive</kind>
         <file>libc.a</file>
         <name>fseek.c.obj</name>
      </input_file>
      <input_file id="fl-59">
         <path>C:\ti\ccs2031\ccs\tools\compiler\ti-cgt-armllvm_4.0.4.LTS\lib\armv6m-ti-none-eabi\c\</path>
         <kind>archive</kind>
         <file>libc.a</file>
         <name>aeabi_ctype.S.obj</name>
      </input_file>
      <input_file id="fl-5a">
         <path>C:\ti\ccs2031\ccs\tools\compiler\ti-cgt-armllvm_4.0.4.LTS\lib\armv6m-ti-none-eabi\c\</path>
         <kind>archive</kind>
         <file>libc.a</file>
         <name>aeabi_portable.c.obj</name>
      </input_file>
      <input_file id="fl-5b">
         <path>C:\ti\ccs2031\ccs\tools\compiler\ti-cgt-armllvm_4.0.4.LTS\lib\armv6m-ti-none-eabi\c\</path>
         <kind>archive</kind>
         <file>libc.a</file>
         <name>_ltoa.c.obj</name>
      </input_file>
      <input_file id="fl-5c">
         <path>C:\ti\ccs2031\ccs\tools\compiler\ti-cgt-armllvm_4.0.4.LTS\lib\armv6m-ti-none-eabi\c\</path>
         <kind>archive</kind>
         <file>libc.a</file>
         <name>args_main.c.obj</name>
      </input_file>
      <input_file id="fl-5d">
         <path>C:\ti\ccs2031\ccs\tools\compiler\ti-cgt-armllvm_4.0.4.LTS\lib\armv6m-ti-none-eabi\c\</path>
         <kind>archive</kind>
         <file>libc.a</file>
         <name>assert.c.obj</name>
      </input_file>
      <input_file id="fl-5e">
         <path>C:\ti\ccs2031\ccs\tools\compiler\ti-cgt-armllvm_4.0.4.LTS\lib\armv6m-ti-none-eabi\c\</path>
         <kind>archive</kind>
         <file>libc.a</file>
         <name>memccpy.c.obj</name>
      </input_file>
      <input_file id="fl-5f">
         <path>C:\ti\ccs2031\ccs\tools\compiler\ti-cgt-armllvm_4.0.4.LTS\lib\armv6m-ti-none-eabi\c\</path>
         <kind>archive</kind>
         <file>libc.a</file>
         <name>strspn.c.obj</name>
      </input_file>
      <input_file id="fl-60">
         <path>C:\ti\ccs2031\ccs\tools\compiler\ti-cgt-armllvm_4.0.4.LTS\lib\armv6m-ti-none-eabi\c\</path>
         <kind>archive</kind>
         <file>libc.a</file>
         <name>s_frexp.c.obj</name>
      </input_file>
      <input_file id="fl-61">
         <path>C:\ti\ccs2031\ccs\tools\compiler\ti-cgt-armllvm_4.0.4.LTS\lib\armv6m-ti-none-eabi\c\</path>
         <kind>archive</kind>
         <file>libc.a</file>
         <name>s_scalbn.c.obj</name>
      </input_file>
      <input_file id="fl-62">
         <path>C:\ti\ccs2031\ccs\tools\compiler\ti-cgt-armllvm_4.0.4.LTS\lib\armv6m-ti-none-eabi\c\</path>
         <kind>archive</kind>
         <file>libc.a</file>
         <name>wcslen.c.obj</name>
      </input_file>
      <input_file id="fl-63">
         <path>C:\ti\ccs2031\ccs\tools\compiler\ti-cgt-armllvm_4.0.4.LTS\lib\armv6m-ti-none-eabi\c\</path>
         <kind>archive</kind>
         <file>libc.a</file>
         <name>sprintf.c.obj</name>
      </input_file>
      <input_file id="fl-64">
         <path>C:\ti\ccs2031\ccs\tools\compiler\ti-cgt-armllvm_4.0.4.LTS\lib\armv6m-ti-none-eabi\c\</path>
         <kind>archive</kind>
         <file>libc.a</file>
         <name>fclose.c.obj</name>
      </input_file>
      <input_file id="fl-65">
         <path>C:\ti\ccs2031\ccs\tools\compiler\ti-cgt-armllvm_4.0.4.LTS\lib\armv6m-ti-none-eabi\c\</path>
         <kind>archive</kind>
         <file>libc.a</file>
         <name>fputs.c.obj</name>
      </input_file>
      <input_file id="fl-105">
         <path>C:\ti\ccs2031\ccs\tools\compiler\ti-cgt-armllvm_4.0.4.LTS\lib\armv6m-ti-none-eabi\c\</path>
         <kind>archive</kind>
         <file>libsysbm.a</file>
         <name>hostexit.c.obj</name>
      </input_file>
      <input_file id="fl-106">
         <path>C:\ti\ccs2031\ccs\tools\compiler\ti-cgt-armllvm_4.0.4.LTS\lib\armv6m-ti-none-eabi\c\</path>
         <kind>archive</kind>
         <file>libsysbm.a</file>
         <name>write.c.obj</name>
      </input_file>
      <input_file id="fl-107">
         <path>C:\ti\ccs2031\ccs\tools\compiler\ti-cgt-armllvm_4.0.4.LTS\lib\armv6m-ti-none-eabi\c\</path>
         <kind>archive</kind>
         <file>libsysbm.a</file>
         <name>host_device.c.obj</name>
      </input_file>
      <input_file id="fl-108">
         <path>C:\ti\ccs2031\ccs\tools\compiler\ti-cgt-armllvm_4.0.4.LTS\lib\armv6m-ti-none-eabi\c\</path>
         <kind>archive</kind>
         <file>libsysbm.a</file>
         <name>remove.c.obj</name>
      </input_file>
      <input_file id="fl-109">
         <path>C:\ti\ccs2031\ccs\tools\compiler\ti-cgt-armllvm_4.0.4.LTS\lib\armv6m-ti-none-eabi\c\</path>
         <kind>archive</kind>
         <file>libsysbm.a</file>
         <name>open.c.obj</name>
      </input_file>
      <input_file id="fl-10a">
         <path>C:\ti\ccs2031\ccs\tools\compiler\ti-cgt-armllvm_4.0.4.LTS\lib\armv6m-ti-none-eabi\c\</path>
         <kind>archive</kind>
         <file>libsysbm.a</file>
         <name>lseek.c.obj</name>
      </input_file>
      <input_file id="fl-10b">
         <path>C:\ti\ccs2031\ccs\tools\compiler\ti-cgt-armllvm_4.0.4.LTS\lib\armv6m-ti-none-eabi\c\</path>
         <kind>archive</kind>
         <file>libsysbm.a</file>
         <name>close.c.obj</name>
      </input_file>
      <input_file id="fl-10c">
         <path>C:\ti\ccs2031\ccs\tools\compiler\ti-cgt-armllvm_4.0.4.LTS\lib\armv6m-ti-none-eabi\c\</path>
         <kind>archive</kind>
         <file>libsysbm.a</file>
         <name>unlink.c.obj</name>
      </input_file>
      <input_file id="fl-10d">
         <path>C:\ti\ccs2031\ccs\tools\compiler\ti-cgt-armllvm_4.0.4.LTS\lib\armv6m-ti-none-eabi\c\</path>
         <kind>archive</kind>
         <file>libsysbm.a</file>
         <name>hostclose.c.obj</name>
      </input_file>
      <input_file id="fl-10e">
         <path>C:\ti\ccs2031\ccs\tools\compiler\ti-cgt-armllvm_4.0.4.LTS\lib\armv6m-ti-none-eabi\c\</path>
         <kind>archive</kind>
         <file>libsysbm.a</file>
         <name>hostlseek.c.obj</name>
      </input_file>
      <input_file id="fl-10f">
         <path>C:\ti\ccs2031\ccs\tools\compiler\ti-cgt-armllvm_4.0.4.LTS\lib\armv6m-ti-none-eabi\c\</path>
         <kind>archive</kind>
         <file>libsysbm.a</file>
         <name>hostopen.c.obj</name>
      </input_file>
      <input_file id="fl-110">
         <path>C:\ti\ccs2031\ccs\tools\compiler\ti-cgt-armllvm_4.0.4.LTS\lib\armv6m-ti-none-eabi\c\</path>
         <kind>archive</kind>
         <file>libsysbm.a</file>
         <name>hostread.c.obj</name>
      </input_file>
      <input_file id="fl-111">
         <path>C:\ti\ccs2031\ccs\tools\compiler\ti-cgt-armllvm_4.0.4.LTS\lib\armv6m-ti-none-eabi\c\</path>
         <kind>archive</kind>
         <file>libsysbm.a</file>
         <name>hostrename.c.obj</name>
      </input_file>
      <input_file id="fl-112">
         <path>C:\ti\ccs2031\ccs\tools\compiler\ti-cgt-armllvm_4.0.4.LTS\lib\armv6m-ti-none-eabi\c\</path>
         <kind>archive</kind>
         <file>libsysbm.a</file>
         <name>hostunlink.c.obj</name>
      </input_file>
      <input_file id="fl-113">
         <path>C:\ti\ccs2031\ccs\tools\compiler\ti-cgt-armllvm_4.0.4.LTS\lib\armv6m-ti-none-eabi\c\</path>
         <kind>archive</kind>
         <file>libsysbm.a</file>
         <name>hostwrite.c.obj</name>
      </input_file>
      <input_file id="fl-114">
         <path>C:\ti\ccs2031\ccs\tools\compiler\ti-cgt-armllvm_4.0.4.LTS\lib\armv6m-ti-none-eabi\c\</path>
         <kind>archive</kind>
         <file>libsysbm.a</file>
         <name>trgmsg.c.obj</name>
      </input_file>
      <input_file id="fl-115">
         <path>C:\ti\ccs2031\ccs\tools\compiler\ti-cgt-armllvm_4.0.4.LTS\lib\armv6m-ti-none-eabi\</path>
         <kind>archive</kind>
         <file>libclang_rt.builtins.a</file>
         <name>addsf3.S.obj</name>
      </input_file>
      <input_file id="fl-116">
         <path>C:\ti\ccs2031\ccs\tools\compiler\ti-cgt-armllvm_4.0.4.LTS\lib\armv6m-ti-none-eabi\</path>
         <kind>archive</kind>
         <file>libclang_rt.builtins.a</file>
         <name>adddf3.S.obj</name>
      </input_file>
      <input_file id="fl-117">
         <path>C:\ti\ccs2031\ccs\tools\compiler\ti-cgt-armllvm_4.0.4.LTS\lib\armv6m-ti-none-eabi\</path>
         <kind>archive</kind>
         <file>libclang_rt.builtins.a</file>
         <name>muldf3.S.obj</name>
      </input_file>
      <input_file id="fl-118">
         <path>C:\ti\ccs2031\ccs\tools\compiler\ti-cgt-armllvm_4.0.4.LTS\lib\armv6m-ti-none-eabi\</path>
         <kind>archive</kind>
         <file>libclang_rt.builtins.a</file>
         <name>muldsi3.S.obj</name>
      </input_file>
      <input_file id="fl-119">
         <path>C:\ti\ccs2031\ccs\tools\compiler\ti-cgt-armllvm_4.0.4.LTS\lib\armv6m-ti-none-eabi\</path>
         <kind>archive</kind>
         <file>libclang_rt.builtins.a</file>
         <name>mulsf3.S.obj</name>
      </input_file>
      <input_file id="fl-11a">
         <path>C:\ti\ccs2031\ccs\tools\compiler\ti-cgt-armllvm_4.0.4.LTS\lib\armv6m-ti-none-eabi\</path>
         <kind>archive</kind>
         <file>libclang_rt.builtins.a</file>
         <name>divsf3.S.obj</name>
      </input_file>
      <input_file id="fl-11b">
         <path>C:\ti\ccs2031\ccs\tools\compiler\ti-cgt-armllvm_4.0.4.LTS\lib\armv6m-ti-none-eabi\</path>
         <kind>archive</kind>
         <file>libclang_rt.builtins.a</file>
         <name>divdf3.S.obj</name>
      </input_file>
      <input_file id="fl-11c">
         <path>C:\ti\ccs2031\ccs\tools\compiler\ti-cgt-armllvm_4.0.4.LTS\lib\armv6m-ti-none-eabi\</path>
         <kind>archive</kind>
         <file>libclang_rt.builtins.a</file>
         <name>extendsfdf2.S.obj</name>
      </input_file>
      <input_file id="fl-11d">
         <path>C:\ti\ccs2031\ccs\tools\compiler\ti-cgt-armllvm_4.0.4.LTS\lib\armv6m-ti-none-eabi\</path>
         <kind>archive</kind>
         <file>libclang_rt.builtins.a</file>
         <name>fixdfsi.S.obj</name>
      </input_file>
      <input_file id="fl-11e">
         <path>C:\ti\ccs2031\ccs\tools\compiler\ti-cgt-armllvm_4.0.4.LTS\lib\armv6m-ti-none-eabi\</path>
         <kind>archive</kind>
         <file>libclang_rt.builtins.a</file>
         <name>fixsfsi.S.obj</name>
      </input_file>
      <input_file id="fl-11f">
         <path>C:\ti\ccs2031\ccs\tools\compiler\ti-cgt-armllvm_4.0.4.LTS\lib\armv6m-ti-none-eabi\</path>
         <kind>archive</kind>
         <file>libclang_rt.builtins.a</file>
         <name>floatsidf.S.obj</name>
      </input_file>
      <input_file id="fl-120">
         <path>C:\ti\ccs2031\ccs\tools\compiler\ti-cgt-armllvm_4.0.4.LTS\lib\armv6m-ti-none-eabi\</path>
         <kind>archive</kind>
         <file>libclang_rt.builtins.a</file>
         <name>floatsisf.S.obj</name>
      </input_file>
      <input_file id="fl-121">
         <path>C:\ti\ccs2031\ccs\tools\compiler\ti-cgt-armllvm_4.0.4.LTS\lib\armv6m-ti-none-eabi\</path>
         <kind>archive</kind>
         <file>libclang_rt.builtins.a</file>
         <name>muldi3.S.obj</name>
      </input_file>
      <input_file id="fl-122">
         <path>C:\ti\ccs2031\ccs\tools\compiler\ti-cgt-armllvm_4.0.4.LTS\lib\armv6m-ti-none-eabi\</path>
         <kind>archive</kind>
         <file>libclang_rt.builtins.a</file>
         <name>aeabi_dcmp.S.obj</name>
      </input_file>
      <input_file id="fl-123">
         <path>C:\ti\ccs2031\ccs\tools\compiler\ti-cgt-armllvm_4.0.4.LTS\lib\armv6m-ti-none-eabi\</path>
         <kind>archive</kind>
         <file>libclang_rt.builtins.a</file>
         <name>aeabi_fcmp.S.obj</name>
      </input_file>
      <input_file id="fl-124">
         <path>C:\ti\ccs2031\ccs\tools\compiler\ti-cgt-armllvm_4.0.4.LTS\lib\armv6m-ti-none-eabi\</path>
         <kind>archive</kind>
         <file>libclang_rt.builtins.a</file>
         <name>aeabi_idivmod.S.obj</name>
      </input_file>
      <input_file id="fl-125">
         <path>C:\ti\ccs2031\ccs\tools\compiler\ti-cgt-armllvm_4.0.4.LTS\lib\armv6m-ti-none-eabi\</path>
         <kind>archive</kind>
         <file>libclang_rt.builtins.a</file>
         <name>aeabi_memcpy.S.obj</name>
      </input_file>
      <input_file id="fl-126">
         <path>C:\ti\ccs2031\ccs\tools\compiler\ti-cgt-armllvm_4.0.4.LTS\lib\armv6m-ti-none-eabi\</path>
         <kind>archive</kind>
         <file>libclang_rt.builtins.a</file>
         <name>aeabi_memset.S.obj</name>
      </input_file>
      <input_file id="fl-127">
         <path>C:\ti\ccs2031\ccs\tools\compiler\ti-cgt-armllvm_4.0.4.LTS\lib\armv6m-ti-none-eabi\</path>
         <kind>archive</kind>
         <file>libclang_rt.builtins.a</file>
         <name>aeabi_uidivmod.S.obj</name>
      </input_file>
      <input_file id="fl-128">
         <path>C:\ti\ccs2031\ccs\tools\compiler\ti-cgt-armllvm_4.0.4.LTS\lib\armv6m-ti-none-eabi\</path>
         <kind>archive</kind>
         <file>libclang_rt.builtins.a</file>
         <name>aeabi_uldivmod.S.obj</name>
      </input_file>
      <input_file id="fl-129">
         <path>C:\ti\ccs2031\ccs\tools\compiler\ti-cgt-armllvm_4.0.4.LTS\lib\armv6m-ti-none-eabi\</path>
         <kind>archive</kind>
         <file>libclang_rt.builtins.a</file>
         <name>comparesf2.S.obj</name>
      </input_file>
      <input_file id="fl-12a">
         <path>C:\ti\ccs2031\ccs\tools\compiler\ti-cgt-armllvm_4.0.4.LTS\lib\armv6m-ti-none-eabi\</path>
         <kind>archive</kind>
         <file>libclang_rt.builtins.a</file>
         <name>udivmoddi4.S.obj</name>
      </input_file>
      <input_file id="fl-12b">
         <path>C:\ti\ccs2031\ccs\tools\compiler\ti-cgt-armllvm_4.0.4.LTS\lib\armv6m-ti-none-eabi\</path>
         <kind>archive</kind>
         <file>libclang_rt.builtins.a</file>
         <name>ashldi3.S.obj</name>
      </input_file>
      <input_file id="fl-12c">
         <path>C:\ti\ccs2031\ccs\tools\compiler\ti-cgt-armllvm_4.0.4.LTS\lib\armv6m-ti-none-eabi\</path>
         <kind>archive</kind>
         <file>libclang_rt.builtins.a</file>
         <name>comparedf2.c.obj</name>
      </input_file>
      <input_file id="fl-12d">
         <path>C:\ti\ccs2031\ccs\tools\compiler\ti-cgt-armllvm_4.0.4.LTS\lib\armv6m-ti-none-eabi\</path>
         <kind>archive</kind>
         <file>libclang_rt.builtins.a</file>
         <name>aeabi_div0.c.obj</name>
      </input_file>
      <input_file id="fl-12e">
         <path>C:\ti\ccs2031\ccs\tools\compiler\ti-cgt-armllvm_4.0.4.LTS\lib\armv6m-ti-none-eabi\c\</path>
         <kind>archive</kind>
         <file>libc.a</file>
         <name>getdevice.c.obj</name>
      </input_file>
      <input_file id="fl-12f">
         <path>C:\ti\ccs2031\ccs\tools\compiler\ti-cgt-armllvm_4.0.4.LTS\lib\armv6m-ti-none-eabi\c\</path>
         <kind>archive</kind>
         <file>libc.a</file>
         <name>memcpy16.S.obj</name>
      </input_file>
      <input_file id="fl-130">
         <path>C:\ti\ccs2031\ccs\tools\compiler\ti-cgt-armllvm_4.0.4.LTS\lib\armv6m-ti-none-eabi\c\</path>
         <kind>archive</kind>
         <file>libc.a</file>
         <name>memset16.S.obj</name>
      </input_file>
   </input_file_list>
   <object_component_list>
      <object_component id="oc-18">
         <name>.intvecs</name>
         <load_address>0x0</load_address>
         <readonly>true</readonly>
         <run_address>0x0</run_address>
         <size>0xc0</size>
         <alignment>0x4</alignment>
         <input_file_ref idref="fl-2"/>
      </object_component>
      <object_component id="oc-428">
         <name>.text:__TI_printfi</name>
         <load_address>0xc0</load_address>
         <readonly>true</readonly>
         <executable>true</executable>
         <run_address>0xc0</run_address>
         <size>0x9d0</size>
         <alignment>0x4</alignment>
         <input_file_ref idref="fl-55"/>
      </object_component>
      <object_component id="oc-cc">
         <name>.text.SM_Run</name>
         <load_address>0xa90</load_address>
         <readonly>true</readonly>
         <executable>true</executable>
         <run_address>0xa90</run_address>
         <size>0x728</size>
         <alignment>0x4</alignment>
         <input_file_ref idref="fl-6"/>
      </object_component>
      <object_component id="oc-112">
         <name>.text.cmd_gauge</name>
         <load_address>0x11b8</load_address>
         <readonly>true</readonly>
         <executable>true</executable>
         <run_address>0x11b8</run_address>
         <size>0x524</size>
         <alignment>0x4</alignment>
         <input_file_ref idref="fl-3"/>
      </object_component>
      <object_component id="oc-115">
         <name>.text.cmd_sm</name>
         <load_address>0x16dc</load_address>
         <readonly>true</readonly>
         <executable>true</executable>
         <run_address>0x16dc</run_address>
         <size>0x48c</size>
         <alignment>0x4</alignment>
         <input_file_ref idref="fl-3"/>
      </object_component>
      <object_component id="oc-cd">
         <name>.text.Run_Legacy_Monitors</name>
         <load_address>0x1b68</load_address>
         <readonly>true</readonly>
         <executable>true</executable>
         <run_address>0x1b68</run_address>
         <size>0x3b4</size>
         <alignment>0x4</alignment>
         <input_file_ref idref="fl-3"/>
      </object_component>
      <object_component id="oc-3f7">
         <name>.text.SM_PrepareTelemetryResponse</name>
         <load_address>0x1f1c</load_address>
         <readonly>true</readonly>
         <executable>true</executable>
         <run_address>0x1f1c</run_address>
         <size>0x278</size>
         <alignment>0x4</alignment>
         <input_file_ref idref="fl-6"/>
      </object_component>
      <object_component id="oc-10f">
         <name>.text.cmd_bq</name>
         <load_address>0x2194</load_address>
         <readonly>true</readonly>
         <executable>true</executable>
         <run_address>0x2194</run_address>
         <size>0x26c</size>
         <alignment>0x4</alignment>
         <input_file_ref idref="fl-3"/>
      </object_component>
      <object_component id="oc-464">
         <name>.text._pconv_a</name>
         <load_address>0x2400</load_address>
         <readonly>true</readonly>
         <executable>true</executable>
         <run_address>0x2400</run_address>
         <size>0x220</size>
         <alignment>0x4</alignment>
         <input_file_ref idref="fl-55"/>
      </object_component>
      <object_component id="oc-191">
         <name>.text.BQ25628E_UpdateTelemetry</name>
         <load_address>0x2620</load_address>
         <readonly>true</readonly>
         <executable>true</executable>
         <run_address>0x2620</run_address>
         <size>0x1fc</size>
         <alignment>0x4</alignment>
         <input_file_ref idref="fl-b"/>
      </object_component>
      <object_component id="oc-469">
         <name>.text._pconv_g</name>
         <load_address>0x281c</load_address>
         <readonly>true</readonly>
         <executable>true</executable>
         <run_address>0x281c</run_address>
         <size>0x1dc</size>
         <alignment>0x4</alignment>
         <input_file_ref idref="fl-55"/>
      </object_component>
      <object_component id="oc-f6">
         <name>.text.SYSCFG_DL_GPIO_init</name>
         <load_address>0x29f8</load_address>
         <readonly>true</readonly>
         <executable>true</executable>
         <run_address>0x29f8</run_address>
         <size>0x1a8</size>
         <alignment>0x4</alignment>
         <input_file_ref idref="fl-1"/>
      </object_component>
      <object_component id="oc-4af">
         <name>.text.adddf3_subdf3</name>
         <load_address>0x2ba0</load_address>
         <readonly>true</readonly>
         <executable>true</executable>
         <run_address>0x2ba0</run_address>
         <size>0x192</size>
         <alignment>0x4</alignment>
         <input_file_ref idref="fl-116"/>
      </object_component>
      <object_component id="oc-429">
         <name>.text.__aeabi_idiv0</name>
         <load_address>0x2d32</load_address>
         <readonly>true</readonly>
         <executable>true</executable>
         <run_address>0x2d32</run_address>
         <size>0x2</size>
         <alignment>0x2</alignment>
         <input_file_ref idref="fl-12d"/>
      </object_component>
      <object_component id="oc-176">
         <name>.text.SM_DecodeBatterySafetyStatus</name>
         <load_address>0x2d34</load_address>
         <readonly>true</readonly>
         <executable>true</executable>
         <run_address>0x2d34</run_address>
         <size>0x18c</size>
         <alignment>0x4</alignment>
         <input_file_ref idref="fl-6"/>
      </object_component>
      <object_component id="oc-39e">
         <name>.text.I2C_ReadDevice</name>
         <load_address>0x2ec0</load_address>
         <readonly>true</readonly>
         <executable>true</executable>
         <run_address>0x2ec0</run_address>
         <size>0x184</size>
         <alignment>0x4</alignment>
         <input_file_ref idref="fl-7"/>
      </object_component>
      <object_component id="oc-106">
         <name>.text.cmd_pwr</name>
         <load_address>0x3044</load_address>
         <readonly>true</readonly>
         <executable>true</executable>
         <run_address>0x3044</run_address>
         <size>0x14c</size>
         <alignment>0x4</alignment>
         <input_file_ref idref="fl-3"/>
      </object_component>
      <object_component id="oc-399">
         <name>.text._calculateTempFromRt</name>
         <load_address>0x3190</load_address>
         <readonly>true</readonly>
         <executable>true</executable>
         <run_address>0x3190</run_address>
         <size>0x144</size>
         <alignment>0x4</alignment>
         <input_file_ref idref="fl-b"/>
      </object_component>
      <object_component id="oc-4b3">
         <name>.text.fcvt</name>
         <load_address>0x32d4</load_address>
         <readonly>true</readonly>
         <executable>true</executable>
         <run_address>0x32d4</run_address>
         <size>0x13c</size>
         <alignment>0x4</alignment>
         <input_file_ref idref="fl-55"/>
      </object_component>
      <object_component id="oc-361">
         <name>.text.SM_HandleConfig</name>
         <load_address>0x3410</load_address>
         <readonly>true</readonly>
         <executable>true</executable>
         <run_address>0x3410</run_address>
         <size>0x134</size>
         <alignment>0x4</alignment>
         <input_file_ref idref="fl-6"/>
      </object_component>
      <object_component id="oc-46b">
         <name>.text._pconv_e</name>
         <load_address>0x3544</load_address>
         <readonly>true</readonly>
         <executable>true</executable>
         <run_address>0x3544</run_address>
         <size>0x120</size>
         <alignment>0x4</alignment>
         <input_file_ref idref="fl-55"/>
      </object_component>
      <object_component id="oc-37a">
         <name>.text.BQ27Z746_MAC_Read</name>
         <load_address>0x3664</load_address>
         <readonly>true</readonly>
         <executable>true</executable>
         <run_address>0x3664</run_address>
         <size>0x118</size>
         <alignment>0x2</alignment>
         <input_file_ref idref="fl-c"/>
      </object_component>
      <object_component id="oc-34d">
         <name>.text.SM_ProcessFault</name>
         <load_address>0x377c</load_address>
         <readonly>true</readonly>
         <executable>true</executable>
         <run_address>0x377c</run_address>
         <size>0x10c</size>
         <alignment>0x4</alignment>
         <input_file_ref idref="fl-6"/>
      </object_component>
      <object_component id="oc-78">
         <name>.text.Shared_I2C_IRQHandler</name>
         <load_address>0x3888</load_address>
         <readonly>true</readonly>
         <executable>true</executable>
         <run_address>0x3888</run_address>
         <size>0x10c</size>
         <alignment>0x4</alignment>
         <input_file_ref idref="fl-7"/>
      </object_component>
      <object_component id="oc-4ab">
         <name>.text.__divdf3</name>
         <load_address>0x3994</load_address>
         <readonly>true</readonly>
         <executable>true</executable>
         <run_address>0x3994</run_address>
         <size>0x10c</size>
         <alignment>0x4</alignment>
         <input_file_ref idref="fl-11b"/>
      </object_component>
      <object_component id="oc-41c">
         <name>.text.I2C_WriteDevice</name>
         <load_address>0x3aa0</load_address>
         <readonly>true</readonly>
         <executable>true</executable>
         <run_address>0x3aa0</run_address>
         <size>0x108</size>
         <alignment>0x4</alignment>
         <input_file_ref idref="fl-7"/>
      </object_component>
      <object_component id="oc-10c">
         <name>.text.cmd_hall</name>
         <load_address>0x3ba8</load_address>
         <readonly>true</readonly>
         <executable>true</executable>
         <run_address>0x3ba8</run_address>
         <size>0x108</size>
         <alignment>0x4</alignment>
         <input_file_ref idref="fl-3"/>
      </object_component>
      <object_component id="oc-15d">
         <name>.text.SM_FetchPowerContext</name>
         <load_address>0x3cb0</load_address>
         <readonly>true</readonly>
         <executable>true</executable>
         <run_address>0x3cb0</run_address>
         <size>0xf8</size>
         <alignment>0x4</alignment>
         <input_file_ref idref="fl-6"/>
      </object_component>
      <object_component id="oc-49b">
         <name>.text.__muldf3</name>
         <load_address>0x3da8</load_address>
         <readonly>true</readonly>
         <executable>true</executable>
         <run_address>0x3da8</run_address>
         <size>0xe4</size>
         <alignment>0x4</alignment>
         <input_file_ref idref="fl-117"/>
      </object_component>
      <object_component id="oc-109">
         <name>.text.cmd_i2cscan</name>
         <load_address>0x3e8c</load_address>
         <readonly>true</readonly>
         <executable>true</executable>
         <run_address>0x3e8c</run_address>
         <size>0xe4</size>
         <alignment>0x4</alignment>
         <input_file_ref idref="fl-3"/>
      </object_component>
      <object_component id="oc-28a">
         <name>.text.print_battery_status</name>
         <load_address>0x3f70</load_address>
         <readonly>true</readonly>
         <executable>true</executable>
         <run_address>0x3f70</run_address>
         <size>0xe0</size>
         <alignment>0x4</alignment>
         <input_file_ref idref="fl-3"/>
      </object_component>
      <object_component id="oc-cb">
         <name>.text.CLI_ProcessInput</name>
         <load_address>0x4050</load_address>
         <readonly>true</readonly>
         <executable>true</executable>
         <run_address>0x4050</run_address>
         <size>0xd8</size>
         <alignment>0x4</alignment>
         <input_file_ref idref="fl-9"/>
      </object_component>
      <object_component id="oc-48a">
         <name>.text.scalbn</name>
         <load_address>0x4128</load_address>
         <readonly>true</readonly>
         <executable>true</executable>
         <run_address>0x4128</run_address>
         <size>0xd8</size>
         <alignment>0x4</alignment>
         <input_file_ref idref="fl-61"/>
      </object_component>
      <object_component id="oc-391">
         <name>.text</name>
         <load_address>0x4200</load_address>
         <readonly>true</readonly>
         <executable>true</executable>
         <run_address>0x4200</run_address>
         <size>0xd8</size>
         <alignment>0x4</alignment>
         <input_file_ref idref="fl-115"/>
      </object_component>
      <object_component id="oc-146">
         <name>.text.I2C_TryAddress</name>
         <load_address>0x42d8</load_address>
         <readonly>true</readonly>
         <executable>true</executable>
         <run_address>0x42d8</run_address>
         <size>0xd4</size>
         <alignment>0x4</alignment>
         <input_file_ref idref="fl-7"/>
      </object_component>
      <object_component id="oc-3fc">
         <name>.text.RTC_SetTime</name>
         <load_address>0x43ac</load_address>
         <readonly>true</readonly>
         <executable>true</executable>
         <run_address>0x43ac</run_address>
         <size>0xcc</size>
         <alignment>0x4</alignment>
         <input_file_ref idref="fl-6"/>
      </object_component>
      <object_component id="oc-73">
         <name>.text.UARTReceive</name>
         <load_address>0x4478</load_address>
         <readonly>true</readonly>
         <executable>true</executable>
         <run_address>0x4478</run_address>
         <size>0xb4</size>
         <alignment>0x4</alignment>
         <input_file_ref idref="fl-9"/>
      </object_component>
      <object_component id="oc-22b">
         <name>.text.DL_RTC_Common_initCalendar</name>
         <load_address>0x452c</load_address>
         <readonly>true</readonly>
         <executable>true</executable>
         <run_address>0x452c</run_address>
         <size>0xa4</size>
         <alignment>0x4</alignment>
         <input_file_ref idref="fl-1f"/>
      </object_component>
      <object_component id="oc-481">
         <name>.text</name>
         <load_address>0x45d0</load_address>
         <readonly>true</readonly>
         <executable>true</executable>
         <run_address>0x45d0</run_address>
         <size>0xa2</size>
         <alignment>0x4</alignment>
         <input_file_ref idref="fl-12a"/>
      </object_component>
      <object_component id="oc-4b5">
         <name>.text.__aeabi_ldiv0</name>
         <load_address>0x4672</load_address>
         <readonly>true</readonly>
         <executable>true</executable>
         <run_address>0x4672</run_address>
         <size>0x2</size>
         <alignment>0x2</alignment>
         <input_file_ref idref="fl-12d"/>
      </object_component>
      <object_component id="oc-bd">
         <name>.text.setupCLI</name>
         <load_address>0x4674</load_address>
         <readonly>true</readonly>
         <executable>true</executable>
         <run_address>0x4674</run_address>
         <size>0xa0</size>
         <alignment>0x4</alignment>
         <input_file_ref idref="fl-5"/>
      </object_component>
      <object_component id="oc-197">
         <name>.text.BQ27Z746_UpdateTelemetry</name>
         <load_address>0x4714</load_address>
         <readonly>true</readonly>
         <executable>true</executable>
         <run_address>0x4714</run_address>
         <size>0x9c</size>
         <alignment>0x4</alignment>
         <input_file_ref idref="fl-c"/>
      </object_component>
      <object_component id="oc-16c">
         <name>.text.SPI_Controller_Arm</name>
         <load_address>0x47b0</load_address>
         <readonly>true</readonly>
         <executable>true</executable>
         <run_address>0x47b0</run_address>
         <size>0x8c</size>
         <alignment>0x4</alignment>
         <input_file_ref idref="fl-8"/>
      </object_component>
      <object_component id="oc-f5">
         <name>.text.SYSCFG_DL_initPower</name>
         <load_address>0x483c</load_address>
         <readonly>true</readonly>
         <executable>true</executable>
         <run_address>0x483c</run_address>
         <size>0x8c</size>
         <alignment>0x4</alignment>
         <input_file_ref idref="fl-1"/>
      </object_component>
      <object_component id="oc-37f">
         <name>.text.__mulsf3</name>
         <load_address>0x48c8</load_address>
         <readonly>true</readonly>
         <executable>true</executable>
         <run_address>0x48c8</run_address>
         <size>0x8c</size>
         <alignment>0x4</alignment>
         <input_file_ref idref="fl-119"/>
      </object_component>
      <object_component id="oc-405">
         <name>.text.floorf</name>
         <load_address>0x4954</load_address>
         <readonly>true</readonly>
         <executable>true</executable>
         <run_address>0x4954</run_address>
         <size>0x8c</size>
         <alignment>0x4</alignment>
         <input_file_ref idref="fl-54"/>
      </object_component>
      <object_component id="oc-13c">
         <name>.text:strcmp</name>
         <load_address>0x49e0</load_address>
         <readonly>true</readonly>
         <executable>true</executable>
         <run_address>0x49e0</run_address>
         <size>0x88</size>
         <alignment>0x10</alignment>
         <input_file_ref idref="fl-3e"/>
      </object_component>
      <object_component id="oc-177">
         <name>.text.SM_DecodeChargingSafetyStatus</name>
         <load_address>0x4a68</load_address>
         <readonly>true</readonly>
         <executable>true</executable>
         <run_address>0x4a68</run_address>
         <size>0x84</size>
         <alignment>0x4</alignment>
         <input_file_ref idref="fl-6"/>
      </object_component>
      <object_component id="oc-145">
         <name>.text.SM_Handle_RTC_Tick</name>
         <load_address>0x4aec</load_address>
         <readonly>true</readonly>
         <executable>true</executable>
         <run_address>0x4aec</run_address>
         <size>0x84</size>
         <alignment>0x4</alignment>
         <input_file_ref idref="fl-6"/>
      </object_component>
      <object_component id="oc-395">
         <name>.text.__divsf3</name>
         <load_address>0x4b70</load_address>
         <readonly>true</readonly>
         <executable>true</executable>
         <run_address>0x4b70</run_address>
         <size>0x82</size>
         <alignment>0x4</alignment>
         <input_file_ref idref="fl-11a"/>
      </object_component>
      <object_component id="oc-15b">
         <name>.text.SM_SafetyCheck</name>
         <load_address>0x4bf4</load_address>
         <readonly>true</readonly>
         <executable>true</executable>
         <run_address>0x4bf4</run_address>
         <size>0x80</size>
         <alignment>0x4</alignment>
         <input_file_ref idref="fl-6"/>
      </object_component>
      <object_component id="oc-3ce">
         <name>.text.DL_RTC_Common_getCalendarTime</name>
         <load_address>0x4c74</load_address>
         <readonly>true</readonly>
         <executable>true</executable>
         <run_address>0x4c74</run_address>
         <size>0x7c</size>
         <alignment>0x4</alignment>
         <input_file_ref idref="fl-1f"/>
      </object_component>
      <object_component id="oc-3f9">
         <name>.text.SM_PrepareSTMConfigResponse</name>
         <load_address>0x4cf0</load_address>
         <readonly>true</readonly>
         <executable>true</executable>
         <run_address>0x4cf0</run_address>
         <size>0x7c</size>
         <alignment>0x4</alignment>
         <input_file_ref idref="fl-6"/>
      </object_component>
      <object_component id="oc-3fa">
         <name>.text.SM_PrepareSTMCredentialsResponse</name>
         <load_address>0x4d6c</load_address>
         <readonly>true</readonly>
         <executable>true</executable>
         <run_address>0x4d6c</run_address>
         <size>0x7c</size>
         <alignment>0x4</alignment>
         <input_file_ref idref="fl-6"/>
      </object_component>
      <object_component id="oc-1c">
         <name>.text:decompress:lzss</name>
         <load_address>0x4de8</load_address>
         <readonly>true</readonly>
         <executable>true</executable>
         <run_address>0x4de8</run_address>
         <size>0x7c</size>
         <alignment>0x4</alignment>
         <input_file_ref idref="fl-53"/>
      </object_component>
      <object_component id="oc-28f">
         <name>.text.BQ27Z746_GetTempConfig</name>
         <load_address>0x4e64</load_address>
         <readonly>true</readonly>
         <executable>true</executable>
         <run_address>0x4e64</run_address>
         <size>0x74</size>
         <alignment>0x2</alignment>
         <input_file_ref idref="fl-c"/>
      </object_component>
      <object_component id="oc-2c5">
         <name>.text.SM_GetStateString</name>
         <load_address>0x4ed8</load_address>
         <readonly>true</readonly>
         <executable>true</executable>
         <run_address>0x4ed8</run_address>
         <size>0x74</size>
         <alignment>0x4</alignment>
         <input_file_ref idref="fl-6"/>
      </object_component>
      <object_component id="oc-4a9">
         <name>.text.__gedf2</name>
         <load_address>0x4f4c</load_address>
         <readonly>true</readonly>
         <executable>true</executable>
         <run_address>0x4f4c</run_address>
         <size>0x74</size>
         <alignment>0x4</alignment>
         <input_file_ref idref="fl-12c"/>
      </object_component>
      <object_component id="oc-13b">
         <name>.text.CLI_Tokenize</name>
         <load_address>0x4fc0</load_address>
         <readonly>true</readonly>
         <executable>true</executable>
         <run_address>0x4fc0</run_address>
         <size>0x70</size>
         <alignment>0x4</alignment>
         <input_file_ref idref="fl-9"/>
      </object_component>
      <object_component id="oc-3c8">
         <name>.text.gauge_read</name>
         <load_address>0x5030</load_address>
         <readonly>true</readonly>
         <executable>true</executable>
         <run_address>0x5030</run_address>
         <size>0x70</size>
         <alignment>0x4</alignment>
         <input_file_ref idref="fl-d"/>
      </object_component>
      <object_component id="oc-3c7">
         <name>.text.gauge_write</name>
         <load_address>0x50a0</load_address>
         <readonly>true</readonly>
         <executable>true</executable>
         <run_address>0x50a0</run_address>
         <size>0x70</size>
         <alignment>0x4</alignment>
         <input_file_ref idref="fl-d"/>
      </object_component>
      <object_component id="oc-126">
         <name>.text.SM_LoadCredentials</name>
         <load_address>0x5110</load_address>
         <readonly>true</readonly>
         <executable>true</executable>
         <run_address>0x5110</run_address>
         <size>0x68</size>
         <alignment>0x4</alignment>
         <input_file_ref idref="fl-4"/>
      </object_component>
      <object_component id="oc-169">
         <name>.text.SM_NeedsPeriodicSTMWake</name>
         <load_address>0x5178</load_address>
         <readonly>true</readonly>
         <executable>true</executable>
         <run_address>0x5178</run_address>
         <size>0x68</size>
         <alignment>0x4</alignment>
         <input_file_ref idref="fl-6"/>
      </object_component>
      <object_component id="oc-153">
         <name>.text.SM_PostWake_Branch</name>
         <load_address>0x51e0</load_address>
         <readonly>true</readonly>
         <executable>true</executable>
         <run_address>0x51e0</run_address>
         <size>0x68</size>
         <alignment>0x4</alignment>
         <input_file_ref idref="fl-6"/>
      </object_component>
      <object_component id="oc-4a3">
         <name>.text.__ledf2</name>
         <load_address>0x5248</load_address>
         <readonly>true</readonly>
         <executable>true</executable>
         <run_address>0x5248</run_address>
         <size>0x68</size>
         <alignment>0x4</alignment>
         <input_file_ref idref="fl-12c"/>
      </object_component>
      <object_component id="oc-383">
         <name>.text.roundf</name>
         <load_address>0x52b0</load_address>
         <readonly>true</readonly>
         <executable>true</executable>
         <run_address>0x52b0</run_address>
         <size>0x68</size>
         <alignment>0x2</alignment>
         <input_file_ref idref="fl-38"/>
      </object_component>
      <object_component id="oc-4a2">
         <name>.text._mcpy</name>
         <load_address>0x5318</load_address>
         <readonly>true</readonly>
         <executable>true</executable>
         <run_address>0x5318</run_address>
         <size>0x66</size>
         <alignment>0x2</alignment>
         <input_file_ref idref="fl-55"/>
      </object_component>
      <object_component id="oc-340">
         <name>.text.BQ25628E_Set_VINDPM_mV</name>
         <load_address>0x5380</load_address>
         <readonly>true</readonly>
         <executable>true</executable>
         <run_address>0x5380</run_address>
         <size>0x64</size>
         <alignment>0x4</alignment>
         <input_file_ref idref="fl-b"/>
      </object_component>
      <object_component id="oc-16e">
         <name>.text.SM_DispatchIncomingPacket</name>
         <load_address>0x53e4</load_address>
         <readonly>true</readonly>
         <executable>true</executable>
         <run_address>0x53e4</run_address>
         <size>0x64</size>
         <alignment>0x4</alignment>
         <input_file_ref idref="fl-6"/>
      </object_component>
      <object_component id="oc-168">
         <name>.text.SM_GetChargeString</name>
         <load_address>0x5448</load_address>
         <readonly>true</readonly>
         <executable>true</executable>
         <run_address>0x5448</run_address>
         <size>0x64</size>
         <alignment>0x4</alignment>
         <input_file_ref idref="fl-6"/>
      </object_component>
      <object_component id="oc-f8">
         <name>.text.SYSCFG_DL_I2C_0_init</name>
         <load_address>0x54ac</load_address>
         <readonly>true</readonly>
         <executable>true</executable>
         <run_address>0x54ac</run_address>
         <size>0x64</size>
         <alignment>0x4</alignment>
         <input_file_ref idref="fl-1"/>
      </object_component>
      <object_component id="oc-f9">
         <name>.text.SYSCFG_DL_I2C_1_init</name>
         <load_address>0x5510</load_address>
         <readonly>true</readonly>
         <executable>true</executable>
         <run_address>0x5510</run_address>
         <size>0x64</size>
         <alignment>0x4</alignment>
         <input_file_ref idref="fl-1"/>
      </object_component>
      <object_component id="oc-8b">
         <name>.text.main</name>
         <load_address>0x5574</load_address>
         <readonly>true</readonly>
         <executable>true</executable>
         <run_address>0x5574</run_address>
         <size>0x64</size>
         <alignment>0x4</alignment>
         <input_file_ref idref="fl-5"/>
      </object_component>
      <object_component id="oc-140">
         <name>.text.uart_printf</name>
         <load_address>0x55d8</load_address>
         <readonly>true</readonly>
         <executable>true</executable>
         <run_address>0x55d8</run_address>
         <size>0x64</size>
         <alignment>0x4</alignment>
         <input_file_ref idref="fl-9"/>
      </object_component>
      <object_component id="oc-28d">
         <name>.text.BQ27Z746_GetOperationStatus</name>
         <load_address>0x563c</load_address>
         <readonly>true</readonly>
         <executable>true</executable>
         <run_address>0x563c</run_address>
         <size>0x62</size>
         <alignment>0x2</alignment>
         <input_file_ref idref="fl-c"/>
      </object_component>
      <object_component id="oc-178">
         <name>.text.BQ27Z746_GetSafetyStatus</name>
         <load_address>0x569e</load_address>
         <readonly>true</readonly>
         <executable>true</executable>
         <run_address>0x569e</run_address>
         <size>0x62</size>
         <alignment>0x2</alignment>
         <input_file_ref idref="fl-c"/>
      </object_component>
      <object_component id="oc-465">
         <name>.text.__aeabi_dcmp</name>
         <load_address>0x5700</load_address>
         <readonly>true</readonly>
         <executable>true</executable>
         <run_address>0x5700</run_address>
         <size>0x62</size>
         <alignment>0x4</alignment>
         <input_file_ref idref="fl-122"/>
      </object_component>
      <object_component id="oc-38d">
         <name>.text.__aeabi_fcmp</name>
         <load_address>0x5764</load_address>
         <readonly>true</readonly>
         <executable>true</executable>
         <run_address>0x5764</run_address>
         <size>0x62</size>
         <alignment>0x4</alignment>
         <input_file_ref idref="fl-123"/>
      </object_component>
      <object_component id="oc-33d">
         <name>.text.BQ25628E_Set_VREG_mV</name>
         <load_address>0x57c8</load_address>
         <readonly>true</readonly>
         <executable>true</executable>
         <run_address>0x57c8</run_address>
         <size>0x60</size>
         <alignment>0x4</alignment>
         <input_file_ref idref="fl-b"/>
      </object_component>
      <object_component id="oc-341">
         <name>.text.BQ25628E_Set_VSYSMIN_mV</name>
         <load_address>0x5828</load_address>
         <readonly>true</readonly>
         <executable>true</executable>
         <run_address>0x5828</run_address>
         <size>0x60</size>
         <alignment>0x4</alignment>
         <input_file_ref idref="fl-b"/>
      </object_component>
      <object_component id="oc-15c">
         <name>.text.SM_ChargingSafetyCheck</name>
         <load_address>0x5888</load_address>
         <readonly>true</readonly>
         <executable>true</executable>
         <run_address>0x5888</run_address>
         <size>0x60</size>
         <alignment>0x4</alignment>
         <input_file_ref idref="fl-6"/>
      </object_component>
      <object_component id="oc-28e">
         <name>.text.BQ27Z746_GetChargingStatus</name>
         <load_address>0x58e8</load_address>
         <readonly>true</readonly>
         <executable>true</executable>
         <run_address>0x58e8</run_address>
         <size>0x5e</size>
         <alignment>0x2</alignment>
         <input_file_ref idref="fl-c"/>
      </object_component>
      <object_component id="oc-a1">
         <name>.text.DL_I2C_fillControllerTXFIFO</name>
         <load_address>0x5946</load_address>
         <readonly>true</readonly>
         <executable>true</executable>
         <run_address>0x5946</run_address>
         <size>0x5e</size>
         <alignment>0x2</alignment>
         <input_file_ref idref="fl-1e"/>
      </object_component>
      <object_component id="oc-101">
         <name>.text.CLI_RegisterCommand</name>
         <load_address>0x59a4</load_address>
         <readonly>true</readonly>
         <executable>true</executable>
         <run_address>0x59a4</run_address>
         <size>0x5c</size>
         <alignment>0x4</alignment>
         <input_file_ref idref="fl-9"/>
      </object_component>
      <object_component id="oc-30e">
         <name>.text.SPI_Controller_Init</name>
         <load_address>0x5a00</load_address>
         <readonly>true</readonly>
         <executable>true</executable>
         <run_address>0x5a00</run_address>
         <size>0x5c</size>
         <alignment>0x4</alignment>
         <input_file_ref idref="fl-8"/>
      </object_component>
      <object_component id="oc-fb">
         <name>.text.SYSCFG_DL_SPI_1_init</name>
         <load_address>0x5a5c</load_address>
         <readonly>true</readonly>
         <executable>true</executable>
         <run_address>0x5a5c</run_address>
         <size>0x5c</size>
         <alignment>0x4</alignment>
         <input_file_ref idref="fl-1"/>
      </object_component>
      <object_component id="oc-486">
         <name>.text.frexp</name>
         <load_address>0x5ab8</load_address>
         <readonly>true</readonly>
         <executable>true</executable>
         <run_address>0x5ab8</run_address>
         <size>0x5c</size>
         <alignment>0x4</alignment>
         <input_file_ref idref="fl-60"/>
      </object_component>
      <object_component id="oc-33e">
         <name>.text.BQ25628E_Set_ICHG_mA</name>
         <load_address>0x5b14</load_address>
         <readonly>true</readonly>
         <executable>true</executable>
         <run_address>0x5b14</run_address>
         <size>0x58</size>
         <alignment>0x4</alignment>
         <input_file_ref idref="fl-b"/>
      </object_component>
      <object_component id="oc-33f">
         <name>.text.BQ25628E_Set_IINDPM_mA</name>
         <load_address>0x5b6c</load_address>
         <readonly>true</readonly>
         <executable>true</executable>
         <run_address>0x5b6c</run_address>
         <size>0x58</size>
         <alignment>0x4</alignment>
         <input_file_ref idref="fl-b"/>
      </object_component>
      <object_component id="oc-34">
         <name>.text.GROUP1_IRQHandler</name>
         <load_address>0x5bc4</load_address>
         <readonly>true</readonly>
         <executable>true</executable>
         <run_address>0x5bc4</run_address>
         <size>0x58</size>
         <alignment>0x4</alignment>
         <input_file_ref idref="fl-5"/>
      </object_component>
      <object_component id="oc-360">
         <name>.text.SM_HandleRequest</name>
         <load_address>0x5c1c</load_address>
         <readonly>true</readonly>
         <executable>true</executable>
         <run_address>0x5c1c</run_address>
         <size>0x58</size>
         <alignment>0x2</alignment>
         <input_file_ref idref="fl-6"/>
      </object_component>
      <object_component id="oc-16f">
         <name>.text.SM_ResumeSystemContext</name>
         <load_address>0x5c74</load_address>
         <readonly>true</readonly>
         <executable>true</executable>
         <run_address>0x5c74</run_address>
         <size>0x58</size>
         <alignment>0x4</alignment>
         <input_file_ref idref="fl-6"/>
      </object_component>
      <object_component id="oc-492">
         <name>.text.__TI_ltoa</name>
         <load_address>0x5ccc</load_address>
         <readonly>true</readonly>
         <executable>true</executable>
         <run_address>0x5ccc</run_address>
         <size>0x58</size>
         <alignment>0x2</alignment>
         <input_file_ref idref="fl-5b"/>
      </object_component>
      <object_component id="oc-46a">
         <name>.text._pconv_f</name>
         <load_address>0x5d24</load_address>
         <readonly>true</readonly>
         <executable>true</executable>
         <run_address>0x5d24</run_address>
         <size>0x58</size>
         <alignment>0x2</alignment>
         <input_file_ref idref="fl-55"/>
      </object_component>
      <object_component id="oc-28c">
         <name>.text.BQ27Z746_GetChemID</name>
         <load_address>0x5d7c</load_address>
         <readonly>true</readonly>
         <executable>true</executable>
         <run_address>0x5d7c</run_address>
         <size>0x56</size>
         <alignment>0x2</alignment>
         <input_file_ref idref="fl-c"/>
      </object_component>
      <object_component id="oc-28b">
         <name>.text.BQ27Z746_GetDeviceType</name>
         <load_address>0x5dd2</load_address>
         <readonly>true</readonly>
         <executable>true</executable>
         <run_address>0x5dd2</run_address>
         <size>0x56</size>
         <alignment>0x2</alignment>
         <input_file_ref idref="fl-c"/>
      </object_component>
      <object_component id="oc-27a">
         <name>.text.BQ27Z746_GetFirmwareVersion</name>
         <load_address>0x5e28</load_address>
         <readonly>true</readonly>
         <executable>true</executable>
         <run_address>0x5e28</run_address>
         <size>0x56</size>
         <alignment>0x2</alignment>
         <input_file_ref idref="fl-c"/>
      </object_component>
      <object_component id="oc-4c2">
         <name>.text.__aeabi_idivmod</name>
         <load_address>0x5e80</load_address>
         <readonly>true</readonly>
         <executable>true</executable>
         <run_address>0x5e80</run_address>
         <size>0x56</size>
         <alignment>0x4</alignment>
         <input_file_ref idref="fl-124"/>
      </object_component>
      <object_component id="oc-259">
         <name>.text.BQ25628E_Init_Default</name>
         <load_address>0x5ed8</load_address>
         <readonly>true</readonly>
         <executable>true</executable>
         <run_address>0x5ed8</run_address>
         <size>0x54</size>
         <alignment>0x4</alignment>
         <input_file_ref idref="fl-b"/>
      </object_component>
      <object_component id="oc-342">
         <name>.text.BQ25628E_Set_Precharge_mA</name>
         <load_address>0x5f2c</load_address>
         <readonly>true</readonly>
         <executable>true</executable>
         <run_address>0x5f2c</run_address>
         <size>0x54</size>
         <alignment>0x2</alignment>
         <input_file_ref idref="fl-b"/>
      </object_component>
      <object_component id="oc-343">
         <name>.text.BQ25628E_Set_Termination_mA</name>
         <load_address>0x5f80</load_address>
         <readonly>true</readonly>
         <executable>true</executable>
         <run_address>0x5f80</run_address>
         <size>0x54</size>
         <alignment>0x2</alignment>
         <input_file_ref idref="fl-b"/>
      </object_component>
      <object_component id="oc-2c6">
         <name>.text.RTC_GetTime</name>
         <load_address>0x5fd4</load_address>
         <readonly>true</readonly>
         <executable>true</executable>
         <run_address>0x5fd4</run_address>
         <size>0x54</size>
         <alignment>0x4</alignment>
         <input_file_ref idref="fl-6"/>
      </object_component>
      <object_component id="oc-3f8">
         <name>.text.SM_PrepareRTCResponse</name>
         <load_address>0x6028</load_address>
         <readonly>true</readonly>
         <executable>true</executable>
         <run_address>0x6028</run_address>
         <size>0x54</size>
         <alignment>0x4</alignment>
         <input_file_ref idref="fl-6"/>
      </object_component>
      <object_component id="oc-97">
         <name>.text.invokeBSLAsm</name>
         <load_address>0x607c</load_address>
         <readonly>true</readonly>
         <executable>true</executable>
         <run_address>0x607c</run_address>
         <size>0x54</size>
         <alignment>0x4</alignment>
         <input_file_ref idref="fl-9"/>
      </object_component>
      <object_component id="oc-4a0">
         <name>.text._ecpy</name>
         <load_address>0x60d0</load_address>
         <readonly>true</readonly>
         <executable>true</executable>
         <run_address>0x60d0</run_address>
         <size>0x52</size>
         <alignment>0x2</alignment>
         <input_file_ref idref="fl-55"/>
      </object_component>
      <object_component id="oc-3e1">
         <name>.text.BQ25628E_UpdateBits8</name>
         <load_address>0x6122</load_address>
         <readonly>true</readonly>
         <executable>true</executable>
         <run_address>0x6122</run_address>
         <size>0x50</size>
         <alignment>0x2</alignment>
         <input_file_ref idref="fl-b"/>
      </object_component>
      <object_component id="oc-1ee">
         <name>.text.DL_GPIO_initPeripheralInputFunctionFeatures</name>
         <load_address>0x6174</load_address>
         <readonly>true</readonly>
         <executable>true</executable>
         <run_address>0x6174</run_address>
         <size>0x50</size>
         <alignment>0x4</alignment>
         <input_file_ref idref="fl-1"/>
      </object_component>
      <object_component id="oc-32f">
         <name>.text.DL_I2C_startControllerTransfer</name>
         <load_address>0x61c4</load_address>
         <readonly>true</readonly>
         <executable>true</executable>
         <run_address>0x61c4</run_address>
         <size>0x50</size>
         <alignment>0x4</alignment>
         <input_file_ref idref="fl-7"/>
      </object_component>
      <object_component id="oc-fd">
         <name>.text.SYSCFG_DL_RTC_init</name>
         <load_address>0x6214</load_address>
         <readonly>true</readonly>
         <executable>true</executable>
         <run_address>0x6214</run_address>
         <size>0x50</size>
         <alignment>0x4</alignment>
         <input_file_ref idref="fl-1"/>
      </object_component>
      <object_component id="oc-103">
         <name>.text.cmd_help</name>
         <load_address>0x6264</load_address>
         <readonly>true</readonly>
         <executable>true</executable>
         <run_address>0x6264</run_address>
         <size>0x50</size>
         <alignment>0x4</alignment>
         <input_file_ref idref="fl-9"/>
      </object_component>
      <object_component id="oc-3af">
         <name>.text.DL_DMA_initChannel</name>
         <load_address>0x62b4</load_address>
         <readonly>true</readonly>
         <executable>true</executable>
         <run_address>0x62b4</run_address>
         <size>0x4c</size>
         <alignment>0x4</alignment>
         <input_file_ref idref="fl-1c"/>
      </object_component>
      <object_component id="oc-1f2">
         <name>.text.DL_GPIO_initDigitalInputFeatures</name>
         <load_address>0x6300</load_address>
         <readonly>true</readonly>
         <executable>true</executable>
         <run_address>0x6300</run_address>
         <size>0x4c</size>
         <alignment>0x4</alignment>
         <input_file_ref idref="fl-1"/>
      </object_component>
      <object_component id="oc-215">
         <name>.text.DL_UART_setBaudRateDivisor</name>
         <load_address>0x634c</load_address>
         <readonly>true</readonly>
         <executable>true</executable>
         <run_address>0x634c</run_address>
         <size>0x4c</size>
         <alignment>0x4</alignment>
         <input_file_ref idref="fl-1"/>
      </object_component>
      <object_component id="oc-16a">
         <name>.text.SM_SetSTMPower</name>
         <load_address>0x6398</load_address>
         <readonly>true</readonly>
         <executable>true</executable>
         <run_address>0x6398</run_address>
         <size>0x4c</size>
         <alignment>0x4</alignment>
         <input_file_ref idref="fl-6"/>
      </object_component>
      <object_component id="oc-39">
         <name>.text.SPI1_IRQHandler</name>
         <load_address>0x63e4</load_address>
         <readonly>true</readonly>
         <executable>true</executable>
         <run_address>0x63e4</run_address>
         <size>0x4c</size>
         <alignment>0x4</alignment>
         <input_file_ref idref="fl-8"/>
      </object_component>
      <object_component id="oc-fa">
         <name>.text.SYSCFG_DL_UART_0_init</name>
         <load_address>0x6430</load_address>
         <readonly>true</readonly>
         <executable>true</executable>
         <run_address>0x6430</run_address>
         <size>0x4c</size>
         <alignment>0x4</alignment>
         <input_file_ref idref="fl-1"/>
      </object_component>
      <object_component id="oc-433">
         <name>.text.snprintf</name>
         <load_address>0x647c</load_address>
         <readonly>true</readonly>
         <executable>true</executable>
         <run_address>0x647c</run_address>
         <size>0x4c</size>
         <alignment>0x4</alignment>
         <input_file_ref idref="fl-39"/>
      </object_component>
      <object_component id="oc-48e">
         <name>.text.__fixdfsi</name>
         <load_address>0x64c8</load_address>
         <readonly>true</readonly>
         <executable>true</executable>
         <run_address>0x64c8</run_address>
         <size>0x4a</size>
         <alignment>0x4</alignment>
         <input_file_ref idref="fl-11d"/>
      </object_component>
      <object_component id="oc-213">
         <name>.text.DL_UART_init</name>
         <load_address>0x6514</load_address>
         <readonly>true</readonly>
         <executable>true</executable>
         <run_address>0x6514</run_address>
         <size>0x48</size>
         <alignment>0x4</alignment>
         <input_file_ref idref="fl-21"/>
      </object_component>
      <object_component id="oc-124">
         <name>.text.SM_LoadCharger</name>
         <load_address>0x655c</load_address>
         <readonly>true</readonly>
         <executable>true</executable>
         <run_address>0x655c</run_address>
         <size>0x48</size>
         <alignment>0x4</alignment>
         <input_file_ref idref="fl-4"/>
      </object_component>
      <object_component id="oc-31f">
         <name>.text.strtok</name>
         <load_address>0x65a4</load_address>
         <readonly>true</readonly>
         <executable>true</executable>
         <run_address>0x65a4</run_address>
         <size>0x48</size>
         <alignment>0x4</alignment>
         <input_file_ref idref="fl-4a"/>
      </object_component>
      <object_component id="oc-220">
         <name>.text.DL_SPI_init</name>
         <load_address>0x65ec</load_address>
         <readonly>true</readonly>
         <executable>true</executable>
         <run_address>0x65ec</run_address>
         <size>0x44</size>
         <alignment>0x4</alignment>
         <input_file_ref idref="fl-20"/>
      </object_component>
      <object_component id="oc-127">
         <name>.text.SM_LoadSTMConfig</name>
         <load_address>0x6630</load_address>
         <readonly>true</readonly>
         <executable>true</executable>
         <run_address>0x6630</run_address>
         <size>0x44</size>
         <alignment>0x4</alignment>
         <input_file_ref idref="fl-4"/>
      </object_component>
      <object_component id="oc-152">
         <name>.text.BQ25628E_ApplyProfile</name>
         <load_address>0x6674</load_address>
         <readonly>true</readonly>
         <executable>true</executable>
         <run_address>0x6674</run_address>
         <size>0x42</size>
         <alignment>0x2</alignment>
         <input_file_ref idref="fl-b"/>
      </object_component>
      <object_component id="oc-45">
         <name>.text.RTC_IRQHandler</name>
         <load_address>0x66b8</load_address>
         <readonly>true</readonly>
         <executable>true</executable>
         <run_address>0x66b8</run_address>
         <size>0x40</size>
         <alignment>0x4</alignment>
         <input_file_ref idref="fl-5"/>
      </object_component>
      <object_component id="oc-3e2">
         <name>.text.__aeabi_uidivmod</name>
         <load_address>0x66f8</load_address>
         <readonly>true</readonly>
         <executable>true</executable>
         <run_address>0x66f8</run_address>
         <size>0x40</size>
         <alignment>0x4</alignment>
         <input_file_ref idref="fl-127"/>
      </object_component>
      <object_component id="oc-163">
         <name>.text.__extendsfdf2</name>
         <load_address>0x6738</load_address>
         <readonly>true</readonly>
         <executable>true</executable>
         <run_address>0x6738</run_address>
         <size>0x40</size>
         <alignment>0x4</alignment>
         <input_file_ref idref="fl-11c"/>
      </object_component>
      <object_component id="oc-239">
         <name>.text.atoi</name>
         <load_address>0x6778</load_address>
         <readonly>true</readonly>
         <executable>true</executable>
         <run_address>0x6778</run_address>
         <size>0x40</size>
         <alignment>0x4</alignment>
         <input_file_ref idref="fl-41"/>
      </object_component>
      <object_component id="oc-32b">
         <name>.text.printToUART</name>
         <load_address>0x67b8</load_address>
         <readonly>true</readonly>
         <executable>true</executable>
         <run_address>0x67b8</run_address>
         <size>0x40</size>
         <alignment>0x4</alignment>
         <input_file_ref idref="fl-9"/>
      </object_component>
      <object_component id="oc-122">
         <name>.text.spi_init</name>
         <load_address>0x67f8</load_address>
         <readonly>true</readonly>
         <executable>true</executable>
         <run_address>0x67f8</run_address>
         <size>0x40</size>
         <alignment>0x4</alignment>
         <input_file_ref idref="fl-8"/>
      </object_component>
      <object_component id="oc-325">
         <name>.text.vsnprintf</name>
         <load_address>0x6838</load_address>
         <readonly>true</readonly>
         <executable>true</executable>
         <run_address>0x6838</run_address>
         <size>0x40</size>
         <alignment>0x4</alignment>
         <input_file_ref idref="fl-3a"/>
      </object_component>
      <object_component id="oc-32c">
         <name>.text.DL_I2C_flushControllerTXFIFO</name>
         <load_address>0x6878</load_address>
         <readonly>true</readonly>
         <executable>true</executable>
         <run_address>0x6878</run_address>
         <size>0x3c</size>
         <alignment>0x4</alignment>
         <input_file_ref idref="fl-1e"/>
      </object_component>
      <object_component id="oc-147">
         <name>.text.SM_Transition</name>
         <load_address>0x68b4</load_address>
         <readonly>true</readonly>
         <executable>true</executable>
         <run_address>0x68b4</run_address>
         <size>0x3c</size>
         <alignment>0x4</alignment>
         <input_file_ref idref="fl-6"/>
[...]
      </symbol>
      <symbol id="sm-656">
         <name>__TI_ATRegion2_region_sz</name>
         <value>0x0</value>
      </symbol>
      <symbol id="sm-65f">
         <name>DL_Common_delayCycles</name>
         <value>0x8107</value>
         <object_component_ref idref="oc-118"/>
      </symbol>
      <symbol id="sm-669">
         <name>DL_DMA_initChannel</name>
         <value>0x62b5</value>
         <object_component_ref idref="oc-3af"/>
      </symbol>
      <symbol id="sm-67c">
         <name>DL_I2C_setClockConfig</name>
         <value>0x7231</value>
         <object_component_ref idref="oc-201"/>
      </symbol>
      <symbol id="sm-67d">
         <name>DL_I2C_fillControllerTXFIFO</name>
         <value>0x5947</value>
         <object_component_ref idref="oc-a1"/>
      </symbol>
      <symbol id="sm-67e">
         <name>DL_I2C_flushControllerTXFIFO</name>
         <value>0x6879</value>
         <object_component_ref idref="oc-32c"/>
      </symbol>
      <symbol id="sm-67f">
         <name>DL_I2C_flushControllerRXFIFO</name>
         <value>0x6bf5</value>
         <object_component_ref idref="oc-418"/>
      </symbol>
      <symbol id="sm-68d">
         <name>DL_RTC_Common_initCalendar</name>
         <value>0x452d</value>
         <object_component_ref idref="oc-22b"/>
      </symbol>
      <symbol id="sm-68e">
         <name>DL_RTC_Common_getCalendarTime</name>
         <value>0x4c75</value>
         <object_component_ref idref="oc-3ce"/>
      </symbol>
      <symbol id="sm-69b">
         <name>DL_SPI_init</name>
         <value>0x65ed</value>
         <object_component_ref idref="oc-220"/>
      </symbol>
      <symbol id="sm-69c">
         <name>DL_SPI_setClockConfig</name>
         <value>0x7e51</value>
         <object_component_ref idref="oc-21a"/>
      </symbol>
      <symbol id="sm-6ac">
         <name>DL_UART_init</name>
         <value>0x6515</value>
         <object_component_ref idref="oc-213"/>
      </symbol>
      <symbol id="sm-6ad">
         <name>DL_UART_setClockConfig</name>
         <value>0x7e75</value>
         <object_component_ref idref="oc-20d"/>
      </symbol>
      <symbol id="sm-6ae">
         <name>DL_UART_transmitDataBlocking</name>
         <value>0x6c55</value>
         <object_component_ref idref="oc-3dc"/>
      </symbol>
      <symbol id="sm-6bb">
         <name>roundf</name>
         <value>0x52b1</value>
         <object_component_ref idref="oc-383"/>
      </symbol>
      <symbol id="sm-6cc">
         <name>snprintf</name>
         <value>0x647d</value>
         <object_component_ref idref="oc-433"/>
      </symbol>
      <symbol id="sm-6dd">
         <name>vsnprintf</name>
         <value>0x6839</value>
         <object_component_ref idref="oc-325"/>
      </symbol>
      <symbol id="sm-6e8">
         <name>strcmp</name>
         <value>0x49e1</value>
         <object_component_ref idref="oc-13c"/>
      </symbol>
      <symbol id="sm-6f2">
         <name>abort</name>
         <value>0x816d</value>
         <object_component_ref idref="oc-d3"/>
      </symbol>
      <symbol id="sm-6fd">
         <name>atoi</name>
         <value>0x6779</value>
         <object_component_ref idref="oc-239"/>
      </symbol>
      <symbol id="sm-709">
         <name>strchr</name>
         <value>0x7d89</value>
         <object_component_ref idref="oc-133"/>
      </symbol>
      <symbol id="sm-712">
         <name>strcpy</name>
         <value>0x7f97</value>
         <object_component_ref idref="oc-12b"/>
      </symbol>
      <symbol id="sm-71b">
         <name>strcspn</name>
         <value>0x72e9</value>
         <object_component_ref idref="oc-12f"/>
      </symbol>
      <symbol id="sm-724">
         <name>strlen</name>
         <value>0x7fb3</value>
         <object_component_ref idref="oc-439"/>
      </symbol>
      <symbol id="sm-72d">
         <name>strncpy</name>
         <value>0x6fb1</value>
         <object_component_ref idref="oc-137"/>
      </symbol>
      <symbol id="sm-739">
         <name>strtok</name>
         <value>0x65a5</value>
         <object_component_ref idref="oc-31f"/>
      </symbol>
      <symbol id="sm-745">
         <name>_c_int00_noargs</name>
         <value>0x71bd</value>
         <object_component_ref idref="oc-61"/>
      </symbol>
      <symbol id="sm-746">
         <name>__stack</name>
         <value>0x20207e00</value>
         <object_component_ref idref="oc-1a"/>
      </symbol>
      <symbol id="sm-755">
         <name>__TI_auto_init_nobinit_nopinit</name>
         <value>0x6969</value>
         <object_component_ref idref="oc-da"/>
      </symbol>
      <symbol id="sm-75d">
         <name>_system_pre_init</name>
         <value>0x8191</value>
         <object_component_ref idref="oc-87"/>
      </symbol>
      <symbol id="sm-768">
         <name>__TI_zero_init</name>
         <value>0x7f5d</value>
         <object_component_ref idref="oc-5e"/>
      </symbol>
      <symbol id="sm-771">
         <name>__TI_decompress_none</name>
         <value>0x7e99</value>
         <object_component_ref idref="oc-20"/>
      </symbol>
      <symbol id="sm-77c">
         <name>__TI_decompress_lzss</name>
         <value>0x4de9</value>
         <object_component_ref idref="oc-1c"/>
      </symbol>
      <symbol id="sm-786">
         <name>floorf</name>
         <value>0x4955</value>
         <object_component_ref idref="oc-405"/>
      </symbol>
      <symbol id="sm-7cf">
         <name>__TI_printfi</name>
         <value>0xc1</value>
         <object_component_ref idref="oc-428"/>
      </symbol>
      <symbol id="sm-7d3">
         <name>__aeabi_ctype_table_</name>
         <value>0x8bf0</value>
         <object_component_ref idref="oc-3b7"/>
      </symbol>
      <symbol id="sm-7d4">
         <name>__aeabi_ctype_table_C</name>
         <value>0x8bf0</value>
         <object_component_ref idref="oc-3b7"/>
      </symbol>
      <symbol id="sm-7df">
         <name>__aeabi_errno_addr</name>
         <value>0x815d</value>
         <object_component_ref idref="oc-456"/>
      </symbol>
      <symbol id="sm-7e0">
         <name>__aeabi_errno</name>
         <value>0x20200888</value>
         <object_component_ref idref="oc-47c"/>
      </symbol>
      <symbol id="sm-7e9">
         <name>__TI_ltoa</name>
         <value>0x5ccd</value>
         <object_component_ref idref="oc-492"/>
      </symbol>
      <symbol id="sm-7f4">
         <name>memccpy</name>
         <value>0x732f</value>
         <object_component_ref idref="oc-44b"/>
      </symbol>
      <symbol id="sm-7fd">
         <name>strspn</name>
         <value>0x7257</value>
         <object_component_ref idref="oc-3cf"/>
      </symbol>
      <symbol id="sm-807">
         <name>frexp</name>
         <value>0x5ab9</value>
         <object_component_ref idref="oc-486"/>
      </symbol>
      <symbol id="sm-808">
         <name>frexpl</name>
         <value>0x5ab9</value>
         <object_component_ref idref="oc-486"/>
      </symbol>
      <symbol id="sm-812">
         <name>scalbn</name>
         <value>0x4129</value>
         <object_component_ref idref="oc-48a"/>
      </symbol>
      <symbol id="sm-813">
         <name>ldexp</name>
         <value>0x4129</value>
         <object_component_ref idref="oc-48a"/>
      </symbol>
      <symbol id="sm-814">
         <name>scalbnl</name>
         <value>0x4129</value>
         <object_component_ref idref="oc-48a"/>
      </symbol>
      <symbol id="sm-815">
         <name>ldexpl</name>
         <value>0x4129</value>
         <object_component_ref idref="oc-48a"/>
      </symbol>
      <symbol id="sm-81e">
         <name>wcslen</name>
         <value>0x7f4d</value>
         <object_component_ref idref="oc-452"/>
      </symbol>
      <symbol id="sm-829">
         <name>HOSTexit</name>
         <value>0x8177</value>
         <object_component_ref idref="oc-1d2"/>
      </symbol>
      <symbol id="sm-82a">
         <name>C$$EXIT</name>
         <value>0x8176</value>
         <object_component_ref idref="oc-1d2"/>
      </symbol>
      <symbol id="sm-83f">
         <name>__aeabi_fadd</name>
         <value>0x420b</value>
         <object_component_ref idref="oc-391"/>
      </symbol>
      <symbol id="sm-840">
         <name>__addsf3</name>
         <value>0x420b</value>
         <object_component_ref idref="oc-391"/>
      </symbol>
      <symbol id="sm-841">
         <name>__aeabi_fsub</name>
         <value>0x4201</value>
         <object_component_ref idref="oc-391"/>
      </symbol>
      <symbol id="sm-842">
         <name>__subsf3</name>
         <value>0x4201</value>
         <object_component_ref idref="oc-391"/>
      </symbol>
      <symbol id="sm-84b">
         <name>__aeabi_dadd</name>
         <value>0x2bab</value>
         <object_component_ref idref="oc-4af"/>
      </symbol>
      <symbol id="sm-84c">
         <name>__adddf3</name>
         <value>0x2bab</value>
         <object_component_ref idref="oc-4af"/>
      </symbol>
      <symbol id="sm-84d">
         <name>__aeabi_dsub</name>
         <value>0x2ba1</value>
         <object_component_ref idref="oc-4af"/>
      </symbol>
      <symbol id="sm-84e">
         <name>__subdf3</name>
         <value>0x2ba1</value>
         <object_component_ref idref="oc-4af"/>
      </symbol>
      <symbol id="sm-857">
         <name>__aeabi_dmul</name>
         <value>0x3da9</value>
         <object_component_ref idref="oc-49b"/>
      </symbol>
      <symbol id="sm-858">
         <name>__muldf3</name>
         <value>0x3da9</value>
         <object_component_ref idref="oc-49b"/>
      </symbol>
      <symbol id="sm-85e">
         <name>__muldsi3</name>
         <value>0x69e1</value>
         <object_component_ref idref="oc-400"/>
      </symbol>
      <symbol id="sm-864">
         <name>__aeabi_fmul</name>
         <value>0x48c9</value>
         <object_component_ref idref="oc-37f"/>
      </symbol>
      <symbol id="sm-865">
         <name>__mulsf3</name>
         <value>0x48c9</value>
         <object_component_ref idref="oc-37f"/>
      </symbol>
      <symbol id="sm-86b">
         <name>__aeabi_fdiv</name>
         <value>0x4b71</value>
         <object_component_ref idref="oc-395"/>
      </symbol>
      <symbol id="sm-86c">
         <name>__divsf3</name>
         <value>0x4b71</value>
         <object_component_ref idref="oc-395"/>
      </symbol>
      <symbol id="sm-872">
         <name>__aeabi_ddiv</name>
         <value>0x3995</value>
         <object_component_ref idref="oc-4ab"/>
      </symbol>
      <symbol id="sm-873">
         <name>__divdf3</name>
         <value>0x3995</value>
         <object_component_ref idref="oc-4ab"/>
      </symbol>
      <symbol id="sm-879">
         <name>__aeabi_f2d</name>
         <value>0x6739</value>
         <object_component_ref idref="oc-163"/>
      </symbol>
      <symbol id="sm-87a">
         <name>__extendsfdf2</name>
         <value>0x6739</value>
         <object_component_ref idref="oc-163"/>
      </symbol>
      <symbol id="sm-880">
         <name>__aeabi_d2iz</name>
         <value>0x64c9</value>
         <object_component_ref idref="oc-48e"/>
      </symbol>
      <symbol id="sm-881">
         <name>__fixdfsi</name>
         <value>0x64c9</value>
         <object_component_ref idref="oc-48e"/>
      </symbol>
      <symbol id="sm-887">
         <name>__aeabi_f2iz</name>
         <value>0x6a8d</value>
         <object_component_ref idref="oc-389"/>
      </symbol>
      <symbol id="sm-888">
         <name>__fixsfsi</name>
         <value>0x6a8d</value>
         <object_component_ref idref="oc-389"/>
      </symbol>
      <symbol id="sm-88e">
         <name>__aeabi_i2d</name>
         <value>0x6f01</value>
         <object_component_ref idref="oc-496"/>
      </symbol>
      <symbol id="sm-88f">
         <name>__floatsidf</name>
         <value>0x6f01</value>
         <object_component_ref idref="oc-496"/>
      </symbol>
      <symbol id="sm-895">
         <name>__aeabi_i2f</name>
         <value>0x68f1</value>
         <object_component_ref idref="oc-37b"/>
      </symbol>
      <symbol id="sm-896">
         <name>__floatsisf</name>
         <value>0x68f1</value>
         <object_component_ref idref="oc-37b"/>
      </symbol>
      <symbol id="sm-89c">
         <name>__aeabi_lmul</name>
         <value>0x72c5</value>
         <object_component_ref idref="oc-45b"/>
      </symbol>
      <symbol id="sm-89d">
         <name>__muldi3</name>
         <value>0x72c5</value>
         <object_component_ref idref="oc-45b"/>
      </symbol>
      <symbol id="sm-8a3">
         <name>__aeabi_dcmpeq</name>
         <value>0x5701</value>
         <object_component_ref idref="oc-465"/>
      </symbol>
      <symbol id="sm-8a4">
         <name>__aeabi_dcmplt</name>
         <value>0x5715</value>
         <object_component_ref idref="oc-465"/>
      </symbol>
      <symbol id="sm-8a5">
         <name>__aeabi_dcmple</name>
         <value>0x5729</value>
         <object_component_ref idref="oc-465"/>
      </symbol>
      <symbol id="sm-8a6">
         <name>__aeabi_dcmpge</name>
         <value>0x573d</value>
         <object_component_ref idref="oc-465"/>
      </symbol>
      <symbol id="sm-8a7">
         <name>__aeabi_dcmpgt</name>
         <value>0x5751</value>
         <object_component_ref idref="oc-465"/>
      </symbol>
      <symbol id="sm-8ad">
         <name>__aeabi_fcmpeq</name>
         <value>0x5765</value>
         <object_component_ref idref="oc-38d"/>
      </symbol>
      <symbol id="sm-8ae">
         <name>__aeabi_fcmplt</name>
         <value>0x5779</value>
         <object_component_ref idref="oc-38d"/>
      </symbol>
      <symbol id="sm-8af">
         <name>__aeabi_fcmple</name>
         <value>0x578d</value>
         <object_component_ref idref="oc-38d"/>
      </symbol>
      <symbol id="sm-8b0">
         <name>__aeabi_fcmpge</name>
         <value>0x57a1</value>
         <object_component_ref idref="oc-38d"/>
      </symbol>
      <symbol id="sm-8b1">
         <name>__aeabi_fcmpgt</name>
         <value>0x57b5</value>
         <object_component_ref idref="oc-38d"/>
      </symbol>
      <symbol id="sm-8b7">
         <name>__aeabi_idiv</name>
         <value>0x5e81</value>
         <object_component_ref idref="oc-4c2"/>
      </symbol>
      <symbol id="sm-8b8">
         <name>__aeabi_idivmod</name>
         <value>0x5e81</value>
         <object_component_ref idref="oc-4c2"/>
      </symbol>
      <symbol id="sm-8be">
         <name>__aeabi_memcpy</name>
         <value>0x8165</value>
         <object_component_ref idref="oc-51"/>
      </symbol>
      <symbol id="sm-8bf">
         <name>__aeabi_memcpy4</name>
         <value>0x8165</value>
         <object_component_ref idref="oc-51"/>
      </symbol>
      <symbol id="sm-8c0">
         <name>__aeabi_memcpy8</name>
         <value>0x8165</value>
         <object_component_ref idref="oc-51"/>
      </symbol>
      <symbol id="sm-8c9">
         <name>__aeabi_memset</name>
         <value>0x7f89</value>
         <object_component_ref idref="oc-44a"/>
      </symbol>
      <symbol id="sm-8ca">
         <name>__aeabi_memset4</name>
         <value>0x7f89</value>
         <object_component_ref idref="oc-44a"/>
      </symbol>
      <symbol id="sm-8cb">
         <name>__aeabi_memset8</name>
         <value>0x7f89</value>
         <object_component_ref idref="oc-44a"/>
      </symbol>
      <symbol id="sm-8cc">
         <name>__aeabi_memclr</name>
         <value>0x80f1</value>
         <object_component_ref idref="oc-82"/>
      </symbol>
      <symbol id="sm-8cd">
         <name>__aeabi_memclr4</name>
         <value>0x80f1</value>
         <object_component_ref idref="oc-82"/>
      </symbol>
      <symbol id="sm-8ce">
         <name>__aeabi_memclr8</name>
         <value>0x80f1</value>
         <object_component_ref idref="oc-82"/>
      </symbol>
      <symbol id="sm-8d4">
         <name>__aeabi_uidiv</name>
         <value>0x66f9</value>
         <object_component_ref idref="oc-3e2"/>
      </symbol>
      <symbol id="sm-8d5">
         <name>__aeabi_uidivmod</name>
         <value>0x66f9</value>
         <object_component_ref idref="oc-3e2"/>
      </symbol>
      <symbol id="sm-8db">
         <name>__aeabi_uldivmod</name>
         <value>0x7d61</value>
         <object_component_ref idref="oc-460"/>
      </symbol>
      <symbol id="sm-8e4">
         <name>__eqsf2</name>
         <value>0x69a5</value>
         <object_component_ref idref="oc-40d"/>
      </symbol>
      <symbol id="sm-8e5">
         <name>__lesf2</name>
         <value>0x69a5</value>
         <object_component_ref idref="oc-40d"/>
      </symbol>
      <symbol id="sm-8e6">
         <name>__ltsf2</name>
         <value>0x69a5</value>
         <object_component_ref idref="oc-40d"/>
      </symbol>
      <symbol id="sm-8e7">
         <name>__nesf2</name>
         <value>0x69a5</value>
         <object_component_ref idref="oc-40d"/>
      </symbol>
      <symbol id="sm-8e8">
         <name>__cmpsf2</name>
         <value>0x69a5</value>
         <object_component_ref idref="oc-40d"/>
      </symbol>
      <symbol id="sm-8e9">
         <name>__gtsf2</name>
         <value>0x692d</value>
         <object_component_ref idref="oc-412"/>
      </symbol>
      <symbol id="sm-8ea">
         <name>__gesf2</name>
         <value>0x692d</value>
         <object_component_ref idref="oc-412"/>
      </symbol>
      <symbol id="sm-8f0">
         <name>__udivmoddi4</name>
         <value>0x45d1</value>
         <object_component_ref idref="oc-481"/>
      </symbol>
      <symbol id="sm-8f6">
         <name>__aeabi_llsl</name>
         <value>0x7411</value>
         <object_component_ref idref="oc-4b6"/>
      </symbol>
      <symbol id="sm-8f7">
         <name>__ashldi3</name>
         <value>0x7411</value>
         <object_component_ref idref="oc-4b6"/>
      </symbol>
      <symbol id="sm-905">
         <name>__ledf2</name>
         <value>0x5249</value>
         <object_component_ref idref="oc-4a3"/>
      </symbol>
      <symbol id="sm-906">
         <name>__gedf2</name>
         <value>0x4f4d</value>
         <object_component_ref idref="oc-4a9"/>
      </symbol>
      <symbol id="sm-907">
         <name>__cmpdf2</name>
         <value>0x5249</value>
         <object_component_ref idref="oc-4a3"/>
      </symbol>
      <symbol id="sm-908">
         <name>__eqdf2</name>
         <value>0x5249</value>
         <object_component_ref idref="oc-4a3"/>
      </symbol>
      <symbol id="sm-909">
         <name>__ltdf2</name>
         <value>0x5249</value>
         <object_component_ref idref="oc-4a3"/>
      </symbol>
      <symbol id="sm-90a">
         <name>__nedf2</name>
         <value>0x5249</value>
         <object_component_ref idref="oc-4a3"/>
      </symbol>
      <symbol id="sm-90b">
         <name>__gtdf2</name>
         <value>0x4f4d</value>
         <object_component_ref idref="oc-4a9"/>
      </symbol>
      <symbol id="sm-917">
         <name>__aeabi_idiv0</name>
         <value>0x2d33</value>
         <object_component_ref idref="oc-429"/>
      </symbol>
      <symbol id="sm-918">
         <name>__aeabi_ldiv0</name>
         <value>0x4673</value>
         <object_component_ref idref="oc-4b5"/>
      </symbol>
      <symbol id="sm-922">
         <name>TI_memcpy_small</name>
         <value>0x7e87</value>
         <object_component_ref idref="oc-ae"/>
      </symbol>
      <symbol id="sm-92b">
         <name>TI_memset_small</name>
         <value>0x7fc1</value>
         <object_component_ref idref="oc-ef"/>
      </symbol>
      <symbol id="sm-92c">
         <name>__TI_static_base__</name>
         <value>0x0</value>
      </symbol>
      <symbol id="sm-930">
         <name>__mpu_init</name>
         <value>0x0</value>
      </symbol>
      <symbol id="sm-931">
         <name>_system_post_cinit</name>
         <value>0x0</value>
      </symbol>
   </symbol_table>
   <title>Link successful</title>
</link_info>
