******************************************************************************
            TI ARM Clang Linker PC v4.0.4                      
******************************************************************************
>> Linked Thu Apr 23 10:15:43 2026

OUTPUT FILE NAME:   <HW_SW_interface_CCS.out>
ENTRY POINT SYMBOL: "_c_int00_noargs"  address: 00006c25


MEMORY CONFIGURATION

         name            origin    length      used     unused   attr    fill
----------------------  --------  ---------  --------  --------  ----  --------
  FLASH                 00000000   00020000  0000a198  00015e68  R  X
  SRAM                  20200000   00008000  000009e8  00007618  RW X
  BCR_CONFIG            41c00000   000000ff  00000000  000000ff  R   
  BSL_CONFIG            41c00100   00000080  00000000  00000080  R   


SEGMENT ALLOCATION MAP

run origin  load origin   length   init length attrs members
----------  ----------- ---------- ----------- ----- -------
00000000    00000000    0000a198   0000a198    r-x
  00000000    00000000    000000c0   000000c0    r-- .intvecs
  000000c0    000000c0    000078f0   000078f0    r-x .text
  000079b0    000079b0    000027b0   000027b0    r-- .rodata
  0000a160    0000a160    00000038   00000038    r-- .cinit
20200000    20200000    000007eb   00000000    rw-
  20200000    20200000    0000079d   00000000    rw- .bss
  202007a0    202007a0    0000004b   00000000    rw- .data
20207e00    20207e00    00000200   00000000    rw-
  20207e00    20207e00    00000200   00000000    rw- .stack


SECTION ALLOCATION MAP

 output                                  attributes/
section   page    origin      length       input sections
--------  ----  ----------  ----------   ----------------
.intvecs   0    00000000    000000c0     
                  00000000    000000c0     startup_mspm0g350x_ticlang.o (.intvecs)

.text      0    000000c0    000078f0     
                  000000c0    000009d0     libc.a : _printfi.c.obj (.text:__TI_printfi)
                  00000a90    000006cc     sm.o (.text.SM_Run)
                  0000115c    00000524     functions.o (.text.cmd_gauge)
                  00001680    000003b4     functions.o (.text.Run_Legacy_Monitors)
                  00001a34    000002d8     functions.o (.text.cmd_sm)
                  00001d0c    0000026c     functions.o (.text.cmd_bq)
                  00001f78    00000228     sm.o (.text.SM_PrepareTelemetryResponse)
                  000021a0    00000220     libc.a : _printfi.c.obj (.text._pconv_a)
                  000023c0    000001fc     BQ25628_functions.o (.text.BQ25628E_UpdateTelemetry)
                  000025bc    000001dc     libc.a : _printfi.c.obj (.text._pconv_g)
                  00002798    000001a8     ti_msp_dl_config.o (.text.SYSCFG_DL_GPIO_init)
                  00002940    00000192     libclang_rt.builtins.a : adddf3.S.obj (.text.adddf3_subdf3)
                  00002ad2    00000002                            : aeabi_div0.c.obj (.text.__aeabi_idiv0)
                  00002ad4    0000018c     sm.o (.text.SM_DecodeBatterySafetyStatus)
                  00002c60    00000184     i2c.o (.text.I2C_ReadDevice)
                  00002de4    0000014c     functions.o (.text.cmd_pwr)
                  00002f30    00000144     BQ25628_functions.o (.text._calculateTempFromRt)
                  00003074    0000013c     libc.a : _printfi.c.obj (.text.fcvt)
                  000031b0    00000120            : _printfi.c.obj (.text._pconv_e)
                  000032d0    00000118     BQ27Z7_functions.o (.text.BQ27Z746_MAC_Read)
                  000033e8    0000010c     sm.o (.text.SM_ProcessFault)
                  000034f4    0000010c     i2c.o (.text.Shared_I2C_IRQHandler)
                  00003600    0000010c     libclang_rt.builtins.a : divdf3.S.obj (.text.__divdf3)
                  0000370c    00000108     i2c.o (.text.I2C_WriteDevice)
                  00003814    00000108     functions.o (.text.cmd_hall)
                  0000391c    000000f8     sm.o (.text.SM_FetchPowerContext)
                  00003a14    000000e4     libclang_rt.builtins.a : muldf3.S.obj (.text.__muldf3)
                  00003af8    000000e4     functions.o (.text.cmd_i2cscan)
                  00003bdc    000000e0     functions.o (.text.print_battery_status)
                  00003cbc    000000d8     uart.o (.text.CLI_ProcessInput)
                  00003d94    000000d8     libc.a : s_scalbn.c.obj (.text.scalbn)
                  00003e6c    000000d8     libclang_rt.builtins.a : addsf3.S.obj (.text)
                  00003f44    000000d4     i2c.o (.text.I2C_TryAddress)
                  00004018    000000b4     uart.o (.text.UARTReceive)
                  000040cc    000000b4     main.o (.text.main)
                  00004180    000000ac     sm.o (.text.RTC_SetTime)
                  0000422c    000000a4     driverlib.a : dl_rtc_common.o (.text.DL_RTC_Common_initCalendar)
                  000042d0    000000a2     libclang_rt.builtins.a : udivmoddi4.S.obj (.text)
                  00004372    00000002                            : aeabi_div0.c.obj (.text.__aeabi_ldiv0)
                  00004374    000000a0     main.o (.text.setupCLI)
                  00004414    0000009c     BQ27Z7_functions.o (.text.BQ27Z746_UpdateTelemetry)
                  000044b0    0000008c     spi_master.o (.text.SPI_Controller_Arm)
                  0000453c    0000008c     ti_msp_dl_config.o (.text.SYSCFG_DL_initPower)
                  000045c8    0000008c     libclang_rt.builtins.a : mulsf3.S.obj (.text.__mulsf3)
                  00004654    0000008c     libc.a : s_floorf.c.obj (.text.floorf)
                  000046e0    00000088            : strcmp-armv6m.S.obj (.text:strcmp)
                  00004768    00000084     sm.o (.text.SM_DecodeChargingSafetyStatus)
                  000047ec    00000084     sm.o (.text.SM_Handle_RTC_Tick)
                  00004870    00000082     libclang_rt.builtins.a : divsf3.S.obj (.text.__divsf3)
                  000048f2    00000002     --HOLE-- [fill = 0]
                  000048f4    00000080     sm.o (.text.SM_SafetyCheck)
                  00004974    0000007c     driverlib.a : dl_rtc_common.o (.text.DL_RTC_Common_getCalendarTime)
                  000049f0    0000007c     sm.o (.text.SM_HandleConfig)
                  00004a6c    0000007c     libc.a : copy_decompress_lzss.c.obj (.text:decompress:lzss)
                  00004ae8    00000074     BQ27Z7_functions.o (.text.BQ27Z746_GetTempConfig)
                  00004b5c    00000074     sm.o (.text.SM_GetStateString)
                  00004bd0    00000074     libclang_rt.builtins.a : comparedf2.c.obj (.text.__gedf2)
                  00004c44    00000070     uart.o (.text.CLI_Tokenize)
                  00004cb4    00000070     sm.o (.text.SM_DispatchIncomingPacket)
                  00004d24    00000070     gauge.o (.text.gauge_read)
                  00004d94    00000070     gauge.o (.text.gauge_write)
                  00004e04    00000068     sm.o (.text.SM_NeedsPeriodicSTMWake)
                  00004e6c    00000068     sm.o (.text.SM_ResumeSystemContext)
                  00004ed4    00000068     libclang_rt.builtins.a : comparedf2.c.obj (.text.__ledf2)
                  00004f3c    00000068     libc.a : s_roundf.c.obj (.text.roundf)
                  00004fa4    00000066            : _printfi.c.obj (.text._mcpy)
                  0000500a    00000002     --HOLE-- [fill = 0]
                  0000500c    00000064     BQ25628_functions.o (.text.BQ25628E_Set_VINDPM_mV)
                  00005070    00000064     sm.o (.text.SM_GetChargeString)
                  000050d4    00000064     sm.o (.text.SM_Init)
                  00005138    00000064     ti_msp_dl_config.o (.text.SYSCFG_DL_I2C_0_init)
                  0000519c    00000064     ti_msp_dl_config.o (.text.SYSCFG_DL_I2C_1_init)
                  00005200    00000064     uart.o (.text.uart_printf)
                  00005264    00000062     BQ27Z7_functions.o (.text.BQ27Z746_GetOperationStatus)
                  000052c6    00000062     BQ27Z7_functions.o (.text.BQ27Z746_GetSafetyStatus)
                  00005328    00000062     libclang_rt.builtins.a : aeabi_dcmp.S.obj (.text.__aeabi_dcmp)
                  0000538a    00000002     --HOLE-- [fill = 0]
                  0000538c    00000062                            : aeabi_fcmp.S.obj (.text.__aeabi_fcmp)
                  000053ee    00000002     --HOLE-- [fill = 0]
                  000053f0    00000060     BQ25628_functions.o (.text.BQ25628E_Set_VREG_mV)
                  00005450    00000060     BQ25628_functions.o (.text.BQ25628E_Set_VSYSMIN_mV)
                  000054b0    00000060     driverlib.a : dl_sysctl_mspm0g1x0x_g3x0x.o (.text.DL_SYSCTL_setLFCLKSourceLFXT)
                  00005510    00000060     sm.o (.text.SM_ChargingSafetyCheck)
                  00005570    0000005e     BQ27Z7_functions.o (.text.BQ27Z746_GetChargingStatus)
                  000055ce    0000005e     driverlib.a : dl_i2c.o (.text.DL_I2C_fillControllerTXFIFO)
                  0000562c    0000005c     uart.o (.text.CLI_RegisterCommand)
                  00005688    0000005c     sm.o (.text.SM_PostWake_Branch)
                  000056e4    0000005c     spi_master.o (.text.SPI_Controller_Init)
                  00005740    0000005c     libc.a : s_frexp.c.obj (.text.frexp)
                  0000579c    00000058     BQ25628_functions.o (.text.BQ25628E_Set_ICHG_mA)
                  000057f4    00000058     BQ25628_functions.o (.text.BQ25628E_Set_IINDPM_mA)
                  0000584c    00000058     main.o (.text.GROUP1_IRQHandler)
                  000058a4    00000058     ti_msp_dl_config.o (.text.SYSCFG_DL_SPI_1_init)
                  000058fc    00000058     libc.a : _ltoa.c.obj (.text.__TI_ltoa)
                  00005954    00000058            : _printfi.c.obj (.text._pconv_f)
                  000059ac    00000056     BQ27Z7_functions.o (.text.BQ27Z746_GetChemID)
                  00005a02    00000056     BQ27Z7_functions.o (.text.BQ27Z746_GetDeviceType)
                  00005a58    00000056     BQ27Z7_functions.o (.text.BQ27Z746_GetFirmwareVersion)
                  00005aae    00000002     --HOLE-- [fill = 0]
                  00005ab0    00000056     libclang_rt.builtins.a : aeabi_idivmod.S.obj (.text.__aeabi_idivmod)
                  00005b06    00000002     --HOLE-- [fill = 0]
                  00005b08    00000054     BQ25628_functions.o (.text.BQ25628E_Init_Default)
                  00005b5c    00000054     BQ25628_functions.o (.text.BQ25628E_Set_Precharge_mA)
                  00005bb0    00000054     BQ25628_functions.o (.text.BQ25628E_Set_Termination_mA)
                  00005c04    00000054     sm.o (.text.RTC_GetTime)
                  00005c58    00000054     uart.o (.text.invokeBSLAsm)
                  00005cac    00000052     libc.a : _printfi.c.obj (.text._ecpy)
                  00005cfe    00000050     BQ25628_functions.o (.text.BQ25628E_UpdateBits8)
                  00005d4e    00000002     --HOLE-- [fill = 0]
                  00005d50    00000050     ti_msp_dl_config.o (.text.DL_GPIO_initPeripheralInputFunctionFeatures)
                  00005da0    00000050     i2c.o (.text.DL_I2C_startControllerTransfer)
                  00005df0    00000050     sm.o (.text.SM_PrepareRTCResponse)
                  00005e40    00000050     ti_msp_dl_config.o (.text.SYSCFG_DL_RTC_init)
                  00005e90    00000050     uart.o (.text.cmd_help)
                  00005ee0    0000004c     driverlib.a : dl_dma.o (.text.DL_DMA_initChannel)
                  00005f2c    0000004c     ti_msp_dl_config.o (.text.DL_GPIO_initDigitalInputFeatures)
                  00005f78    0000004c     ti_msp_dl_config.o (.text.DL_UART_setBaudRateDivisor)
                  00005fc4    0000004c     spi_master.o (.text.SPI1_IRQHandler)
                  00006010    0000004c     ti_msp_dl_config.o (.text.SYSCFG_DL_UART_0_init)
                  0000605c    0000004c     libc.a : snprintf.c.obj (.text.snprintf)
                  000060a8    0000004a     libclang_rt.builtins.a : fixdfsi.S.obj (.text.__fixdfsi)
                  000060f2    00000002     --HOLE-- [fill = 0]
                  000060f4    00000048     driverlib.a : dl_uart.o (.text.DL_UART_init)
                  0000613c    00000048     libc.a : strtok.c.obj (.text.strtok)
                  00006184    00000044     driverlib.a : dl_spi.o (.text.DL_SPI_init)
                  000061c8    00000044     sm.o (.text.SM_SetSTMPower)
                  0000620c    00000042     BQ25628_functions.o (.text.BQ25628E_ApplyProfile)
                  0000624e    00000002     --HOLE-- [fill = 0]
                  00006250    00000040     main.o (.text.RTC_IRQHandler)
                  00006290    00000040     libclang_rt.builtins.a : aeabi_uidivmod.S.obj (.text.__aeabi_uidivmod)
                  000062d0    00000040                            : extendsfdf2.S.obj (.text.__extendsfdf2)
                  00006310    00000040     libc.a : atoi.c.obj (.text.atoi)
                  00006350    00000040     uart.o (.text.printToUART)
                  00006390    00000040     libc.a : vsnprintf.c.obj (.text.vsnprintf)
                  000063d0    0000003c     driverlib.a : dl_i2c.o (.text.DL_I2C_flushControllerTXFIFO)
                  0000640c    0000003c     sm.o (.text.SM_Transition)
                  00006448    0000003c     libclang_rt.builtins.a : floatsisf.S.obj (.text.__floatsisf)
                  00006484    0000003c                            : comparesf2.S.obj (.text.__gtsf2)
                  000064c0    0000003c     libc.a : autoinit.c.obj (.text:__TI_auto_init_nobinit_nopinit)
                  000064fc    0000003a     libclang_rt.builtins.a : comparesf2.S.obj (.text.__eqsf2)
                  00006536    00000002     --HOLE-- [fill = 0]
                  00006538    0000003a                            : muldsi3.S.obj (.text.__muldsi3)
                  00006572    00000002     --HOLE-- [fill = 0]
                  00006574    00000038     BQ25628_functions.o (.text.BQ25628E_ADC_Control)
                  000065ac    00000038     BQ27Z7_functions.o (.text.BQ27Z746_Init)
                  000065e4    00000038     sm.o (.text.SM_SendSimpleMsg)
                  0000661c    00000038     libclang_rt.builtins.a : fixsfsi.S.obj (.text.__fixsfsi)
                  00006654    00000038     functions.o (.text.print_time)
                  0000668c    00000034     BQ25628_functions.o (.text.BQ25628E_ReadReg16)
                  000066c0    00000034     sm.o (.text.SM_HandleRequest)
                  000066f4    00000034     ti_msp_dl_config.o (.text.SYSCFG_DL_init)
                  00006728    00000030     BQ25628_functions.o (.text.BQ25628E_WriteReg16)
                  00006758    00000030     spi_master.o (.text.DL_DMA_setTransferSize)
                  00006788    00000030     ti_msp_dl_config.o (.text.DL_GPIO_initDigitalOutputFeatures)
                  000067b8    00000030     driverlib.a : dl_i2c.o (.text.DL_I2C_flushControllerRXFIFO)
                  000067e8    00000030     ti_msp_dl_config.o (.text.DL_SPI_setFIFOThreshold)
                  00006818    00000030     driverlib.a : dl_uart.o (.text.DL_UART_transmitDataBlocking)
                  00006848    00000030     libc.a : _printfi.c.obj (.text._fcpy)
                  00006878    00000030            : snprintf.c.obj (.text._outs)
                  000068a8    00000030            : vsnprintf.c.obj (.text._outs)
                  000068d8    0000002c     BQ25628_functions.o (.text.BQ25628E_ReadReg8)
                  00006904    0000002c     ti_msp_dl_config.o (.text.SYSCFG_DL_SYSCTL_init)
                  00006930    0000002c     i2c.o (.text.__NVIC_ClearPendingIRQ)
                  0000695c    0000002c     uart.o (.text.__NVIC_ClearPendingIRQ)
                  00006988    0000002c     i2c.o (.text.__NVIC_EnableIRQ)
                  000069b4    0000002c     main.o (.text.__NVIC_EnableIRQ)
                  000069e0    0000002c     uart.o (.text.__NVIC_EnableIRQ)
                  00006a0c    0000002c     libclang_rt.builtins.a : floatsidf.S.obj (.text.__floatsidf)
                  00006a38    0000002c     gauge.o (.text.gauge_cmd_read)
                  00006a64    0000002c     uart.o (.text.get_UART_buffer)
                  00006a90    0000002c     libc.a : strncpy.c.obj (.text.strncpy)
                  00006abc    00000028     i2c.o (.text.DL_Common_updateReg)
                  00006ae4    00000028     ti_msp_dl_config.o (.text.DL_Common_updateReg)
                  00006b0c    00000028     spi_master.o (.text.DL_DMA_setDestAddr)
                  00006b34    00000028     spi_master.o (.text.DL_DMA_setSrcAddr)
                  00006b5c    00000028     ti_msp_dl_config.o (.text.DL_I2C_setControllerRXFIFOThreshold)
                  00006b84    00000028     ti_msp_dl_config.o (.text.DL_I2C_setControllerTXFIFOThreshold)
                  00006bac    00000028     ti_msp_dl_config.o (.text.DL_RTC_Common_setIntervalAlarm)
                  00006bd4    00000028     ti_msp_dl_config.o (.text.DL_SYSCTL_setPowerPolicySTANDBY0)
                  00006bfc    00000028     sm.o (.text.hall_init)
                  00006c24    00000028     libc.a : boot_cortex_m.c.obj (.text:_c_int00_noargs)
                  00006c4c    00000026     spi_master.o (.text.DL_DMA_enableChannel)
                  00006c72    00000026     ti_msp_dl_config.o (.text.DL_I2C_setAnalogGlitchFilterPulseWidth)
                  00006c98    00000026     driverlib.a : dl_i2c.o (.text.DL_I2C_setClockConfig)
                  00006cbe    00000026     libc.a : strspn.c.obj (.text.strspn)
                  00006ce4    00000024     BQ25628_functions.o (.text.BQ25628E_WriteReg8)
                  00006d08    00000024     ti_msp_dl_config.o (.text.DL_SPI_setBitRateSerialClockDivider)
                  00006d2c    00000024     libclang_rt.builtins.a : muldi3.S.obj (.text.__muldi3)
                  00006d50    00000024     i2c.o (.text.i2c_init)
                  00006d74    00000024     libc.a : strcspn.c.obj (.text.strcspn)
                  00006d98    00000022            : memccpy.c.obj (.text.memccpy)
                  00006dba    00000002     --HOLE-- [fill = 0]
                  00006dbc    00000020     ti_msp_dl_config.o (.text.DL_GPIO_initPeripheralInputFunction)
                  00006ddc    00000020     ti_msp_dl_config.o (.text.DL_RTC_Common_setPeriodicAlarm1)
                  00006dfc    00000020     gauge.o (.text.gauge_address)
                  00006e1c    00000020     BQ27Z7_functions.o (.text.kelvin_to_celsius)
                  00006e3c    00000020     uart.o (.text.uart_init)
                  00006e5c    0000001e     ti_msp_dl_config.o (.text.DL_UART_setOversampling)
                  00006e7a    00000002     --HOLE-- [fill = 0]
                  00006e7c    0000001e     libclang_rt.builtins.a : ashldi3.S.obj (.text.__ashldi3)
                  00006e9a    0000001e     BQ27Z7_functions.o (.text.read_reg16)
                  00006eb8    0000001c     main.o (.text.DL_GPIO_clearInterruptStatus)
                  00006ed4    0000001c     sm.o (.text.DL_GPIO_clearInterruptStatus)
                  00006ef0    0000001c     ti_msp_dl_config.o (.text.DL_GPIO_clearInterruptStatus)
                  00006f0c    0000001c     sm.o (.text.DL_GPIO_disableInterrupt)
                  00006f28    0000001c     ti_msp_dl_config.o (.text.DL_GPIO_enableHiZ)
                  00006f44    0000001c     sm.o (.text.DL_GPIO_enableInterrupt)
                  00006f60    0000001c     ti_msp_dl_config.o (.text.DL_GPIO_enableInterrupt)
                  00006f7c    0000001c     ti_msp_dl_config.o (.text.DL_GPIO_initPeripheralOutputFunction)
                  00006f98    0000001c     ti_msp_dl_config.o (.text.DL_GPIO_setLowerPinsPolarity)
                  00006fb4    0000001c     i2c.o (.text.DL_I2C_disableInterrupt)
                  00006fd0    0000001c     i2c.o (.text.DL_I2C_enableInterrupt)
                  00006fec    0000001c     ti_msp_dl_config.o (.text.DL_I2C_enableInterrupt)
                  00007008    0000001c     i2c.o (.text.DL_I2C_isControllerRXFIFOEmpty)
                  00007024    0000001c     main.o (.text.DL_Interrupt_getPendingGroup)
                  00007040    0000001c     sm.o (.text.DL_RTC_Common_disableInterrupt)
                  0000705c    0000001c     sm.o (.text.DL_RTC_Common_enableInterrupt)
                  00007078    0000001c     ti_msp_dl_config.o (.text.DL_RTC_Common_enableInterrupt)
                  00007094    0000001c     ti_msp_dl_config.o (.text.DL_SPI_enableInterrupt)
                  000070b0    0000001c     ti_msp_dl_config.o (.text.DL_SYSCTL_setSYSOSCFreq)
                  000070cc    0000001c     ti_msp_dl_config.o (.text.DL_UART_enableInterrupt)
                  000070e8    0000001c     main.o (.text.UART0_IRQHandler)
                  00007104    0000001c     sm.o (.text.gauge_init)
                  00007120    00000018     ti_msp_dl_config.o (.text.DL_GPIO_enableOutput)
                  00007138    00000018     ti_msp_dl_config.o (.text.DL_GPIO_enablePower)
                  00007150    00000018     ti_msp_dl_config.o (.text.DL_GPIO_initDigitalOutput)
                  00007168    00000018     ti_msp_dl_config.o (.text.DL_GPIO_initPeripheralAnalogFunction)
                  00007180    00000018     ti_msp_dl_config.o (.text.DL_GPIO_reset)
                  00007198    00000018     functions.o (.text.DL_GPIO_setPins)
                  000071b0    00000018     sm.o (.text.DL_GPIO_setPins)
                  000071c8    00000018     ti_msp_dl_config.o (.text.DL_GPIO_setPins)
                  000071e0    00000018     ti_msp_dl_config.o (.text.DL_GPIO_setUpperPinsPolarity)
                  000071f8    00000018     i2c.o (.text.DL_I2C_clearInterruptStatus)
                  00007210    00000018     ti_msp_dl_config.o (.text.DL_I2C_enableAnalogGlitchFilter)
                  00007228    00000018     ti_msp_dl_config.o (.text.DL_I2C_enableController)
                  00007240    00000018     ti_msp_dl_config.o (.text.DL_I2C_enableControllerClockStretching)
                  00007258    00000018     ti_msp_dl_config.o (.text.DL_I2C_enablePower)
                  00007270    00000018     ti_msp_dl_config.o (.text.DL_I2C_reset)
                  00007288    00000018     ti_msp_dl_config.o (.text.DL_I2C_setTimerPeriod)
                  000072a0    00000018     ti_msp_dl_config.o (.text.DL_RTC_Common_enablePower)
                  000072b8    00000018     sm.o (.text.DL_RTC_Common_isSafeToRead)
                  000072d0    00000018     ti_msp_dl_config.o (.text.DL_RTC_Common_reset)
                  000072e8    00000018     ti_msp_dl_config.o (.text.DL_SPI_enable)
                  00007300    00000018     ti_msp_dl_config.o (.text.DL_SPI_enableDMAReceiveEvent)
                  00007318    00000018     ti_msp_dl_config.o (.text.DL_SPI_enablePower)
                  00007330    00000018     ti_msp_dl_config.o (.text.DL_SPI_reset)
                  00007348    00000018     ti_msp_dl_config.o (.text.DL_SYSCTL_setBORThreshold)
                  00007360    00000018     ti_msp_dl_config.o (.text.DL_UART_enablePower)
                  00007378    00000018     ti_msp_dl_config.o (.text.DL_UART_reset)
                  00007390    00000018     ti_msp_dl_config.o (.text.SYSCFG_DL_DMA_CH0_init)
                  000073a8    00000018     ti_msp_dl_config.o (.text.SYSCFG_DL_DMA_CH1_init)
                  000073c0    00000018     libc.a : snprintf.c.obj (.text._outc)
                  000073d8    00000018            : vsnprintf.c.obj (.text._outc)
                  000073f0    00000016     BQ27Z7_functions.o (.text.BQ27Z746_ReadInternalTemp_C)
                  00007406    00000016     BQ27Z7_functions.o (.text.BQ27Z746_ReadTemperature_C)
                  0000741c    00000016     functions.o (.text.DL_GPIO_readPins)
                  00007432    00000016     ti_msp_dl_config.o (.text.DL_UART_enable)
                  00007448    00000014     BQ27Z7_functions.o (.text.BQ27Z746_ReadAvgCurrent_mA)
                  0000745c    00000014     BQ27Z7_functions.o (.text.BQ27Z746_ReadAvgPower_mW)
                  00007470    00000014     BQ27Z7_functions.o (.text.BQ27Z746_ReadCurrent_mA)
                  00007484    00000014     BQ27Z7_functions.o (.text.BQ27Z746_ReadSOC_pct)
                  00007498    00000014     BQ27Z7_functions.o (.text.BQ27Z746_ReadStateOfHealth_pct)
                  000074ac    00000014     functions.o (.text.DL_GPIO_clearPins)
                  000074c0    00000014     sm.o (.text.DL_GPIO_clearPins)
                  000074d4    00000014     ti_msp_dl_config.o (.text.DL_GPIO_clearPins)
                  000074e8    00000014     i2c.o (.text.DL_I2C_getControllerStatus)
                  000074fc    00000014     i2c.o (.text.DL_I2C_receiveControllerData)
                  00007510    00000014     ti_msp_dl_config.o (.text.DL_I2C_resetControllerTransfer)
                  00007524    00000014     main.o (.text.DL_RTC_Common_enableClockControl)
                  00007538    00000014     ti_msp_dl_config.o (.text.DL_RTC_Common_enableClockControl)
                  0000754c    00000014     ti_msp_dl_config.o (.text.DL_SPI_enableDMATransmitEvent)
                  00007560    00000014     ti_msp_dl_config.o (.text.DL_SYSCTL_disableSYSPLL)
                  00007574    00000014     uart.o (.text.DL_UART_receiveData)
                  00007588    00000014     libclang_rt.builtins.a : aeabi_uldivmod.S.obj (.text.__aeabi_uldivmod)
                  0000759c    00000014     libc.a : _printfi.c.obj (.text.strchr)
                  000075b0    00000014            : strchr.c.obj (.text.strchr)
                  000075c4    00000012     BQ27Z7_functions.o (.text.BQ27Z746_ReadBatteryStatus)
                  000075d6    00000012     BQ27Z7_functions.o (.text.BQ27Z746_ReadCycleCount)
                  000075e8    00000012     BQ27Z7_functions.o (.text.BQ27Z746_ReadFullChargeCap_mAh)
                  000075fa    00000012     BQ27Z7_functions.o (.text.BQ27Z746_ReadRemainingCap_mAh)
                  0000760c    00000012     BQ27Z7_functions.o (.text.BQ27Z746_ReadTimeToEmpty_min)
                  0000761e    00000012     BQ27Z7_functions.o (.text.BQ27Z746_ReadTimeToFull_min)
                  00007630    00000012     BQ27Z7_functions.o (.text.BQ27Z746_ReadVoltage_mV)
                  00007642    00000012     i2c.o (.text.DL_I2C_getPendingInterrupt)
                  00007654    00000012     main.o (.text.DL_RTC_Common_getPendingInterrupt)
                  00007666    00000012     spi_master.o (.text.DL_SPI_getPendingInterrupt)
                  00007678    00000012     driverlib.a : dl_spi.o (.text.DL_SPI_setClockConfig)
                  0000768a    00000012     main.o (.text.DL_UART_getPendingInterrupt)
                  0000769c    00000012     driverlib.a : dl_uart.o (.text.DL_UART_setClockConfig)
                  000076ae    00000012     libc.a : memcpy16.S.obj (.text:TI_memcpy_small)
                  000076c0    00000012            : copy_decompress_none.c.obj (.text:decompress:none)
                  000076d2    00000002     --HOLE-- [fill = 0]
                  000076d4    00000010     BQ27Z7_functions.o (.text.BQ27Z746_IsDischarging)
                  000076e4    00000010     BQ27Z7_functions.o (.text.BQ27Z746_IsFullyCharged)
                  000076f4    00000010     BQ27Z7_functions.o (.text.BQ27Z746_IsFullyDischarged)
                  00007704    00000010     ti_msp_dl_config.o (.text.DL_SYSCTL_disableHFXT)
                  00007714    00000010     i2c.o (.text.I2C0_IRQHandler)
                  00007724    00000010     i2c.o (.text.I2C1_IRQHandler)
                  00007734    00000010     sm.o (.text.SM_DisablePrescaler)
                  00007744    00000010     sm.o (.text.SM_EnablePrescaler)
                  00007754    00000010     libc.a : wcslen.c.obj (.text.wcslen)
                  00007764    00000010            : copy_zero_init.c.obj (.text:decompress:ZI)
                  00007774    0000000e     BQ25628_functions.o (.text.BQ25628E_Disable_Watchdog)
                  00007782    0000000e     BQ25628_functions.o (.text.BQ25628E_Set_PeakDischarge_6A)
                  00007790    0000000e     libclang_rt.builtins.a : aeabi_memset.S.obj (.text.__aeabi_memset)
                  0000779e    0000000e     libc.a : strcpy.c.obj (.text.strcpy)
                  000077ac    0000000e            : _printfi.c.obj (.text.strlen)
                  000077ba    0000000e            : strlen.c.obj (.text.strlen)
                  000077c8    0000000e            : memset16.S.obj (.text:TI_memset_small)
                  000077d6    00000002     --HOLE-- [fill = 0]
                  000077d8    0000000c     BQ25628_functions.o (.text.BQ25628E_Get_IBAT_mA)
                  000077e4    0000000c     BQ25628_functions.o (.text.BQ25628E_Get_IBUS_mA)
                  000077f0    0000000c     BQ25628_functions.o (.text.BQ25628E_Get_TBAT_C)
                  000077fc    0000000c     BQ25628_functions.o (.text.BQ25628E_Get_TDIE_C)
                  00007808    0000000c     BQ25628_functions.o (.text.BQ25628E_Get_VBAT_mV)
                  00007814    0000000c     BQ25628_functions.o (.text.BQ25628E_Get_VBUS_mV)
                  00007820    0000000c     BQ25628_functions.o (.text.BQ25628E_Get_VSYS_mV)
                  0000782c    0000000c     BQ25628_functions.o (.text.BQ25628E_HardwareInit)
                  00007838    0000000c     BQ27Z7_functions.o (.text.BQ27Z746_Get_AvgCurrent_mA)
                  00007844    0000000c     BQ27Z7_functions.o (.text.BQ27Z746_Get_AvgPower_mW)
                  00007850    0000000c     BQ27Z7_functions.o (.text.BQ27Z746_Get_BatteryStatus)
                  0000785c    0000000c     BQ27Z7_functions.o (.text.BQ27Z746_Get_Current_mA)
                  00007868    0000000c     BQ27Z7_functions.o (.text.BQ27Z746_Get_CycleCount)
                  00007874    0000000c     BQ27Z7_functions.o (.text.BQ27Z746_Get_FullChargeCap_mAh)
                  00007880    0000000c     BQ27Z7_functions.o (.text.BQ27Z746_Get_InternalTemp_C)
                  0000788c    0000000c     BQ27Z7_functions.o (.text.BQ27Z746_Get_RemainingCap_mAh)
                  00007898    0000000c     BQ27Z7_functions.o (.text.BQ27Z746_Get_SOC_pct)
                  000078a4    0000000c     BQ27Z7_functions.o (.text.BQ27Z746_Get_StateOfHealth_pct)
                  000078b0    0000000c     BQ27Z7_functions.o (.text.BQ27Z746_Get_Temperature_C)
                  000078bc    0000000c     BQ27Z7_functions.o (.text.BQ27Z746_Get_TimeToEmpty_min)
                  000078c8    0000000c     BQ27Z7_functions.o (.text.BQ27Z746_Get_TimeToFull_min)
                  000078d4    0000000c     BQ27Z7_functions.o (.text.BQ27Z746_Get_Voltage_mV)
                  000078e0    0000000c     ti_msp_dl_config.o (.text.SYSCFG_DL_DMA_init)
                  000078ec    0000000c     libclang_rt.builtins.a : aeabi_memset.S.obj (.text.__aeabi_memclr)
                  000078f8    0000000a     BQ25628_functions.o (.text.BQ25628E_GetFaultFlags)
                  00007902    0000000a     driverlib.a : dl_common.o (.text.DL_Common_delayCycles)
                  0000790c    0000000a     libc.a : _printfi.c.obj (.text.OUTLINED_FUNCTION_0)
                  00007916    00000002     --HOLE-- [fill = 0]
                  00007918    00000010     libclang_rt.builtins.a : adddf3.S.obj (.tramp.__aeabi_dsub.1)
                  00007928    0000000a     libc.a : s_roundf.c.obj (.text.OUTLINED_FUNCTION_0)
                  00007932    00000002     --HOLE-- [fill = 0]
                  00007934    00000010     libclang_rt.builtins.a : addsf3.S.obj (.tramp.__aeabi_fadd.1)
                  00007944    0000000a     libc.a : _printfi.c.obj (.text.OUTLINED_FUNCTION_1)
                  0000794e    0000000a     sm.o (.text.SM_SendAck)
                  00007958    0000000a     sm.o (.text.SM_SendNack)
                  00007962    0000000a     sm.o (.text.SM_SendOffer)
                  0000796c    00000008     libc.a : aeabi_portable.c.obj (.text.__aeabi_errno_addr)
                  00007974    00000008     libclang_rt.builtins.a : aeabi_memcpy.S.obj (.text.__aeabi_memcpy)
                  0000797c    00000006     libc.a : exit.c.obj (.text:abort)
                  00007982    00000004     startup_mspm0g350x_ticlang.o (.text.Default_Handler)
                  00007986    00000004     libsysbm.a : hostexit.c.obj (.text.HOSTexit)
                  0000798a    00000004     startup_mspm0g350x_ticlang.o (.text.Reset_Handler)
                  0000798e    00000002     --HOLE-- [fill = 0]
                  00007990    00000010     libc.a : boot_cortex_m.c.obj (.tramp._c_int00_noargs.1)
                  000079a0    00000004            : pre_init.c.obj (.text._system_pre_init)
                  000079a4    0000000c     --HOLE-- [fill = 0]

.cinit     0    0000a160    00000038     
                  0000a160    0000000f     (.cinit..data.load) [load image, compression = lzss]
                  0000a16f    00000001     --HOLE-- [fill = 0]
                  0000a170    0000000c     (__TI_handler_table)
                  0000a17c    00000008     (.cinit..bss.load) [load image, compression = zero_init]
                  0000a184    00000010     (__TI_cinit_table)
                  0000a194    00000004     --HOLE-- [fill = 0]

.rodata    0    000079b0    000027b0     
                  000079b0    000004e0     BQ25628_functions.o (.rodata.thermistor_table_ntcc_10k)
                  00007e90    00000183     sm.o (.rodata.str1.2461285371842842857.1)
                  00008013    00000175     functions.o (.rodata.str1.1879081474855052955.1)
                  00008188    0000013d     functions.o (.rodata.str1.14626576299884526934.1)
                  000082c5    00000003     ti_msp_dl_config.o (.rodata.gLFCLKConfig)
                  000082c8    00000138     BQ25628_functions.o (.rodata.thermistor_table_E3103JT2A)
                  00008400    00000101     libc.a : aeabi_ctype.S.obj (.rodata:__aeabi_ctype_table_)
                  00008501    0000007a     functions.o (.rodata.str1.6405428687533244608.1)
                  0000857b    0000005e     sm.o (.rodata.str1.13146796147637671417.1)
                  000085d9    0000004e     functions.o (.rodata.str1.17622889657162422067.1)
                  00008627    00000047     sm.o (.rodata.str1.9015906912367349520.1)
                  0000866e    00000046     functions.o (.rodata.str1.4040450050525152614.1)
                  000086b4    00000045     sm.o (.rodata.str1.1063156588815008888.1)
                  000086f9    00000045     sm.o (.rodata.str1.4246753389219725692.1)
                  0000873e    00000044     sm.o (.rodata.str1.13806940085091765864.1)
                  00008782    0000003c     functions.o (.rodata.str1.17112998893623131760.1)
                  000087be    0000003b     sm.o (.rodata.str1.14549782969676864611.1)
                  000087f9    00000034     functions.o (.rodata.str1.9504405780896684869.1)
                  0000882d    00000033     functions.o (.rodata.str1.11489194655681450928.1)
                  00008860    00000033     sm.o (.rodata.str1.8584159046200810494.1)
                  00008893    00000032     sm.o (.rodata.str1.13484114370921697230.1)
                  000088c5    00000031     sm.o (.rodata.str1.10642223667573325030.1)
                  000088f6    00000031     sm.o (.rodata.str1.11068927846319053752.1)
                  00008927    00000031     main.o (.rodata.str1.16265332423659789559.1)
                  00008958    00000030     functions.o (.rodata.str1.10394495994740858438.1)
                  00008988    00000030     sm.o (.rodata.str1.4037816326677612176.1)
                  000089b8    0000002f     sm.o (.rodata.str1.14503845784781406648.1)
                  000089e7    0000002f     main.o (.rodata.str1.18227636981041470289.1)
                  00008a16    0000002f     sm.o (.rodata.str1.5902499864709179373.1)
                  00008a45    0000002f     functions.o (.rodata.str1.8276779995786722914.1)
                  00008a74    0000002e     sm.o (.rodata.str1.7407045868909886887.1)
                  00008aa2    0000002d     functions.o (.rodata.str1.10930655922842606279.1)
                  00008acf    0000002d     sm.o (.rodata.str1.15263261969876506099.1)
                  00008afc    0000002d     functions.o (.rodata.str1.16614484817706633923.1)
                  00008b29    0000002d     sm.o (.rodata.str1.18168530628163698856.1)
                  00008b56    0000002d     functions.o (.rodata.str1.6579945242302544448.1)
                  00008b83    0000002d     functions.o (.rodata.str1.7108839738911806945.1)
                  00008bb0    0000002c     sm.o (.rodata.str1.10074234193553229488.1)
                  00008bdc    0000002c     functions.o (.rodata.str1.15647711897633472048.1)
                  00008c08    0000002c     sm.o (.rodata.str1.8034107793878613880.1)
                  00008c34    0000002c     sm.o (.rodata.str1.9289128541405963657.1)
                  00008c60    0000002b     sm.o (.rodata.str1.6344330448771139984.1)
                  00008c8b    0000002b     sm.o (.rodata.str1.6706714306804812513.1)
                  00008cb6    0000002b     main.o (.rodata.str1.9059077390166914652.1)
                  00008ce1    0000002a     functions.o (.rodata.str1.12257129677820421622.1)
                  00008d0b    0000002a     sm.o (.rodata.str1.12397014039803638819.1)
                  00008d35    0000002a     sm.o (.rodata.str1.15372665486712371875.1)
                  00008d5f    0000002a     sm.o (.rodata.str1.6352479086615376674.1)
                  00008d89    00000029     functions.o (.rodata.str1.2957129483359387701.1)
                  00008db2    00000028     sm.o (.rodata.str1.11215331670978367741.1)
                  00008dda    00000028     sm.o (.rodata.str1.13948261255381090312.1)
                  00008e02    00000028     functions.o (.rodata.str1.2654337880733388962.1)
                  00008e2a    00000027     functions.o (.rodata.str1.13361924668150654931.1)
                  00008e51    00000026     sm.o (.rodata.str1.13621750700109600483.1)
                  00008e77    00000026     functions.o (.rodata.str1.17600609178903569978.1)
                  00008e9d    00000026     functions.o (.rodata.str1.2190941444116491765.1)
                  00008ec3    00000026     functions.o (.rodata.str1.7324634916810494498.1)
                  00008ee9    00000025     functions.o (.rodata.str1.13786467237224150958.1)
                  00008f0e    00000025     main.o (.rodata.str1.14402440632258215044.1)
                  00008f33    00000025     sm.o (.rodata.str1.17423919968933139206.1)
                  00008f58    00000024     functions.o (.rodata.str1.2298903785866919411.1)
                  00008f7c    00000024     functions.o (.rodata.str1.5556253844797924259.1)
                  00008fa0    00000024     functions.o (.rodata.str1.823074591787180899.1)
                  00008fc4    00000023     sm.o (.rodata.str1.11648297443984318551.1)
                  00008fe7    00000023     sm.o (.rodata.str1.11772150931471950449.1)
                  0000900a    00000023     functions.o (.rodata.str1.11852899632267644254.1)
                  0000902d    00000023     uart.o (.rodata.str1.14464947116831474962.1)
                  00009050    00000022     functions.o (.rodata.str1.10105263805998509149.1)
                  00009072    00000022     functions.o (.rodata.str1.11345522308171243087.1)
                  00009094    00000022     functions.o (.rodata.str1.12716370140545181522.1)
                  000090b6    00000022     functions.o (.rodata.str1.13183419841694627606.1)
                  000090d8    00000022     functions.o (.rodata.str1.16113805747440866019.1)
                  000090fa    00000022     functions.o (.rodata.str1.17162129685140799346.1)
                  0000911c    00000022     functions.o (.rodata.str1.17873271132953962449.1)
                  0000913e    00000022     functions.o (.rodata.str1.2216088936736676215.1)
                  00009160    00000022     functions.o (.rodata.str1.2347775125427912132.1)
                  00009182    00000022     sm.o (.rodata.str1.3526079463663072691.1)
                  000091a4    00000022     functions.o (.rodata.str1.5905555877690922764.1)
                  000091c6    00000022     sm.o (.rodata.str1.7778359008883983518.1)
                  000091e8    00000022     functions.o (.rodata.str1.9629253951102113371.1)
                  0000920a    00000022     sm.o (.rodata.str1.9632891986468774824.1)
                  0000922c    00000021     functions.o (.rodata.str1.10302267126528799586.1)
                  0000924d    00000021     sm.o (.rodata.str1.10482923654445235652.1)
                  0000926e    00000021     functions.o (.rodata.str1.11548324711019379123.1)
                  0000928f    00000021     functions.o (.rodata.str1.11584461607463951922.1)
                  000092b0    00000021     functions.o (.rodata.str1.17669684748118727147.1)
                  000092d1    00000021     functions.o (.rodata.str1.1787322033648190911.1)
                  000092f2    00000021     sm.o (.rodata.str1.18120461028340026678.1)
                  00009313    00000021     functions.o (.rodata.str1.4198453541086758413.1)
                  00009334    00000021     functions.o (.rodata.str1.8113497073403762318.1)
                  00009355    00000021     sm.o (.rodata.str1.9744198617531312687.1)
                  00009376    00000020     functions.o (.rodata.str1.10387253022637546114.1)
                  00009396    00000020     functions.o (.rodata.str1.11373607083750233779.1)
                  000093b6    00000020     functions.o (.rodata.str1.11488970495173820783.1)
                  000093d6    00000020     functions.o (.rodata.str1.13060549876486072544.1)
                  000093f6    00000020     functions.o (.rodata.str1.13258710136769708401.1)
                  00009416    00000020     functions.o (.rodata.str1.13405053720543497480.1)
                  00009436    00000020     functions.o (.rodata.str1.1518209179495633459.1)
                  00009456    00000020     functions.o (.rodata.str1.17954340015018547257.1)
                  00009476    00000020     functions.o (.rodata.str1.3107984650851015417.1)
                  00009496    00000020     sm.o (.rodata.str1.4065237578060095866.1)
                  000094b6    00000020     functions.o (.rodata.str1.4088760258362988122.1)
                  000094d6    00000020     functions.o (.rodata.str1.6954128830300373732.1)
                  000094f6    0000001f     sm.o (.rodata.str1.11717421970834805807.1)
                  00009515    0000001f     functions.o (.rodata.str1.12082073636076449582.1)
                  00009534    0000001f     main.o (.rodata.str1.14112174005742061988.1)
                  00009553    0000001f     functions.o (.rodata.str1.1798579838546719175.1)
                  00009572    0000001f     functions.o (.rodata.str1.18157200286260056646.1)
                  00009591    0000001f     functions.o (.rodata.str1.2128294674425382420.1)
                  000095b0    0000001f     functions.o (.rodata.str1.5699953771227312792.1)
                  000095cf    0000001f     functions.o (.rodata.str1.6743441520423956273.1)
                  000095ee    0000001f     sm.o (.rodata.str1.7174287618723474338.1)
                  0000960d    0000001f     sm.o (.rodata.str1.739421897647983371.1)
                  0000962c    0000001f     functions.o (.rodata.str1.9955790773425000222.1)
                  0000964b    0000001e     functions.o (.rodata.str1.12869987097872302101.1)
                  00009669    0000001e     functions.o (.rodata.str1.16757203657686794125.1)
                  00009687    0000001e     functions.o (.rodata.str1.455706336395187257.1)
                  000096a5    0000001e     functions.o (.rodata.str1.4910338030008278487.1)
                  000096c3    0000001e     functions.o (.rodata.str1.9506313465773766142.1)
                  000096e1    0000001d     sm.o (.rodata.str1.15093750064768470170.1)
                  000096fe    0000001d     sm.o (.rodata.str1.16693181242034351236.1)
                  0000971b    0000001d     functions.o (.rodata.str1.504123949362312185.1)
                  00009738    0000001c     functions.o (.rodata.str1.10868672936327135180.1)
                  00009754    0000001c     main.o (.rodata.str1.12180500075719773345.1)
                  00009770    0000001c     sm.o (.rodata.str1.14409242992350981092.1)
                  0000978c    0000001b     functions.o (.rodata.str1.11296493460036947760.1)
                  000097a7    0000001b     functions.o (.rodata.str1.13213250456124221025.1)
                  000097c2    0000001b     functions.o (.rodata.str1.14247832736261690914.1)
                  000097dd    0000001b     functions.o (.rodata.str1.14296218639596138037.1)
                  000097f8    0000001b     functions.o (.rodata.str1.1463293767001829125.1)
                  00009813    0000001b     functions.o (.rodata.str1.17124744513834159004.1)
                  0000982e    0000001b     functions.o (.rodata.str1.4930741957133989383.1)
                  00009849    0000001b     functions.o (.rodata.str1.5896414462293131170.1)
                  00009864    0000001b     sm.o (.rodata.str1.6474326562643168034.1)
                  0000987f    0000001b     functions.o (.rodata.str1.7276749916342729794.1)
                  0000989a    0000001a     functions.o (.rodata.str1.12871985577256932554.1)
                  000098b4    0000001a     functions.o (.rodata.str1.15416425971347363818.1)
                  000098ce    0000001a     functions.o (.rodata.str1.16929425599360063401.1)
                  000098e8    0000001a     functions.o (.rodata.str1.16985884696085998545.1)
                  00009902    0000001a     functions.o (.rodata.str1.17242831494859343374.1)
                  0000991c    0000001a     functions.o (.rodata.str1.2006883888705870762.1)
                  00009936    0000001a     sm.o (.rodata.str1.4973344438314436649.1)
                  00009950    0000001a     functions.o (.rodata.str1.5117621188084071403.1)
                  0000996a    0000001a     sm.o (.rodata.str1.5346473246348048464.1)
                  00009984    0000001a     functions.o (.rodata.str1.771275161403278999.1)
                  0000999e    00000019     functions.o (.rodata.str1.11596568296542930794.1)
                  000099b7    00000019     functions.o (.rodata.str1.14496393926573069083.1)
                  000099d0    00000019     functions.o (.rodata.str1.15927518266867229498.1)
                  000099e9    00000019     functions.o (.rodata.str1.3123360382440319361.1)
                  00009a02    00000019     functions.o (.rodata.str1.3739636256912452571.1)
                  00009a1b    00000019     functions.o (.rodata.str1.4531601087117612729.1)
                  00009a34    00000019     functions.o (.rodata.str1.7085808795165203043.1)
                  00009a4d    00000003     functions.o (.rodata.str1.12122565456592184258.1)
                  00009a50    00000018     ti_msp_dl_config.o (.rodata.gDMA_CH0Config)
                  00009a68    00000018     ti_msp_dl_config.o (.rodata.gDMA_CH1Config)
                  00009a80    00000018     functions.o (.rodata.str1.11087625087312282266.1)
                  00009a98    00000018     functions.o (.rodata.str1.13647871663007229205.1)
                  00009ab0    00000018     functions.o (.rodata.str1.14504089057119714207.1)
                  00009ac8    00000018     main.o (.rodata.str1.8154729771448623357.1)
                  00009ae0    00000018     functions.o (.rodata.str1.831622212789273363.1)
                  00009af8    00000017     functions.o (.rodata.str1.12250083639950253671.1)
                  00009b0f    00000017     sm.o (.rodata.str1.14489403169315687886.1)
                  00009b26    00000017     functions.o (.rodata.str1.15667472894159448674.1)
                  00009b3d    00000017     functions.o (.rodata.str1.15914577833492633752.1)
                  00009b54    00000017     functions.o (.rodata.str1.17588442350683572369.1)
                  00009b6b    00000017     functions.o (.rodata.str1.18169768820860067831.1)
                  00009b82    00000017     functions.o (.rodata.str1.2132137826339264873.1)
                  00009b99    00000017     functions.o (.rodata.str1.303947978237559523.1)
                  00009bb0    00000017     functions.o (.rodata.str1.3274426514815924028.1)
                  00009bc7    00000017     functions.o (.rodata.str1.3322434249706281543.1)
                  00009bde    00000017     functions.o (.rodata.str1.389011575781332116.1)
                  00009bf5    00000017     functions.o (.rodata.str1.5514502381961403268.1)
                  00009c0c    00000017     functions.o (.rodata.str1.8430466031500812981.1)
                  00009c23    00000017     functions.o (.rodata.str1.9659379646541333203.1)
                  00009c3a    00000016     functions.o (.rodata.str1.11093425900794288272.1)
                  00009c50    00000016     functions.o (.rodata.str1.13291850131445628085.1)
                  00009c66    00000016     sm.o (.rodata.str1.13991456850027960978.1)
                  00009c7c    00000016     uart.o (.rodata.str1.15503172443992438641.1)
                  00009c92    00000016     functions.o (.rodata.str1.16344480386849582482.1)
                  00009ca8    00000016     functions.o (.rodata.str1.17004305802620412261.1)
                  00009cbe    00000016     functions.o (.rodata.str1.3066531604708884151.1)
                  00009cd4    00000016     functions.o (.rodata.str1.3098115528246613681.1)
                  00009cea    00000016     functions.o (.rodata.str1.3156050197955811031.1)
                  00009d00    00000015     functions.o (.rodata.str1.11158820112163685190.1)
                  00009d15    00000015     functions.o (.rodata.str1.11371842499512143921.1)
                  00009d2a    00000015     functions.o (.rodata.str1.11740181311745255940.1)
                  00009d3f    00000015     functions.o (.rodata.str1.14660004578859228044.1)
                  00009d54    00000015     functions.o (.rodata.str1.17418132220924322792.1)
                  00009d69    00000015     functions.o (.rodata.str1.2153166669032916089.1)
                  00009d7e    00000015     functions.o (.rodata.str1.6886749528440134913.1)
                  00009d93    00000015     functions.o (.rodata.str1.7667325258934765219.1)
                  00009da8    00000015     uart.o (.rodata.str1.8171864734171609186.1)
                  00009dbd    00000015     functions.o (.rodata.str1.9393216526452698668.1)
                  00009dd2    00000015     functions.o (.rodata.str1.9866892624350641238.1)
                  00009de7    00000015     functions.o (.rodata.str1.9987864939932165754.1)
                  00009dfc    00000014     sm.o (.rodata.str1.176426320472047157.1)
                  00009e10    00000014     functions.o (.rodata.str1.9119127971185803168.1)
                  00009e24    00000013     functions.o (.rodata.str1.13554695696533425351.1)
                  00009e37    00000012     functions.o (.rodata.str1.1912318065655334061.1)
                  00009e49    00000012     functions.o (.rodata.str1.5320122413559821118.1)
                  00009e5b    00000011     libc.a : _printfi.c.obj (.rodata.str1.10348868589481759720.1)
                  00009e6c    00000011     functions.o (.rodata.str1.14125585639945481457.1)
                  00009e7d    00000011     functions.o (.rodata.str1.14754684760099289372.1)
                  00009e8e    00000011     libc.a : _printfi.c.obj (.rodata.str1.15363888844622738466.1)
                  00009e9f    00000011     functions.o (.rodata.str1.2305192595417680505.1)
                  00009eb0    00000011     functions.o (.rodata.str1.312031595841812858.1)
                  00009ec1    00000011     functions.o (.rodata.str1.6596733414268854495.1)
                  00009ed2    0000000f     sm.o (.rodata.str1.17326948429412206124.1)
                  00009ee1    0000000f     sm.o (.rodata.str1.5356927564740531700.1)
                  00009ef0    0000000f     functions.o (.rodata.str1.7987950595137088371.1)
                  00009eff    0000000e     functions.o (.rodata.str1.11900037607746946141.1)
                  00009f0d    0000000e     functions.o (.rodata.str1.14212890215622683485.1)
                  00009f1b    0000000e     functions.o (.rodata.str1.8855207564147674068.1)
                  00009f29    0000000d     functions.o (.rodata.str1.15981603964029308583.1)
                  00009f36    0000000d     functions.o (.rodata.str1.976629323795015702.1)
                  00009f43    0000000c     functions.o (.rodata.str1.11510568493784519380.1)
                  00009f4f    0000000c     functions.o (.rodata.str1.13707145581914847747.1)
                  00009f5b    0000000c     functions.o (.rodata.str1.14826907694073300720.1)
                  00009f67    0000000c     sm.o (.rodata.str1.5049054583350999548.1)
                  00009f73    0000000b     functions.o (.rodata.str1.62749256631814321.1)
                  00009f7e    0000000b     sm.o (.rodata.str1.6327918373674271190.1)
                  00009f89    0000000b     functions.o (.rodata.str1.8683587540435544184.1)
                  00009f94    0000000a     ti_msp_dl_config.o (.rodata.gSPI_1_config)
                  00009f9e    0000000a     ti_msp_dl_config.o (.rodata.gUART_0Config)
                  00009fa8    0000000a     sm.o (.rodata.str1.16767406482316045394.1)
                  00009fb2    0000000a     functions.o (.rodata.str1.502354497711140047.1)
                  00009fbc    0000000a     functions.o (.rodata.str1.5196872854305757230.1)
                  00009fc6    00000009     functions.o (.rodata.str1.11403685632016021771.1)
                  00009fcf    00000009     functions.o (.rodata.str1.13933329845969146692.1)
                  00009fd8    00000009     functions.o (.rodata.str1.16699442666505370998.1)
                  00009fe1    00000009     functions.o (.rodata.str1.17016031596792030868.1)
                  00009fea    00000009     uart.o (.rodata.str1.2747995240747259486.1)
                  00009ff3    00000009     functions.o (.rodata.str1.4561657886204501224.1)
                  00009ffc    00000009     sm.o (.rodata.str1.6783750177776626858.1)
                  0000a005    00000001     --HOLE-- [fill = 0]
                  0000a006    00000008     ti_msp_dl_config.o (.rodata.gRTCCalendarConfig)
                  0000a00e    00000008     functions.o (.rodata.str1.11391304066098951517.1)
                  0000a016    00000008     functions.o (.rodata.str1.11457859038367029433.1)
                  0000a01e    00000008     functions.o (.rodata.str1.14249227603012650231.1)
                  0000a026    00000008     functions.o (.rodata.str1.14424774467072349609.1)
                  0000a02e    00000008     functions.o (.rodata.str1.15871961652988661611.1)
                  0000a036    00000008     functions.o (.rodata.str1.17144429639171527548.1)
                  0000a03e    00000008     sm.o (.rodata.str1.2368464458259458814.1)
                  0000a046    00000008     main.o (.rodata.str1.2846389346932560359.1)
                  0000a04e    00000008     functions.o (.rodata.str1.4307635291288551838.1)
                  0000a056    00000008     sm.o (.rodata.str1.5132831376632134849.1)
                  0000a05e    00000008     sm.o (.rodata.str1.5312347836719562665.1)
                  0000a066    00000008     sm.o (.rodata.str1.6205510967830628372.1)
                  0000a06e    00000008     functions.o (.rodata.str1.7723146404961276984.1)
                  0000a076    00000008     functions.o (.rodata.str1.8841248051089024616.1)
                  0000a07e    00000008     sm.o (.rodata.str1.9131400256122924013.1)
                  0000a086    00000007     functions.o (.rodata.str1.13497160822588500659.1)
                  0000a08d    00000007     sm.o (.rodata.str1.14195156662174812531.1)
                  0000a094    00000007     functions.o (.rodata.str1.18285776561876861988.1)
                  0000a09b    00000007     functions.o (.rodata.str1.4144252613811081812.1)
                  0000a0a2    00000007     functions.o (.rodata.str1.5994875290679588583.1)
                  0000a0a9    00000007     functions.o (.rodata.str1.7261598007108977983.1)
                  0000a0b0    00000006     functions.o (.rodata.str1.10029850049327752681.1)
                  0000a0b6    00000006     functions.o (.rodata.str1.12609848238114409581.1)
                  0000a0bc    00000006     functions.o (.rodata.str1.14779408147115502373.1)
                  0000a0c2    00000006     main.o (.rodata.str1.15996357275703397564.1)
                  0000a0c8    00000006     sm.o (.rodata.str1.1754728263209323642.1)
                  0000a0ce    00000006     functions.o (.rodata.str1.2872345601479061820.1)
                  0000a0d4    00000006     sm.o (.rodata.str1.5816792156425397620.1)
                  0000a0da    00000005     sm.o (.rodata.str1.11280623484315938962.1)
                  0000a0df    00000005     functions.o (.rodata.str1.11621569494667626893.1)
                  0000a0e4    00000005     sm.o (.rodata.str1.12574763742279629214.1)
                  0000a0e9    00000005     functions.o (.rodata.str1.13225435875195226696.1)
                  0000a0ee    00000005     main.o (.rodata.str1.15159059442110792349.1)
                  0000a0f3    00000005     functions.o (.rodata.str1.15241132200125037881.1)
                  0000a0f8    00000005     functions.o (.rodata.str1.16386345573460399209.1)
                  0000a0fd    00000005     functions.o (.rodata.str1.17171889877841249491.1)
                  0000a102    00000005     functions.o (.rodata.str1.2618360898605671341.1)
                  0000a107    00000005     main.o (.rodata.str1.288608917962107522.1)
                  0000a10c    00000005     functions.o (.rodata.str1.2989574447005584482.1)
                  0000a111    00000005     functions.o (.rodata.str1.3172367308849033862.1)
                  0000a116    00000005     functions.o (.rodata.str1.4959705119256106851.1)
                  0000a11b    00000004     functions.o (.rodata.str1.11538060877586311343.1)
                  0000a11f    00000004     functions.o (.rodata.str1.13750405472340812261.1)
                  0000a123    00000004     functions.o (.rodata.str1.14079700471513303319.1)
                  0000a127    00000004     functions.o (.rodata.str1.16726128468901222387.1)
                  0000a12b    00000004     main.o (.rodata.str1.17100691992556644108.1)
                  0000a12f    00000004     functions.o (.rodata.str1.2344728598999326712.1)
                  0000a133    00000004     functions.o (.rodata.str1.3544098629501009633.1)
                  0000a137    00000003     uart.o (.rodata.str1.12819099410943012003.1)
                  0000a13a    00000003     functions.o (.rodata.str1.13318008327193210645.1)
                  0000a13d    00000003     functions.o (.rodata.str1.16499007181999684178.1)
                  0000a140    00000003     main.o (.rodata.str1.2123964117280943167.1)
                  0000a143    00000003     main.o (.rodata.str1.7702501944640899365.1)
                  0000a146    00000002     ti_msp_dl_config.o (.rodata.gI2C_0ClockConfig)
                  0000a148    00000002     ti_msp_dl_config.o (.rodata.gI2C_1ClockConfig)
                  0000a14a    00000002     ti_msp_dl_config.o (.rodata.gSPI_1_clockConfig)
                  0000a14c    00000002     ti_msp_dl_config.o (.rodata.gUART_0ClockConfig)
                  0000a14e    00000002     uart.o (.rodata.str1.3510367808670815947.1)
                  0000a150    00000002     functions.o (.rodata.str1.9586352787182320994.1)
                  0000a152    0000000e     --HOLE-- [fill = 0]

.init_array 
*          0    00000000    00000000     UNINITIALIZED

.binit     0    00000000    00000000     

.bss       0    20200000    0000079d     UNINITIALIZED
                  20200000    00000200     sm.o (.bss.json_buf)
                  20200200    00000200     (.common:gSPI_RxPacket)
                  20200400    00000200     (.common:gSPI_TxPacket)
                  20200600    00000078     uart.o (.bss.commandList)
                  20200678    0000004c     (.common:sm_context)
                  202006c4    00000040     (.common:UART_Buffer)
                  20200704    00000028     (.common:gSPI_1Backup)
                  2020072c    00000022     (.common:gRxPacket)
                  2020074e    00000022     (.common:gTxPacket)
                  20200770    0000001c     (.common:stm32Spi)
                  2020078c    00000004     (.common:gRxCount)
                  20200790    00000004     (.common:gRxLen)
                  20200794    00000004     (.common:gTxCount)
                  20200798    00000004     (.common:gTxLen)
                  2020079c    00000001     (.common:gI2cControllerStatus)

.data      0    202007a0    0000004b     UNINITIALIZED
                  202007a0    0000001c     BQ27Z7_functions.o (.data.g_telem)
                  202007bc    00000004     libc.a : aeabi_portable.c.obj (.data.__aeabi_errno)
                  202007c0    00000004     uart.o (.data.commandCount)
                  202007c4    00000004     BQ25628_functions.o (.data.g_tbat_C)
                  202007c8    00000004     libc.a : strtok.c.obj (.data.last_end)
                  202007cc    00000004     sm.o (.data.last_safety_status)
                  202007d0    00000004     main.o (.data.monitor_rate)
                  202007d4    00000002     BQ25628_functions.o (.data.g_ibat_mA)
                  202007d6    00000002     BQ25628_functions.o (.data.g_ibus_mA)
                  202007d8    00000002     BQ25628_functions.o (.data.g_tdie_C)
                  202007da    00000002     BQ25628_functions.o (.data.g_vbat_mV)
                  202007dc    00000002     BQ25628_functions.o (.data.g_vbus_mV)
                  202007de    00000002     BQ25628_functions.o (.data.g_vsys_mV)
                  202007e0    00000001     main.o (.data.bq_monitor_active)
                  202007e1    00000001     uart.o (.data.char_index)
                  202007e2    00000001     uart.o (.data.data_received)
                  202007e3    00000001     gauge.o (.data.g_gaugeAddr)
                  202007e4    00000001     main.o (.data.gauge_monitor_active)
                  202007e5    00000001     main.o (.data.hall_monitor_active)
                  202007e6    00000001     main.o (.data.hall_wakeup_flag)
                  202007e7    00000001     sm.o (.data.last_charger_status)
                  202007e8    00000001     main.o (.data.rtc_minute_tick)
                  202007e9    00000001     main.o (.data.rtc_second_tick)
                  202007ea    00000001     main.o (.data.stm_io2_flag)

.stack     0    20207e00    00000200     UNINITIALIZED
                  20207e00    00000004     libc.a : boot_cortex_m.c.obj (.stack)
                  20207e04    000001fc     --HOLE--

__llvm_prf_cnts 
*          0    20200000    00000000     UNINITIALIZED

__llvm_prf_bits 
*          0    20200000    00000000     UNINITIALIZED

MODULE SUMMARY

       Module                         code    ro data   rw data
       ------                         ----    -------   -------
    .\
       functions.o                    4782    5262      0      
       sm.o                           5454    2560      593    
       ti_msp_dl_config.o             2806    87        40     
       main.o                         676     293       11     
       startup_mspm0g350x_ticlang.o   8       192       0      
    +--+------------------------------+-------+---------+---------+
       Total:                         13726   8394      644    
                                                               
    .\HAL\
       i2c.o                          1574    0         85     
       spi_master.o                   492     0         1052   
       uart.o                         1112    92        190    
    +--+------------------------------+-------+---------+---------+
       Total:                         3178    92        1327   
                                                               
    .\ics\BQ25628\
       BQ25628_functions.o            2068    1560      16     
    +--+------------------------------+-------+---------+---------+
       Total:                         2068    1560      16     
                                                               
    .\ics\BQ27Z7\
       BQ27Z7_functions.o             1704    0         28     
       gauge.o                        300     0         1      
    +--+------------------------------+-------+---------+---------+
       Total:                         2004    0         29     
                                                               
    C:/ti/mspm0_sdk_2_09_00_01/source/ti/driverlib/lib/ticlang/m0p/mspm0g1x0x_g3x0x/driverlib.a
       dl_rtc_common.o                288     0         0      
       dl_i2c.o                       240     0         0      
       dl_uart.o                      138     0         0      
       dl_sysctl_mspm0g1x0x_g3x0x.o   96      0         0      
       dl_spi.o                       86      0         0      
       dl_dma.o                       76      0         0      
       dl_common.o                    10      0         0      
    +--+------------------------------+-------+---------+---------+
       Total:                         934     0         0      
                                                               
    C:\ti\ccs2031\ccs\tools\compiler\ti-cgt-armllvm_4.0.4.LTS\lib\armv6m-ti-none-eabi/c/libc.a
       _printfi.c.obj                 4510    34        0      
       aeabi_ctype.S.obj              0       257       0      
       s_scalbn.c.obj                 216     0         0      
       snprintf.c.obj                 148     0         0      
       s_floorf.c.obj                 140     0         0      
       strcmp-armv6m.S.obj            136     0         0      
       vsnprintf.c.obj                136     0         0      
       copy_decompress_lzss.c.obj     124     0         0      
       s_roundf.c.obj                 114     0         0      
       s_frexp.c.obj                  92      0         0      
       _ltoa.c.obj                    88      0         0      
       strtok.c.obj                   72      0         4      
       atoi.c.obj                     64      0         0      
       autoinit.c.obj                 60      0         0      
       boot_cortex_m.c.obj            56      0         0      
       strncpy.c.obj                  44      0         0      
       strspn.c.obj                   38      0         0      
       strcspn.c.obj                  36      0         0      
       memccpy.c.obj                  34      0         0      
       strchr.c.obj                   20      0         0      
       copy_decompress_none.c.obj     18      0         0      
       memcpy16.S.obj                 18      0         0      
       copy_zero_init.c.obj           16      0         0      
       wcslen.c.obj                   16      0         0      
       memset16.S.obj                 14      0         0      
       strcpy.c.obj                   14      0         0      
       strlen.c.obj                   14      0         0      
       aeabi_portable.c.obj           8       0         4      
       exit.c.obj                     6       0         0      
       pre_init.c.obj                 4       0         0      
    +--+------------------------------+-------+---------+---------+
       Total:                         6256    291       8      
                                                               
    C:\ti\ccs2031\ccs\tools\compiler\ti-cgt-armllvm_4.0.4.LTS\lib\armv6m-ti-none-eabi/c/libsysbm.a
       hostexit.c.obj                 4       0         0      
    +--+------------------------------+-------+---------+---------+
       Total:                         4       0         0      
                                                               
    C:\ti\ccs2031\ccs\tools\compiler\ti-cgt-armllvm_4.0.4.LTS\lib\armv6m-ti-none-eabi/libclang_rt.builtins.a
       adddf3.S.obj                   418     0         0      
       divdf3.S.obj                   268     0         0      
       addsf3.S.obj                   232     0         0      
       muldf3.S.obj                   228     0         0      
       comparedf2.c.obj               220     0         0      
       udivmoddi4.S.obj               162     0         0      
       mulsf3.S.obj                   140     0         0      
       divsf3.S.obj                   130     0         0      
       comparesf2.S.obj               118     0         0      
       aeabi_dcmp.S.obj               98      0         0      
       aeabi_fcmp.S.obj               98      0         0      
       aeabi_idivmod.S.obj            86      0         0      
       fixdfsi.S.obj                  74      0         0      
       aeabi_uidivmod.S.obj           64      0         0      
       extendsfdf2.S.obj              64      0         0      
       floatsisf.S.obj                60      0         0      
       muldsi3.S.obj                  58      0         0      
       fixsfsi.S.obj                  56      0         0      
       floatsidf.S.obj                44      0         0      
       muldi3.S.obj                   36      0         0      
       ashldi3.S.obj                  30      0         0      
       aeabi_memset.S.obj             26      0         0      
       aeabi_uldivmod.S.obj           20      0         0      
       aeabi_memcpy.S.obj             8       0         0      
       aeabi_div0.c.obj               4       0         0      
    +--+------------------------------+-------+---------+---------+
       Total:                         2742    0         0      
                                                               
       Stack:                         0       0         512    
       Linker Generated:              0       51        0      
    +--+------------------------------+-------+---------+---------+
       Grand Total:                   30912   10388     2536   


LINKER GENERATED COPY TABLES

__TI_cinit_table @ 0000a184 records: 2, size/record: 8, table size: 16
	.data: load addr=0000a160, load size=0000000f bytes, run addr=202007a0, run size=0000004b bytes, compression=lzss
	.bss: load addr=0000a17c, load size=00000008 bytes, run addr=20200000, run size=0000079d bytes, compression=zero_init


LINKER GENERATED HANDLER TABLE

__TI_handler_table @ 0000a170 records: 3, size/record: 4, table size: 12
	index: 0, handler: __TI_decompress_lzss
	index: 1, handler: __TI_decompress_none
	index: 2, handler: __TI_zero_init


FAR CALL TRAMPOLINES

callee name               trampoline name
   callee addr  tramp addr   call addr  call info
--------------  -----------  ---------  ----------------
__aeabi_dsub              $Tramp$TT$L$PI$$__aeabi_dsub
   00002941     00007918     00007914   libc.a : _printfi.c.obj (.text.OUTLINED_FUNCTION_0)
__aeabi_fadd              $Tramp$TT$L$PI$$__aeabi_fadd
   00003e77     00007934     00007930   libc.a : s_roundf.c.obj (.text.OUTLINED_FUNCTION_0)
_c_int00_noargs           $Tramp$TT$L$PI$$_c_int00_noargs
   00006c25     00007990     0000798a   startup_mspm0g350x_ticlang.o (.text.Reset_Handler)

[3 trampolines]
[3 trampoline calls]


GLOBAL SYMBOLS: SORTED ALPHABETICALLY BY Name 

address   name                          
-------   ----                          
00007983  ADC0_IRQHandler               
00007983  ADC1_IRQHandler               
00007983  AES_IRQHandler                
00006575  BQ25628E_ADC_Control          
0000620d  BQ25628E_ApplyProfile         
00007775  BQ25628E_Disable_Watchdog     
000078f9  BQ25628E_GetFaultFlags        
000077d9  BQ25628E_Get_IBAT_mA          
000077e5  BQ25628E_Get_IBUS_mA          
000077f1  BQ25628E_Get_TBAT_C           
000077fd  BQ25628E_Get_TDIE_C           
00007809  BQ25628E_Get_VBAT_mV          
00007815  BQ25628E_Get_VBUS_mV          
00007821  BQ25628E_Get_VSYS_mV          
0000782d  BQ25628E_HardwareInit         
00005b09  BQ25628E_Init_Default         
0000668d  BQ25628E_ReadReg16            
000068d9  BQ25628E_ReadReg8             
0000579d  BQ25628E_Set_ICHG_mA          
000057f5  BQ25628E_Set_IINDPM_mA        
00007783  BQ25628E_Set_PeakDischarge_6A 
00005b5d  BQ25628E_Set_Precharge_mA     
00005bb1  BQ25628E_Set_Termination_mA   
0000500d  BQ25628E_Set_VINDPM_mV        
000053f1  BQ25628E_Set_VREG_mV          
00005451  BQ25628E_Set_VSYSMIN_mV       
00005cff  BQ25628E_UpdateBits8          
000023c1  BQ25628E_UpdateTelemetry      
00006729  BQ25628E_WriteReg16           
00006ce5  BQ25628E_WriteReg8            
00005571  BQ27Z746_GetChargingStatus    
000059ad  BQ27Z746_GetChemID            
00005a03  BQ27Z746_GetDeviceType        
00005a59  BQ27Z746_GetFirmwareVersion   
00005265  BQ27Z746_GetOperationStatus   
000052c7  BQ27Z746_GetSafetyStatus      
00004ae9  BQ27Z746_GetTempConfig        
00007839  BQ27Z746_Get_AvgCurrent_mA    
00007845  BQ27Z746_Get_AvgPower_mW      
00007851  BQ27Z746_Get_BatteryStatus    
0000785d  BQ27Z746_Get_Current_mA       
00007869  BQ27Z746_Get_CycleCount       
00007875  BQ27Z746_Get_FullChargeCap_mAh
00007881  BQ27Z746_Get_InternalTemp_C   
0000788d  BQ27Z746_Get_RemainingCap_mAh 
00007899  BQ27Z746_Get_SOC_pct          
000078a5  BQ27Z746_Get_StateOfHealth_pct
000078b1  BQ27Z746_Get_Temperature_C    
000078bd  BQ27Z746_Get_TimeToEmpty_min  
000078c9  BQ27Z746_Get_TimeToFull_min   
000078d5  BQ27Z746_Get_Voltage_mV       
000065ad  BQ27Z746_Init                 
000076d5  BQ27Z746_IsDischarging        
000076e5  BQ27Z746_IsFullyCharged       
000076f5  BQ27Z746_IsFullyDischarged    
000032d1  BQ27Z746_MAC_Read             
00007449  BQ27Z746_ReadAvgCurrent_mA    
0000745d  BQ27Z746_ReadAvgPower_mW      
000075c5  BQ27Z746_ReadBatteryStatus    
00007471  BQ27Z746_ReadCurrent_mA       
000075d7  BQ27Z746_ReadCycleCount       
000075e9  BQ27Z746_ReadFullChargeCap_mAh
000073f1  BQ27Z746_ReadInternalTemp_C   
000075fb  BQ27Z746_ReadRemainingCap_mAh 
00007485  BQ27Z746_ReadSOC_pct          
00007499  BQ27Z746_ReadStateOfHealth_pct
00007407  BQ27Z746_ReadTemperature_C    
0000760d  BQ27Z746_ReadTimeToEmpty_min  
0000761f  BQ27Z746_ReadTimeToFull_min   
00007631  BQ27Z746_ReadVoltage_mV       
00004415  BQ27Z746_UpdateTelemetry      
00007986  C$$EXIT                       
00007983  CANFD0_IRQHandler             
00003cbd  CLI_ProcessInput              
0000562d  CLI_RegisterCommand           
00004c45  CLI_Tokenize                  
00007983  DAC0_IRQHandler               
00007903  DL_Common_delayCycles         
00005ee1  DL_DMA_initChannel            
000055cf  DL_I2C_fillControllerTXFIFO   
000067b9  DL_I2C_flushControllerRXFIFO  
000063d1  DL_I2C_flushControllerTXFIFO  
00006c99  DL_I2C_setClockConfig         
00004975  DL_RTC_Common_getCalendarTime 
0000422d  DL_RTC_Common_initCalendar    
00006185  DL_SPI_init                   
00007679  DL_SPI_setClockConfig         
000054b1  DL_SYSCTL_setLFCLKSourceLFXT  
000060f5  DL_UART_init                  
0000769d  DL_UART_setClockConfig        
00006819  DL_UART_transmitDataBlocking  
00007983  DMA_IRQHandler                
00007983  Default_Handler               
00007983  GROUP0_IRQHandler             
0000584d  GROUP1_IRQHandler             
00007987  HOSTexit                      
00007983  HardFault_Handler             
00007715  I2C0_IRQHandler               
00007725  I2C1_IRQHandler               
00002c61  I2C_ReadDevice                
00003f45  I2C_TryAddress                
0000370d  I2C_WriteDevice               
00007983  NMI_Handler                   
00007983  PendSV_Handler                
00005c05  RTC_GetTime                   
00006251  RTC_IRQHandler                
00004181  RTC_SetTime                   
0000798b  Reset_Handler                 
00001681  Run_Legacy_Monitors           
00005511  SM_ChargingSafetyCheck        
00007735  SM_DisablePrescaler           
00007745  SM_EnablePrescaler            
00005071  SM_GetChargeString            
00004b5d  SM_GetStateString             
000050d5  SM_Init                       
00000a91  SM_Run                        
000048f5  SM_SafetyCheck                
0000640d  SM_Transition                 
00007983  SPI0_IRQHandler               
00005fc5  SPI1_IRQHandler               
000044b1  SPI_Controller_Arm            
000056e5  SPI_Controller_Init           
00007983  SVC_Handler                   
00007391  SYSCFG_DL_DMA_CH0_init        
000073a9  SYSCFG_DL_DMA_CH1_init        
000078e1  SYSCFG_DL_DMA_init            
00002799  SYSCFG_DL_GPIO_init           
00005139  SYSCFG_DL_I2C_0_init          
0000519d  SYSCFG_DL_I2C_1_init          
00005e41  SYSCFG_DL_RTC_init            
000058a5  SYSCFG_DL_SPI_1_init          
00006905  SYSCFG_DL_SYSCTL_init         
00006011  SYSCFG_DL_UART_0_init         
000066f5  SYSCFG_DL_init                
0000453d  SYSCFG_DL_initPower           
000034f5  Shared_I2C_IRQHandler         
00007983  SysTick_Handler               
00007983  TIMA0_IRQHandler              
00007983  TIMA1_IRQHandler              
00007983  TIMG0_IRQHandler              
00007983  TIMG12_IRQHandler             
00007983  TIMG6_IRQHandler              
00007983  TIMG7_IRQHandler              
00007983  TIMG8_IRQHandler              
000076af  TI_memcpy_small               
000077c9  TI_memset_small               
000070e9  UART0_IRQHandler              
00007983  UART1_IRQHandler              
00007983  UART2_IRQHandler              
00007983  UART3_IRQHandler              
00004019  UARTReceive                   
202006c4  UART_Buffer                   
20208000  __STACK_END                   
00000200  __STACK_SIZE                  
00000000  __TI_ATRegion0_region_sz      
00000000  __TI_ATRegion0_src_addr       
00000000  __TI_ATRegion0_trg_addr       
00000000  __TI_ATRegion1_region_sz      
00000000  __TI_ATRegion1_src_addr       
00000000  __TI_ATRegion1_trg_addr       
00000000  __TI_ATRegion2_region_sz      
00000000  __TI_ATRegion2_src_addr       
00000000  __TI_ATRegion2_trg_addr       
0000a184  __TI_CINIT_Base               
0000a194  __TI_CINIT_Limit              
0000a194  __TI_CINIT_Warm               
0000a170  __TI_Handler_Table_Base       
0000a17c  __TI_Handler_Table_Limit      
000064c1  __TI_auto_init_nobinit_nopinit
00004a6d  __TI_decompress_lzss          
000076c1  __TI_decompress_none          
000058fd  __TI_ltoa                     
ffffffff  __TI_pprof_out_hndl           
000000c1  __TI_printfi                  
ffffffff  __TI_prof_data_size           
ffffffff  __TI_prof_data_start          
00000000  __TI_static_base__            
00007765  __TI_zero_init                
0000294b  __adddf3                      
00003e77  __addsf3                      
00008400  __aeabi_ctype_table_          
00008400  __aeabi_ctype_table_C         
000060a9  __aeabi_d2iz                  
0000294b  __aeabi_dadd                  
00005329  __aeabi_dcmpeq                
00005365  __aeabi_dcmpge                
00005379  __aeabi_dcmpgt                
00005351  __aeabi_dcmple                
0000533d  __aeabi_dcmplt                
00003601  __aeabi_ddiv                  
00003a15  __aeabi_dmul                  
00002941  __aeabi_dsub                  
202007bc  __aeabi_errno                 
0000796d  __aeabi_errno_addr            
000062d1  __aeabi_f2d                   
0000661d  __aeabi_f2iz                  
00003e77  __aeabi_fadd                  
0000538d  __aeabi_fcmpeq                
000053c9  __aeabi_fcmpge                
000053dd  __aeabi_fcmpgt                
000053b5  __aeabi_fcmple                
000053a1  __aeabi_fcmplt                
00004871  __aeabi_fdiv                  
000045c9  __aeabi_fmul                  
00003e6d  __aeabi_fsub                  
00006a0d  __aeabi_i2d                   
00006449  __aeabi_i2f                   
00005ab1  __aeabi_idiv                  
00002ad3  __aeabi_idiv0                 
00005ab1  __aeabi_idivmod               
00004373  __aeabi_ldiv0                 
00006e7d  __aeabi_llsl                  
00006d2d  __aeabi_lmul                  
000078ed  __aeabi_memclr                
000078ed  __aeabi_memclr4               
000078ed  __aeabi_memclr8               
00007975  __aeabi_memcpy                
00007975  __aeabi_memcpy4               
00007975  __aeabi_memcpy8               
00007791  __aeabi_memset                
00007791  __aeabi_memset4               
00007791  __aeabi_memset8               
00006291  __aeabi_uidiv                 
00006291  __aeabi_uidivmod              
00007589  __aeabi_uldivmod              
00006e7d  __ashldi3                     
ffffffff  __binit__                     
00004ed5  __cmpdf2                      
000064fd  __cmpsf2                      
00003601  __divdf3                      
00004871  __divsf3                      
00004ed5  __eqdf2                       
000064fd  __eqsf2                       
000062d1  __extendsfdf2                 
000060a9  __fixdfsi                     
0000661d  __fixsfsi                     
00006a0d  __floatsidf                   
00006449  __floatsisf                   
00004bd1  __gedf2                       
00006485  __gesf2                       
00004bd1  __gtdf2                       
00006485  __gtsf2                       
00004ed5  __ledf2                       
000064fd  __lesf2                       
00004ed5  __ltdf2                       
000064fd  __ltsf2                       
UNDEFED   __mpu_init                    
00003a15  __muldf3                      
00006d2d  __muldi3                      
00006539  __muldsi3                     
000045c9  __mulsf3                      
00004ed5  __nedf2                       
000064fd  __nesf2                       
20207e00  __stack                       
20200000  __start___llvm_prf_bits       
20200000  __start___llvm_prf_cnts       
20200000  __stop___llvm_prf_bits        
20200000  __stop___llvm_prf_cnts        
00002941  __subdf3                      
00003e6d  __subsf3                      
000042d1  __udivmoddi4                  
00006c25  _c_int00_noargs               
00002f31  _calculateTempFromRt          
UNDEFED   _system_post_cinit            
000079a1  _system_pre_init              
0000797d  abort                         
00006311  atoi                          
ffffffff  binit                         
202007e0  bq_monitor_active             
202007e1  char_index                    
00001d0d  cmd_bq                        
0000115d  cmd_gauge                     
00003815  cmd_hall                      
00005e91  cmd_help                      
00003af9  cmd_i2cscan                   
00002de5  cmd_pwr                       
00001a35  cmd_sm                        
202007e2  data_received                 
00004655  floorf                        
00005741  frexp                         
00005741  frexpl                        
2020079c  gI2cControllerStatus          
2020078c  gRxCount                      
20200790  gRxLen                        
2020072c  gRxPacket                     
20200704  gSPI_1Backup                  
20200200  gSPI_RxPacket                 
20200400  gSPI_TxPacket                 
20200794  gTxCount                      
20200798  gTxLen                        
2020074e  gTxPacket                     
00006dfd  gauge_address                 
00006a39  gauge_cmd_read                
00007105  gauge_init                    
202007e4  gauge_monitor_active          
00004d25  gauge_read                    
00004d95  gauge_write                   
00006a65  get_UART_buffer               
00006bfd  hall_init                     
202007e5  hall_monitor_active           
202007e6  hall_wakeup_flag              
00006d51  i2c_init                      
00000000  interruptVectors              
00003d95  ldexp                         
00003d95  ldexpl                        
000040cd  main                          
00006d99  memccpy                       
202007d0  monitor_rate                  
00006351  printToUART                   
00004f3d  roundf                        
202007e8  rtc_minute_tick               
202007e9  rtc_second_tick               
00003d95  scalbn                        
00003d95  scalbnl                       
00004375  setupCLI                      
20200678  sm_context                    
0000605d  snprintf                      
20200770  stm32Spi                      
202007ea  stm_io2_flag                  
000075b1  strchr                        
000046e1  strcmp                        
0000779f  strcpy                        
00006d75  strcspn                       
000077bb  strlen                        
00006a91  strncpy                       
00006cbf  strspn                        
0000613d  strtok                        
000082c8  thermistor_table_E3103JT2A    
000079b0  thermistor_table_ntcc_10k     
00006e3d  uart_init                     
00005201  uart_printf                   
00006391  vsnprintf                     
00007755  wcslen                        


GLOBAL SYMBOLS: SORTED BY Symbol Address 

address   name                          
-------   ----                          
00000000  __TI_ATRegion0_region_sz      
00000000  __TI_ATRegion0_src_addr       
00000000  __TI_ATRegion0_trg_addr       
00000000  __TI_ATRegion1_region_sz      
00000000  __TI_ATRegion1_src_addr       
00000000  __TI_ATRegion1_trg_addr       
00000000  __TI_ATRegion2_region_sz      
00000000  __TI_ATRegion2_src_addr       
00000000  __TI_ATRegion2_trg_addr       
00000000  __TI_static_base__            
00000000  interruptVectors              
000000c1  __TI_printfi                  
00000200  __STACK_SIZE                  
00000a91  SM_Run                        
0000115d  cmd_gauge                     
00001681  Run_Legacy_Monitors           
00001a35  cmd_sm                        
00001d0d  cmd_bq                        
000023c1  BQ25628E_UpdateTelemetry      
00002799  SYSCFG_DL_GPIO_init           
00002941  __aeabi_dsub                  
00002941  __subdf3                      
0000294b  __adddf3                      
0000294b  __aeabi_dadd                  
00002ad3  __aeabi_idiv0                 
00002c61  I2C_ReadDevice                
00002de5  cmd_pwr                       
00002f31  _calculateTempFromRt          
000032d1  BQ27Z746_MAC_Read             
000034f5  Shared_I2C_IRQHandler         
00003601  __aeabi_ddiv                  
00003601  __divdf3                      
0000370d  I2C_WriteDevice               
00003815  cmd_hall                      
00003a15  __aeabi_dmul                  
00003a15  __muldf3                      
00003af9  cmd_i2cscan                   
00003cbd  CLI_ProcessInput              
00003d95  ldexp                         
00003d95  ldexpl                        
00003d95  scalbn                        
00003d95  scalbnl                       
00003e6d  __aeabi_fsub                  
00003e6d  __subsf3                      
00003e77  __addsf3                      
00003e77  __aeabi_fadd                  
00003f45  I2C_TryAddress                
00004019  UARTReceive                   
000040cd  main                          
00004181  RTC_SetTime                   
0000422d  DL_RTC_Common_initCalendar    
000042d1  __udivmoddi4                  
00004373  __aeabi_ldiv0                 
00004375  setupCLI                      
00004415  BQ27Z746_UpdateTelemetry      
000044b1  SPI_Controller_Arm            
0000453d  SYSCFG_DL_initPower           
000045c9  __aeabi_fmul                  
000045c9  __mulsf3                      
00004655  floorf                        
000046e1  strcmp                        
00004871  __aeabi_fdiv                  
00004871  __divsf3                      
000048f5  SM_SafetyCheck                
00004975  DL_RTC_Common_getCalendarTime 
00004a6d  __TI_decompress_lzss          
00004ae9  BQ27Z746_GetTempConfig        
00004b5d  SM_GetStateString             
00004bd1  __gedf2                       
00004bd1  __gtdf2                       
00004c45  CLI_Tokenize                  
00004d25  gauge_read                    
00004d95  gauge_write                   
00004ed5  __cmpdf2                      
00004ed5  __eqdf2                       
00004ed5  __ledf2                       
00004ed5  __ltdf2                       
00004ed5  __nedf2                       
00004f3d  roundf                        
0000500d  BQ25628E_Set_VINDPM_mV        
00005071  SM_GetChargeString            
000050d5  SM_Init                       
00005139  SYSCFG_DL_I2C_0_init          
0000519d  SYSCFG_DL_I2C_1_init          
00005201  uart_printf                   
00005265  BQ27Z746_GetOperationStatus   
000052c7  BQ27Z746_GetSafetyStatus      
00005329  __aeabi_dcmpeq                
0000533d  __aeabi_dcmplt                
00005351  __aeabi_dcmple                
00005365  __aeabi_dcmpge                
00005379  __aeabi_dcmpgt                
0000538d  __aeabi_fcmpeq                
000053a1  __aeabi_fcmplt                
000053b5  __aeabi_fcmple                
000053c9  __aeabi_fcmpge                
000053dd  __aeabi_fcmpgt                
000053f1  BQ25628E_Set_VREG_mV          
00005451  BQ25628E_Set_VSYSMIN_mV       
000054b1  DL_SYSCTL_setLFCLKSourceLFXT  
00005511  SM_ChargingSafetyCheck        
00005571  BQ27Z746_GetChargingStatus    
000055cf  DL_I2C_fillControllerTXFIFO   
0000562d  CLI_RegisterCommand           
000056e5  SPI_Controller_Init           
00005741  frexp                         
00005741  frexpl                        
0000579d  BQ25628E_Set_ICHG_mA          
000057f5  BQ25628E_Set_IINDPM_mA        
0000584d  GROUP1_IRQHandler             
000058a5  SYSCFG_DL_SPI_1_init          
000058fd  __TI_ltoa                     
000059ad  BQ27Z746_GetChemID            
00005a03  BQ27Z746_GetDeviceType        
00005a59  BQ27Z746_GetFirmwareVersion   
00005ab1  __aeabi_idiv                  
00005ab1  __aeabi_idivmod               
00005b09  BQ25628E_Init_Default         
00005b5d  BQ25628E_Set_Precharge_mA     
00005bb1  BQ25628E_Set_Termination_mA   
00005c05  RTC_GetTime                   
00005cff  BQ25628E_UpdateBits8          
00005e41  SYSCFG_DL_RTC_init            
00005e91  cmd_help                      
00005ee1  DL_DMA_initChannel            
00005fc5  SPI1_IRQHandler               
00006011  SYSCFG_DL_UART_0_init         
0000605d  snprintf                      
000060a9  __aeabi_d2iz                  
000060a9  __fixdfsi                     
000060f5  DL_UART_init                  
0000613d  strtok                        
00006185  DL_SPI_init                   
0000620d  BQ25628E_ApplyProfile         
00006251  RTC_IRQHandler                
00006291  __aeabi_uidiv                 
00006291  __aeabi_uidivmod              
000062d1  __aeabi_f2d                   
000062d1  __extendsfdf2                 
00006311  atoi                          
00006351  printToUART                   
00006391  vsnprintf                     
000063d1  DL_I2C_flushControllerTXFIFO  
0000640d  SM_Transition                 
00006449  __aeabi_i2f                   
00006449  __floatsisf                   
00006485  __gesf2                       
00006485  __gtsf2                       
000064c1  __TI_auto_init_nobinit_nopinit
000064fd  __cmpsf2                      
000064fd  __eqsf2                       
000064fd  __lesf2                       
000064fd  __ltsf2                       
000064fd  __nesf2                       
00006539  __muldsi3                     
00006575  BQ25628E_ADC_Control          
000065ad  BQ27Z746_Init                 
0000661d  __aeabi_f2iz                  
0000661d  __fixsfsi                     
0000668d  BQ25628E_ReadReg16            
000066f5  SYSCFG_DL_init                
00006729  BQ25628E_WriteReg16           
000067b9  DL_I2C_flushControllerRXFIFO  
00006819  DL_UART_transmitDataBlocking  
000068d9  BQ25628E_ReadReg8             
00006905  SYSCFG_DL_SYSCTL_init         
00006a0d  __aeabi_i2d                   
00006a0d  __floatsidf                   
00006a39  gauge_cmd_read                
00006a65  get_UART_buffer               
00006a91  strncpy                       
00006bfd  hall_init                     
00006c25  _c_int00_noargs               
00006c99  DL_I2C_setClockConfig         
00006cbf  strspn                        
00006ce5  BQ25628E_WriteReg8            
00006d2d  __aeabi_lmul                  
00006d2d  __muldi3                      
00006d51  i2c_init                      
00006d75  strcspn                       
00006d99  memccpy                       
00006dfd  gauge_address                 
00006e3d  uart_init                     
00006e7d  __aeabi_llsl                  
00006e7d  __ashldi3                     
000070e9  UART0_IRQHandler              
00007105  gauge_init                    
00007391  SYSCFG_DL_DMA_CH0_init        
000073a9  SYSCFG_DL_DMA_CH1_init        
000073f1  BQ27Z746_ReadInternalTemp_C   
00007407  BQ27Z746_ReadTemperature_C    
00007449  BQ27Z746_ReadAvgCurrent_mA    
0000745d  BQ27Z746_ReadAvgPower_mW      
00007471  BQ27Z746_ReadCurrent_mA       
00007485  BQ27Z746_ReadSOC_pct          
00007499  BQ27Z746_ReadStateOfHealth_pct
00007589  __aeabi_uldivmod              
000075b1  strchr                        
000075c5  BQ27Z746_ReadBatteryStatus    
000075d7  BQ27Z746_ReadCycleCount       
000075e9  BQ27Z746_ReadFullChargeCap_mAh
000075fb  BQ27Z746_ReadRemainingCap_mAh 
0000760d  BQ27Z746_ReadTimeToEmpty_min  
0000761f  BQ27Z746_ReadTimeToFull_min   
00007631  BQ27Z746_ReadVoltage_mV       
00007679  DL_SPI_setClockConfig         
0000769d  DL_UART_setClockConfig        
000076af  TI_memcpy_small               
000076c1  __TI_decompress_none          
000076d5  BQ27Z746_IsDischarging        
000076e5  BQ27Z746_IsFullyCharged       
000076f5  BQ27Z746_IsFullyDischarged    
00007715  I2C0_IRQHandler               
00007725  I2C1_IRQHandler               
00007735  SM_DisablePrescaler           
00007745  SM_EnablePrescaler            
00007755  wcslen                        
00007765  __TI_zero_init                
00007775  BQ25628E_Disable_Watchdog     
00007783  BQ25628E_Set_PeakDischarge_6A 
00007791  __aeabi_memset                
00007791  __aeabi_memset4               
00007791  __aeabi_memset8               
0000779f  strcpy                        
000077bb  strlen                        
000077c9  TI_memset_small               
000077d9  BQ25628E_Get_IBAT_mA          
000077e5  BQ25628E_Get_IBUS_mA          
000077f1  BQ25628E_Get_TBAT_C           
000077fd  BQ25628E_Get_TDIE_C           
00007809  BQ25628E_Get_VBAT_mV          
00007815  BQ25628E_Get_VBUS_mV          
00007821  BQ25628E_Get_VSYS_mV          
0000782d  BQ25628E_HardwareInit         
00007839  BQ27Z746_Get_AvgCurrent_mA    
00007845  BQ27Z746_Get_AvgPower_mW      
00007851  BQ27Z746_Get_BatteryStatus    
0000785d  BQ27Z746_Get_Current_mA       
00007869  BQ27Z746_Get_CycleCount       
00007875  BQ27Z746_Get_FullChargeCap_mAh
00007881  BQ27Z746_Get_InternalTemp_C   
0000788d  BQ27Z746_Get_RemainingCap_mAh 
00007899  BQ27Z746_Get_SOC_pct          
000078a5  BQ27Z746_Get_StateOfHealth_pct
000078b1  BQ27Z746_Get_Temperature_C    
000078bd  BQ27Z746_Get_TimeToEmpty_min  
000078c9  BQ27Z746_Get_TimeToFull_min   
000078d5  BQ27Z746_Get_Voltage_mV       
000078e1  SYSCFG_DL_DMA_init            
000078ed  __aeabi_memclr                
000078ed  __aeabi_memclr4               
000078ed  __aeabi_memclr8               
000078f9  BQ25628E_GetFaultFlags        
00007903  DL_Common_delayCycles         
0000796d  __aeabi_errno_addr            
00007975  __aeabi_memcpy                
00007975  __aeabi_memcpy4               
00007975  __aeabi_memcpy8               
0000797d  abort                         
00007983  ADC0_IRQHandler               
00007983  ADC1_IRQHandler               
00007983  AES_IRQHandler                
00007983  CANFD0_IRQHandler             
00007983  DAC0_IRQHandler               
00007983  DMA_IRQHandler                
00007983  Default_Handler               
00007983  GROUP0_IRQHandler             
00007983  HardFault_Handler             
00007983  NMI_Handler                   
00007983  PendSV_Handler                
00007983  SPI0_IRQHandler               
00007983  SVC_Handler                   
00007983  SysTick_Handler               
00007983  TIMA0_IRQHandler              
00007983  TIMA1_IRQHandler              
00007983  TIMG0_IRQHandler              
00007983  TIMG12_IRQHandler             
00007983  TIMG6_IRQHandler              
00007983  TIMG7_IRQHandler              
00007983  TIMG8_IRQHandler              
00007983  UART1_IRQHandler              
00007983  UART2_IRQHandler              
00007983  UART3_IRQHandler              
00007986  C$$EXIT                       
00007987  HOSTexit                      
0000798b  Reset_Handler                 
000079a1  _system_pre_init              
000079b0  thermistor_table_ntcc_10k     
000082c8  thermistor_table_E3103JT2A    
00008400  __aeabi_ctype_table_          
00008400  __aeabi_ctype_table_C         
0000a170  __TI_Handler_Table_Base       
0000a17c  __TI_Handler_Table_Limit      
0000a184  __TI_CINIT_Base               
0000a194  __TI_CINIT_Limit              
0000a194  __TI_CINIT_Warm               
20200000  __start___llvm_prf_bits       
20200000  __start___llvm_prf_cnts       
20200000  __stop___llvm_prf_bits        
20200000  __stop___llvm_prf_cnts        
20200200  gSPI_RxPacket                 
20200400  gSPI_TxPacket                 
20200678  sm_context                    
202006c4  UART_Buffer                   
20200704  gSPI_1Backup                  
2020072c  gRxPacket                     
2020074e  gTxPacket                     
20200770  stm32Spi                      
2020078c  gRxCount                      
20200790  gRxLen                        
20200794  gTxCount                      
20200798  gTxLen                        
2020079c  gI2cControllerStatus          
202007bc  __aeabi_errno                 
202007d0  monitor_rate                  
202007e0  bq_monitor_active             
202007e1  char_index                    
202007e2  data_received                 
202007e4  gauge_monitor_active          
202007e5  hall_monitor_active           
202007e6  hall_wakeup_flag              
202007e8  rtc_minute_tick               
202007e9  rtc_second_tick               
202007ea  stm_io2_flag                  
20207e00  __stack                       
20208000  __STACK_END                   
ffffffff  __TI_pprof_out_hndl           
ffffffff  __TI_prof_data_size           
ffffffff  __TI_prof_data_start          
ffffffff  __binit__                     
ffffffff  binit                         
UNDEFED   __mpu_init                    
UNDEFED   _system_post_cinit            

[333 symbols]
