******************************************************************************
            TI ARM Clang Linker PC v4.0.4                      
******************************************************************************
>> Linked Mon Apr 27 20:14:01 2026

OUTPUT FILE NAME:   <HW_SW_interface_CCS.out>
ENTRY POINT SYMBOL: "_c_int00_noargs"  address: 000070f9


MEMORY CONFIGURATION

         name            origin    length      used     unused   attr    fill
----------------------  --------  ---------  --------  --------  ----  --------
  FLASH                 00000000   00020000  0000abb8  00015448  R  X
  SRAM                  20200000   00008000  00000ab0  00007550  RW X
  BCR_CONFIG            41c00000   000000ff  00000000  000000ff  R   
  BSL_CONFIG            41c00100   00000080  00000000  00000080  R   


SEGMENT ALLOCATION MAP

run origin  load origin   length   init length attrs members
----------  ----------- ---------- ----------- ----- -------
00000000    00000000    0000abb8   0000abb8    r-x
  00000000    00000000    000000c0   000000c0    r-- .intvecs
  000000c0    000000c0    00007ff0   00007ff0    r-x .text
  000080b0    000080b0    00002ad0   00002ad0    r-- .rodata
  0000ab80    0000ab80    00000038   00000038    r-- .cinit
20200000    20200000    000008b3   00000000    rw-
  20200000    20200000    00000865   00000000    rw- .bss
  20200868    20200868    0000004b   00000000    rw- .data
20207e00    20207e00    00000200   00000000    rw-
  20207e00    20207e00    00000200   00000000    rw- .stack


SECTION ALLOCATION MAP

 output                                  attributes/
section   page    origin      length       input sections
--------  ----  ----------  ----------   ----------------
.intvecs   0    00000000    000000c0     
                  00000000    000000c0     startup_mspm0g350x_ticlang.o (.intvecs)

.text      0    000000c0    00007ff0     
                  000000c0    000009d0     libc.a : _printfi.c.obj (.text:__TI_printfi)
                  00000a90    00000724     sm.o (.text.SM_Run)
                  000011b4    00000524     functions.o (.text.cmd_gauge)
                  000016d8    00000484     functions.o (.text.cmd_sm)
                  00001b5c    000003b4     functions.o (.text.Run_Legacy_Monitors)
                  00001f10    0000026c     functions.o (.text.cmd_bq)
                  0000217c    00000228     sm.o (.text.SM_PrepareTelemetryResponse)
                  000023a4    00000220     libc.a : _printfi.c.obj (.text._pconv_a)
                  000025c4    000001fc     BQ25628_functions.o (.text.BQ25628E_UpdateTelemetry)
                  000027c0    000001dc     libc.a : _printfi.c.obj (.text._pconv_g)
                  0000299c    000001a8     ti_msp_dl_config.o (.text.SYSCFG_DL_GPIO_init)
                  00002b44    00000192     libclang_rt.builtins.a : adddf3.S.obj (.text.adddf3_subdf3)
                  00002cd6    00000002                            : aeabi_div0.c.obj (.text.__aeabi_idiv0)
                  00002cd8    0000018c     sm.o (.text.SM_DecodeBatterySafetyStatus)
                  00002e64    00000184     i2c.o (.text.I2C_ReadDevice)
                  00002fe8    0000014c     functions.o (.text.cmd_pwr)
                  00003134    00000144     BQ25628_functions.o (.text._calculateTempFromRt)
                  00003278    0000013c     libc.a : _printfi.c.obj (.text.fcvt)
                  000033b4    00000120            : _printfi.c.obj (.text._pconv_e)
                  000034d4    00000118     BQ27Z7_functions.o (.text.BQ27Z746_MAC_Read)
                  000035ec    0000010c     sm.o (.text.SM_ProcessFault)
                  000036f8    0000010c     i2c.o (.text.Shared_I2C_IRQHandler)
                  00003804    0000010c     libclang_rt.builtins.a : divdf3.S.obj (.text.__divdf3)
                  00003910    00000108     i2c.o (.text.I2C_WriteDevice)
                  00003a18    00000108     functions.o (.text.cmd_hall)
                  00003b20    000000fc     sm.o (.text.SM_HandleConfig)
                  00003c1c    000000f8     sm.o (.text.SM_FetchPowerContext)
                  00003d14    000000e4     libclang_rt.builtins.a : muldf3.S.obj (.text.__muldf3)
                  00003df8    000000e4     functions.o (.text.cmd_i2cscan)
                  00003edc    000000e0     functions.o (.text.print_battery_status)
                  00003fbc    000000d8     uart.o (.text.CLI_ProcessInput)
                  00004094    000000d8     libc.a : s_scalbn.c.obj (.text.scalbn)
                  0000416c    000000d8     libclang_rt.builtins.a : addsf3.S.obj (.text)
                  00004244    000000d4     i2c.o (.text.I2C_TryAddress)
                  00004318    000000b4     uart.o (.text.UARTReceive)
                  000043cc    000000ac     sm.o (.text.RTC_SetTime)
                  00004478    000000a4     driverlib.a : dl_rtc_common.o (.text.DL_RTC_Common_initCalendar)
                  0000451c    000000a2     libclang_rt.builtins.a : udivmoddi4.S.obj (.text)
                  000045be    00000002                            : aeabi_div0.c.obj (.text.__aeabi_ldiv0)
                  000045c0    000000a0     main.o (.text.setupCLI)
                  00004660    0000009c     BQ27Z7_functions.o (.text.BQ27Z746_UpdateTelemetry)
                  000046fc    00000098     sm.o (.text.SM_LoadDefaultSTMConfig)
                  00004794    0000008c     spi_master.o (.text.SPI_Controller_Arm)
                  00004820    0000008c     ti_msp_dl_config.o (.text.SYSCFG_DL_initPower)
                  000048ac    0000008c     libclang_rt.builtins.a : mulsf3.S.obj (.text.__mulsf3)
                  00004938    0000008c     libc.a : s_floorf.c.obj (.text.floorf)
                  000049c4    0000000c     BQ25628_functions.o (.text.BQ25628E_Get_IBAT_mA)
                  000049d0    00000088     libc.a : strcmp-armv6m.S.obj (.text:strcmp)
                  00004a58    00000084     sm.o (.text.SM_DecodeChargingSafetyStatus)
                  00004adc    00000084     sm.o (.text.SM_Handle_RTC_Tick)
                  00004b60    00000082     libclang_rt.builtins.a : divsf3.S.obj (.text.__divsf3)
                  00004be2    00000002     --HOLE-- [fill = 0]
                  00004be4    00000080     sm.o (.text.SM_SafetyCheck)
                  00004c64    0000007c     driverlib.a : dl_rtc_common.o (.text.DL_RTC_Common_getCalendarTime)
                  00004ce0    0000007c     libc.a : copy_decompress_lzss.c.obj (.text:decompress:lzss)
                  00004d5c    00000078     sm.o (.text.SM_PrepareSTMConfigResponse)
                  00004dd4    00000078     sm.o (.text.SM_PrepareSTMCredentialsResponse)
                  00004e4c    00000074     BQ27Z7_functions.o (.text.BQ27Z746_GetTempConfig)
                  00004ec0    00000074     sm.o (.text.SM_GetStateString)
                  00004f34    00000074     libclang_rt.builtins.a : comparedf2.c.obj (.text.__gedf2)
                  00004fa8    00000070     uart.o (.text.CLI_Tokenize)
                  00005018    00000070     sm.o (.text.SM_DispatchIncomingPacket)
                  00005088    00000070     gauge.o (.text.gauge_read)
                  000050f8    00000070     gauge.o (.text.gauge_write)
                  00005168    00000068     sm.o (.text.SM_Init)
                  000051d0    00000068     sm.o (.text.SM_NeedsPeriodicSTMWake)
                  00005238    00000068     sm.o (.text.SM_PostWake_Branch)
                  000052a0    00000068     libclang_rt.builtins.a : comparedf2.c.obj (.text.__ledf2)
                  00005308    00000068     main.o (.text.main)
                  00005370    00000068     libc.a : s_roundf.c.obj (.text.roundf)
                  000053d8    00000066            : _printfi.c.obj (.text._mcpy)
                  0000543e    00000002     --HOLE-- [fill = 0]
                  00005440    00000064     BQ25628_functions.o (.text.BQ25628E_Set_VINDPM_mV)
                  000054a4    00000064     sm.o (.text.SM_GetChargeString)
                  00005508    00000064     ti_msp_dl_config.o (.text.SYSCFG_DL_I2C_0_init)
                  0000556c    00000064     ti_msp_dl_config.o (.text.SYSCFG_DL_I2C_1_init)
                  000055d0    00000064     uart.o (.text.uart_printf)
                  00005634    00000062     BQ27Z7_functions.o (.text.BQ27Z746_GetOperationStatus)
                  00005696    00000062     BQ27Z7_functions.o (.text.BQ27Z746_GetSafetyStatus)
                  000056f8    00000062     libclang_rt.builtins.a : aeabi_dcmp.S.obj (.text.__aeabi_dcmp)
                  0000575a    00000002     --HOLE-- [fill = 0]
                  0000575c    00000062                            : aeabi_fcmp.S.obj (.text.__aeabi_fcmp)
                  000057be    00000002     --HOLE-- [fill = 0]
                  000057c0    00000060     BQ25628_functions.o (.text.BQ25628E_Set_VREG_mV)
                  00005820    00000060     BQ25628_functions.o (.text.BQ25628E_Set_VSYSMIN_mV)
                  00005880    00000060     sm.o (.text.SM_ChargingSafetyCheck)
                  000058e0    0000005e     BQ27Z7_functions.o (.text.BQ27Z746_GetChargingStatus)
                  0000593e    0000005e     driverlib.a : dl_i2c.o (.text.DL_I2C_fillControllerTXFIFO)
                  0000599c    0000005c     uart.o (.text.CLI_RegisterCommand)
                  000059f8    0000005c     spi_master.o (.text.SPI_Controller_Init)
                  00005a54    0000005c     libc.a : s_frexp.c.obj (.text.frexp)
                  00005ab0    00000058     BQ25628_functions.o (.text.BQ25628E_Set_ICHG_mA)
                  00005b08    00000058     BQ25628_functions.o (.text.BQ25628E_Set_IINDPM_mA)
                  00005b60    00000058     main.o (.text.GROUP1_IRQHandler)
                  00005bb8    00000058     sm.o (.text.SM_HandleRequest)
                  00005c10    00000058     sm.o (.text.SM_ResumeSystemContext)
                  00005c68    00000058     ti_msp_dl_config.o (.text.SYSCFG_DL_SPI_1_init)
                  00005cc0    00000058     libc.a : _ltoa.c.obj (.text.__TI_ltoa)
                  00005d18    00000058            : _printfi.c.obj (.text._pconv_f)
                  00005d70    00000056     BQ27Z7_functions.o (.text.BQ27Z746_GetChemID)
                  00005dc6    00000056     BQ27Z7_functions.o (.text.BQ27Z746_GetDeviceType)
                  00005e1c    00000056     BQ27Z7_functions.o (.text.BQ27Z746_GetFirmwareVersion)
                  00005e72    00000002     --HOLE-- [fill = 0]
                  00005e74    00000056     libclang_rt.builtins.a : aeabi_idivmod.S.obj (.text.__aeabi_idivmod)
                  00005eca    00000002     --HOLE-- [fill = 0]
                  00005ecc    00000054     BQ25628_functions.o (.text.BQ25628E_Init_Default)
                  00005f20    00000054     BQ25628_functions.o (.text.BQ25628E_Set_Precharge_mA)
                  00005f74    00000054     BQ25628_functions.o (.text.BQ25628E_Set_Termination_mA)
                  00005fc8    00000054     sm.o (.text.RTC_GetTime)
                  0000601c    00000054     uart.o (.text.invokeBSLAsm)
                  00006070    00000052     libc.a : _printfi.c.obj (.text._ecpy)
                  000060c2    00000050     BQ25628_functions.o (.text.BQ25628E_UpdateBits8)
                  00006112    00000002     --HOLE-- [fill = 0]
                  00006114    00000050     ti_msp_dl_config.o (.text.DL_GPIO_initPeripheralInputFunctionFeatures)
                  00006164    00000050     i2c.o (.text.DL_I2C_startControllerTransfer)
                  000061b4    00000050     sm.o (.text.SM_PrepareRTCResponse)
                  00006204    00000050     ti_msp_dl_config.o (.text.SYSCFG_DL_RTC_init)
                  00006254    00000050     uart.o (.text.cmd_help)
                  000062a4    0000004c     driverlib.a : dl_dma.o (.text.DL_DMA_initChannel)
                  000062f0    0000004c     ti_msp_dl_config.o (.text.DL_GPIO_initDigitalInputFeatures)
                  0000633c    0000004c     ti_msp_dl_config.o (.text.DL_UART_setBaudRateDivisor)
                  00006388    0000004c     sm.o (.text.SM_SetSTMPower)
                  000063d4    0000004c     spi_master.o (.text.SPI1_IRQHandler)
                  00006420    0000004c     ti_msp_dl_config.o (.text.SYSCFG_DL_UART_0_init)
                  0000646c    0000004c     libc.a : snprintf.c.obj (.text.snprintf)
                  000064b8    0000004a     libclang_rt.builtins.a : fixdfsi.S.obj (.text.__fixdfsi)
                  00006502    00000002     --HOLE-- [fill = 0]
                  00006504    00000048     driverlib.a : dl_uart.o (.text.DL_UART_init)
                  0000654c    00000048     libc.a : strtok.c.obj (.text.strtok)
                  00006594    00000044     driverlib.a : dl_spi.o (.text.DL_SPI_init)
                  000065d8    00000042     BQ25628_functions.o (.text.BQ25628E_ApplyProfile)
                  0000661a    00000002     --HOLE-- [fill = 0]
                  0000661c    00000040     main.o (.text.RTC_IRQHandler)
                  0000665c    00000040     libclang_rt.builtins.a : aeabi_uidivmod.S.obj (.text.__aeabi_uidivmod)
                  0000669c    00000040                            : extendsfdf2.S.obj (.text.__extendsfdf2)
                  000066dc    00000040     libc.a : atoi.c.obj (.text.atoi)
                  0000671c    00000040     uart.o (.text.printToUART)
                  0000675c    00000040     spi_master.o (.text.spi_init)
                  0000679c    00000040     libc.a : vsnprintf.c.obj (.text.vsnprintf)
                  000067dc    0000003c     driverlib.a : dl_i2c.o (.text.DL_I2C_flushControllerTXFIFO)
                  00006818    0000003c     sm.o (.text.SM_Transition)
                  00006854    0000003c     libclang_rt.builtins.a : floatsisf.S.obj (.text.__floatsisf)
                  00006890    0000003c                            : comparesf2.S.obj (.text.__gtsf2)
                  000068cc    0000003c     libc.a : autoinit.c.obj (.text:__TI_auto_init_nobinit_nopinit)
                  00006908    0000003a     libclang_rt.builtins.a : comparesf2.S.obj (.text.__eqsf2)
                  00006942    00000002     --HOLE-- [fill = 0]
                  00006944    0000003a                            : muldsi3.S.obj (.text.__muldsi3)
                  0000697e    00000002     --HOLE-- [fill = 0]
                  00006980    00000038     BQ25628_functions.o (.text.BQ25628E_ADC_Control)
                  000069b8    00000038     BQ27Z7_functions.o (.text.BQ27Z746_Init)
                  000069f0    00000038     sm.o (.text.SM_SendSimpleMsg)
                  00006a28    00000038     libclang_rt.builtins.a : fixsfsi.S.obj (.text.__fixsfsi)
                  00006a60    00000038     functions.o (.text.print_time)
                  00006a98    00000034     BQ25628_functions.o (.text.BQ25628E_ReadReg16)
                  00006acc    00000034     ti_msp_dl_config.o (.text.SYSCFG_DL_init)
                  00006b00    00000030     BQ25628_functions.o (.text.BQ25628E_WriteReg16)
                  00006b30    00000030     spi_master.o (.text.DL_DMA_setTransferSize)
                  00006b60    00000030     ti_msp_dl_config.o (.text.DL_GPIO_initDigitalOutputFeatures)
                  00006b90    00000030     driverlib.a : dl_i2c.o (.text.DL_I2C_flushControllerRXFIFO)
                  00006bc0    00000030     ti_msp_dl_config.o (.text.DL_SPI_setFIFOThreshold)
                  00006bf0    00000030     driverlib.a : dl_uart.o (.text.DL_UART_transmitDataBlocking)
                  00006c20    00000030     libc.a : _printfi.c.obj (.text._fcpy)
                  00006c50    00000030            : snprintf.c.obj (.text._outs)
                  00006c80    00000030            : vsnprintf.c.obj (.text._outs)
                  00006cb0    0000002c     BQ25628_functions.o (.text.BQ25628E_ReadReg8)
                  00006cdc    0000002c     helper_functions.o (.text.PWR_EnableSPI1)
                  00006d08    0000002c     i2c.o (.text.__NVIC_ClearPendingIRQ)
                  00006d34    0000002c     spi_master.o (.text.__NVIC_ClearPendingIRQ)
                  00006d60    0000002c     uart.o (.text.__NVIC_ClearPendingIRQ)
                  00006d8c    0000002c     helper_functions.o (.text.__NVIC_EnableIRQ)
                  00006db8    0000002c     i2c.o (.text.__NVIC_EnableIRQ)
                  00006de4    0000002c     spi_master.o (.text.__NVIC_EnableIRQ)
                  00006e10    0000002c     uart.o (.text.__NVIC_EnableIRQ)
                  00006e3c    0000002c     libclang_rt.builtins.a : floatsidf.S.obj (.text.__floatsidf)
                  00006e68    0000002c     gauge.o (.text.gauge_cmd_read)
                  00006e94    0000002c     helper_functions.o (.text.gauge_init)
                  00006ec0    0000002c     uart.o (.text.get_UART_buffer)
                  00006eec    0000002c     libc.a : strncpy.c.obj (.text.strncpy)
                  00006f18    00000028     i2c.o (.text.DL_Common_updateReg)
                  00006f40    00000028     ti_msp_dl_config.o (.text.DL_Common_updateReg)
                  00006f68    00000028     spi_master.o (.text.DL_DMA_setDestAddr)
                  00006f90    00000028     spi_master.o (.text.DL_DMA_setSrcAddr)
                  00006fb8    00000028     ti_msp_dl_config.o (.text.DL_I2C_setControllerRXFIFOThreshold)
                  00006fe0    00000028     ti_msp_dl_config.o (.text.DL_I2C_setControllerTXFIFOThreshold)
                  00007008    00000028     ti_msp_dl_config.o (.text.DL_RTC_Common_setIntervalAlarm)
                  00007030    00000028     ti_msp_dl_config.o (.text.DL_SYSCTL_setPowerPolicySTANDBY0)
                  00007058    00000028     helper_functions.o (.text.PWR_EnableCoreInterrupts)
                  00007080    00000028     helper_functions.o (.text.PWR_EnableI2C0)
                  000070a8    00000028     helper_functions.o (.text.PWR_EnableUART0)
                  000070d0    00000028     helper_functions.o (.text.hall_init)
                  000070f8    00000028     libc.a : boot_cortex_m.c.obj (.text:_c_int00_noargs)
                  00007120    00000026     spi_master.o (.text.DL_DMA_enableChannel)
                  00007146    00000026     ti_msp_dl_config.o (.text.DL_I2C_setAnalogGlitchFilterPulseWidth)
                  0000716c    00000026     driverlib.a : dl_i2c.o (.text.DL_I2C_setClockConfig)
                  00007192    00000026     libc.a : strspn.c.obj (.text.strspn)
                  000071b8    00000024     BQ25628_functions.o (.text.BQ25628E_WriteReg8)
                  000071dc    00000024     ti_msp_dl_config.o (.text.DL_SPI_setBitRateSerialClockDivider)
                  00007200    00000024     libclang_rt.builtins.a : muldi3.S.obj (.text.__muldi3)
                  00007224    00000024     libc.a : strcspn.c.obj (.text.strcspn)
                  00007248    00000022     ti_msp_dl_config.o (.text.SYSCFG_DL_SYSCTL_init)
                  0000726a    00000022     libc.a : memccpy.c.obj (.text.memccpy)
                  0000728c    00000020     ti_msp_dl_config.o (.text.DL_GPIO_initPeripheralInputFunction)
                  000072ac    00000020     ti_msp_dl_config.o (.text.DL_RTC_Common_setPeriodicAlarm1)
                  000072cc    00000020     gauge.o (.text.gauge_address)
                  000072ec    00000020     BQ27Z7_functions.o (.text.kelvin_to_celsius)
                  0000730c    00000020     uart.o (.text.uart_init)
                  0000732c    0000001e     ti_msp_dl_config.o (.text.DL_UART_setOversampling)
                  0000734a    00000002     --HOLE-- [fill = 0]
                  0000734c    0000001e     libclang_rt.builtins.a : ashldi3.S.obj (.text.__ashldi3)
                  0000736a    0000001e     BQ27Z7_functions.o (.text.read_reg16)
                  00007388    0000001c     helper_functions.o (.text.DL_GPIO_clearInterruptStatus)
                  000073a4    0000001c     main.o (.text.DL_GPIO_clearInterruptStatus)
                  000073c0    0000001c     sm.o (.text.DL_GPIO_clearInterruptStatus)
                  000073dc    0000001c     ti_msp_dl_config.o (.text.DL_GPIO_clearInterruptStatus)
                  000073f8    0000001c     sm.o (.text.DL_GPIO_disableInterrupt)
                  00007414    0000001c     ti_msp_dl_config.o (.text.DL_GPIO_enableHiZ)
                  00007430    0000001c     sm.o (.text.DL_GPIO_enableInterrupt)
                  0000744c    0000001c     ti_msp_dl_config.o (.text.DL_GPIO_enableInterrupt)
                  00007468    0000001c     ti_msp_dl_config.o (.text.DL_GPIO_initPeripheralOutputFunction)
                  00007484    0000001c     ti_msp_dl_config.o (.text.DL_GPIO_setLowerPinsPolarity)
                  000074a0    0000001c     i2c.o (.text.DL_I2C_disableInterrupt)
                  000074bc    0000001c     i2c.o (.text.DL_I2C_enableInterrupt)
                  000074d8    0000001c     ti_msp_dl_config.o (.text.DL_I2C_enableInterrupt)
                  000074f4    0000001c     i2c.o (.text.DL_I2C_isControllerRXFIFOEmpty)
                  00007510    0000001c     main.o (.text.DL_Interrupt_getPendingGroup)
                  0000752c    0000001c     helper_functions.o (.text.DL_RTC_Common_disableInterrupt)
                  00007548    0000001c     helper_functions.o (.text.DL_RTC_Common_enableInterrupt)
                  00007564    0000001c     ti_msp_dl_config.o (.text.DL_RTC_Common_enableInterrupt)
                  00007580    0000001c     ti_msp_dl_config.o (.text.DL_SPI_enableInterrupt)
                  0000759c    0000001c     ti_msp_dl_config.o (.text.DL_SYSCTL_setSYSOSCFreq)
                  000075b8    0000001c     ti_msp_dl_config.o (.text.DL_UART_enableInterrupt)
                  000075d4    0000001c     helper_functions.o (.text.PWR_DisableI2C1)
                  000075f0    0000001c     helper_functions.o (.text.PWR_DisableSPI1)
                  0000760c    0000001c     helper_functions.o (.text.PWR_DisableUART0)
                  00007628    0000001c     main.o (.text.UART0_IRQHandler)
                  00007644    00000018     ti_msp_dl_config.o (.text.DL_GPIO_enableOutput)
                  0000765c    00000018     ti_msp_dl_config.o (.text.DL_GPIO_enablePower)
                  00007674    00000018     ti_msp_dl_config.o (.text.DL_GPIO_initDigitalOutput)
                  0000768c    00000018     ti_msp_dl_config.o (.text.DL_GPIO_initPeripheralAnalogFunction)
                  000076a4    00000018     ti_msp_dl_config.o (.text.DL_GPIO_reset)
                  000076bc    00000018     functions.o (.text.DL_GPIO_setPins)
                  000076d4    00000018     helper_functions.o (.text.DL_GPIO_setPins)
                  000076ec    00000018     sm.o (.text.DL_GPIO_setPins)
                  00007704    00000018     ti_msp_dl_config.o (.text.DL_GPIO_setPins)
                  0000771c    00000018     ti_msp_dl_config.o (.text.DL_GPIO_setUpperPinsPolarity)
                  00007734    00000018     i2c.o (.text.DL_I2C_clearInterruptStatus)
                  0000774c    00000018     helper_functions.o (.text.DL_I2C_disableController)
                  00007764    00000018     ti_msp_dl_config.o (.text.DL_I2C_enableAnalogGlitchFilter)
                  0000777c    00000018     ti_msp_dl_config.o (.text.DL_I2C_enableController)
                  00007794    00000018     ti_msp_dl_config.o (.text.DL_I2C_enableControllerClockStretching)
                  000077ac    00000018     helper_functions.o (.text.DL_I2C_enablePower)
                  000077c4    00000018     ti_msp_dl_config.o (.text.DL_I2C_enablePower)
                  000077dc    00000018     helper_functions.o (.text.DL_I2C_reset)
                  000077f4    00000018     ti_msp_dl_config.o (.text.DL_I2C_reset)
                  0000780c    00000018     ti_msp_dl_config.o (.text.DL_I2C_setTimerPeriod)
                  00007824    00000018     ti_msp_dl_config.o (.text.DL_RTC_Common_enablePower)
                  0000783c    00000018     sm.o (.text.DL_RTC_Common_isSafeToRead)
                  00007854    00000018     ti_msp_dl_config.o (.text.DL_RTC_Common_reset)
                  0000786c    00000018     helper_functions.o (.text.DL_SPI_disable)
                  00007884    00000018     ti_msp_dl_config.o (.text.DL_SPI_enable)
                  0000789c    00000018     ti_msp_dl_config.o (.text.DL_SPI_enableDMAReceiveEvent)
                  000078b4    00000018     helper_functions.o (.text.DL_SPI_enablePower)
                  000078cc    00000018     ti_msp_dl_config.o (.text.DL_SPI_enablePower)
                  000078e4    00000018     helper_functions.o (.text.DL_SPI_reset)
                  000078fc    00000018     ti_msp_dl_config.o (.text.DL_SPI_reset)
                  00007914    00000018     ti_msp_dl_config.o (.text.DL_SYSCTL_setBORThreshold)
                  0000792c    00000018     helper_functions.o (.text.DL_UART_enablePower)
                  00007944    00000018     ti_msp_dl_config.o (.text.DL_UART_enablePower)
                  0000795c    00000018     helper_functions.o (.text.DL_UART_reset)
                  00007974    00000018     ti_msp_dl_config.o (.text.DL_UART_reset)
                  0000798c    00000018     helper_functions.o (.text.PWR_EnterMeasureProfile)
                  000079a4    00000018     helper_functions.o (.text.PWR_ExitMeasureProfile)
                  000079bc    00000018     ti_msp_dl_config.o (.text.SYSCFG_DL_DMA_CH0_init)
                  000079d4    00000018     ti_msp_dl_config.o (.text.SYSCFG_DL_DMA_CH1_init)
                  000079ec    00000018     libc.a : snprintf.c.obj (.text._outc)
                  00007a04    00000018            : vsnprintf.c.obj (.text._outc)
                  00007a1c    00000016     BQ27Z7_functions.o (.text.BQ27Z746_ReadInternalTemp_C)
                  00007a32    00000016     BQ27Z7_functions.o (.text.BQ27Z746_ReadTemperature_C)
                  00007a48    00000016     functions.o (.text.DL_GPIO_readPins)
                  00007a5e    00000016     helper_functions.o (.text.DL_UART_disable)
                  00007a74    00000016     ti_msp_dl_config.o (.text.DL_UART_enable)
                  00007a8a    00000016     i2c.o (.text.i2c_init)
                  00007aa0    00000014     BQ27Z7_functions.o (.text.BQ27Z746_ReadAvgCurrent_mA)
                  00007ab4    00000014     BQ27Z7_functions.o (.text.BQ27Z746_ReadAvgPower_mW)
                  00007ac8    00000014     BQ27Z7_functions.o (.text.BQ27Z746_ReadCurrent_mA)
                  00007adc    00000014     BQ27Z7_functions.o (.text.BQ27Z746_ReadSOC_pct)
                  00007af0    00000014     BQ27Z7_functions.o (.text.BQ27Z746_ReadStateOfHealth_pct)
                  00007b04    00000014     functions.o (.text.DL_GPIO_clearPins)
                  00007b18    00000014     helper_functions.o (.text.DL_GPIO_clearPins)
                  00007b2c    00000014     sm.o (.text.DL_GPIO_clearPins)
                  00007b40    00000014     ti_msp_dl_config.o (.text.DL_GPIO_clearPins)
                  00007b54    00000014     helper_functions.o (.text.DL_I2C_disablePower)
                  00007b68    00000014     i2c.o (.text.DL_I2C_getControllerStatus)
                  00007b7c    00000014     i2c.o (.text.DL_I2C_receiveControllerData)
                  00007b90    00000014     ti_msp_dl_config.o (.text.DL_I2C_resetControllerTransfer)
                  00007ba4    00000014     ti_msp_dl_config.o (.text.DL_RTC_Common_enableClockControl)
                  00007bb8    00000014     helper_functions.o (.text.DL_SPI_disablePower)
                  00007bcc    00000014     ti_msp_dl_config.o (.text.DL_SPI_enableDMATransmitEvent)
                  00007be0    00000014     helper_functions.o (.text.DL_SYSCTL_allowAllAsyncFastClockRequests)
                  00007bf4    00000014     helper_functions.o (.text.DL_SYSCTL_blockAllAsyncFastClockRequests)
                  00007c08    00000014     helper_functions.o (.text.DL_SYSCTL_disableSYSPLL)
                  00007c1c    00000014     ti_msp_dl_config.o (.text.DL_SYSCTL_disableSYSPLL)
                  00007c30    00000014     helper_functions.o (.text.DL_UART_disablePower)
                  00007c44    00000014     uart.o (.text.DL_UART_receiveData)
                  00007c58    00000014     libclang_rt.builtins.a : aeabi_uldivmod.S.obj (.text.__aeabi_uldivmod)
                  00007c6c    00000014     libc.a : _printfi.c.obj (.text.strchr)
                  00007c80    00000014            : strchr.c.obj (.text.strchr)
                  00007c94    00000012     BQ27Z7_functions.o (.text.BQ27Z746_ReadBatteryStatus)
                  00007ca6    00000012     BQ27Z7_functions.o (.text.BQ27Z746_ReadCycleCount)
                  00007cb8    00000012     BQ27Z7_functions.o (.text.BQ27Z746_ReadFullChargeCap_mAh)
                  00007cca    00000012     BQ27Z7_functions.o (.text.BQ27Z746_ReadRemainingCap_mAh)
                  00007cdc    00000012     BQ27Z7_functions.o (.text.BQ27Z746_ReadTimeToEmpty_min)
                  00007cee    00000012     BQ27Z7_functions.o (.text.BQ27Z746_ReadTimeToFull_min)
                  00007d00    00000012     BQ27Z7_functions.o (.text.BQ27Z746_ReadVoltage_mV)
                  00007d12    00000012     i2c.o (.text.DL_I2C_getPendingInterrupt)
                  00007d24    00000012     main.o (.text.DL_RTC_Common_getPendingInterrupt)
                  00007d36    00000012     spi_master.o (.text.DL_SPI_getPendingInterrupt)
                  00007d48    00000012     driverlib.a : dl_spi.o (.text.DL_SPI_setClockConfig)
                  00007d5a    00000012     main.o (.text.DL_UART_getPendingInterrupt)
                  00007d6c    00000012     driverlib.a : dl_uart.o (.text.DL_UART_setClockConfig)
                  00007d7e    00000012     libc.a : memcpy16.S.obj (.text:TI_memcpy_small)
                  00007d90    00000012            : copy_decompress_none.c.obj (.text:decompress:none)
                  00007da2    00000002     --HOLE-- [fill = 0]
                  00007da4    00000010     BQ27Z7_functions.o (.text.BQ27Z746_IsDischarging)
                  00007db4    00000010     BQ27Z7_functions.o (.text.BQ27Z746_IsFullyCharged)
                  00007dc4    00000010     BQ27Z7_functions.o (.text.BQ27Z746_IsFullyDischarged)
                  00007dd4    00000010     ti_msp_dl_config.o (.text.DL_SYSCTL_disableHFXT)
                  00007de4    00000010     i2c.o (.text.I2C0_IRQHandler)
                  00007df4    00000010     i2c.o (.text.I2C1_IRQHandler)
                  00007e04    00000010     helper_functions.o (.text.PWR_EnterActiveProfile)
                  00007e14    00000010     helper_functions.o (.text.PWR_ExitActiveProfile)
                  00007e24    00000010     helper_functions.o (.text.RTC_DisablePrescaler)
                  00007e34    00000010     helper_functions.o (.text.RTC_EnablePrescaler)
                  00007e44    00000010     libc.a : wcslen.c.obj (.text.wcslen)
                  00007e54    00000010            : copy_zero_init.c.obj (.text:decompress:ZI)
                  00007e64    0000000e     BQ25628_functions.o (.text.BQ25628E_Disable_Watchdog)
                  00007e72    0000000e     BQ25628_functions.o (.text.BQ25628E_Set_PeakDischarge_6A)
                  00007e80    0000000e     libclang_rt.builtins.a : aeabi_memset.S.obj (.text.__aeabi_memset)
                  00007e8e    0000000e     libc.a : strcpy.c.obj (.text.strcpy)
                  00007e9c    0000000e            : _printfi.c.obj (.text.strlen)
                  00007eaa    0000000e            : strlen.c.obj (.text.strlen)
                  00007eb8    0000000e            : memset16.S.obj (.text:TI_memset_small)
                  00007ec6    00000002     --HOLE-- [fill = 0]
                  00007ec8    0000000c     BQ25628_functions.o (.text.BQ25628E_Get_IBUS_mA)
                  00007ed4    0000000c     BQ25628_functions.o (.text.BQ25628E_Get_TBAT_C)
                  00007ee0    0000000c     BQ25628_functions.o (.text.BQ25628E_Get_TDIE_C)
                  00007eec    0000000c     BQ25628_functions.o (.text.BQ25628E_Get_VBAT_mV)
                  00007ef8    0000000c     BQ25628_functions.o (.text.BQ25628E_Get_VBUS_mV)
                  00007f04    0000000c     BQ25628_functions.o (.text.BQ25628E_Get_VSYS_mV)
                  00007f10    0000000c     BQ25628_functions.o (.text.BQ25628E_HardwareInit)
                  00007f1c    0000000c     BQ27Z7_functions.o (.text.BQ27Z746_Get_AvgCurrent_mA)
                  00007f28    0000000c     BQ27Z7_functions.o (.text.BQ27Z746_Get_AvgPower_mW)
                  00007f34    0000000c     BQ27Z7_functions.o (.text.BQ27Z746_Get_BatteryStatus)
                  00007f40    0000000c     BQ27Z7_functions.o (.text.BQ27Z746_Get_Current_mA)
                  00007f4c    0000000c     BQ27Z7_functions.o (.text.BQ27Z746_Get_CycleCount)
                  00007f58    0000000c     BQ27Z7_functions.o (.text.BQ27Z746_Get_FullChargeCap_mAh)
                  00007f64    0000000c     BQ27Z7_functions.o (.text.BQ27Z746_Get_InternalTemp_C)
                  00007f70    0000000c     BQ27Z7_functions.o (.text.BQ27Z746_Get_RemainingCap_mAh)
                  00007f7c    0000000c     BQ27Z7_functions.o (.text.BQ27Z746_Get_SOC_pct)
                  00007f88    0000000c     BQ27Z7_functions.o (.text.BQ27Z746_Get_StateOfHealth_pct)
                  00007f94    0000000c     BQ27Z7_functions.o (.text.BQ27Z746_Get_Temperature_C)
                  00007fa0    0000000c     BQ27Z7_functions.o (.text.BQ27Z746_Get_TimeToEmpty_min)
                  00007fac    0000000c     BQ27Z7_functions.o (.text.BQ27Z746_Get_TimeToFull_min)
                  00007fb8    0000000c     BQ27Z7_functions.o (.text.BQ27Z746_Get_Voltage_mV)
                  00007fc4    0000000c     helper_functions.o (.text.PWR_BlockFastClocks)
                  00007fd0    0000000c     helper_functions.o (.text.PWR_EnterMinimumProfile)
                  00007fdc    0000000c     ti_msp_dl_config.o (.text.SYSCFG_DL_DMA_init)
                  00007fe8    0000000c     libclang_rt.builtins.a : aeabi_memset.S.obj (.text.__aeabi_memclr)
                  00007ff4    0000000a     BQ25628_functions.o (.text.BQ25628E_GetFaultFlags)
                  00007ffe    0000000a     driverlib.a : dl_common.o (.text.DL_Common_delayCycles)
                  00008008    0000000a     libc.a : _printfi.c.obj (.text.OUTLINED_FUNCTION_0)
                  00008012    00000002     --HOLE-- [fill = 0]
                  00008014    00000010     libclang_rt.builtins.a : adddf3.S.obj (.tramp.__aeabi_dsub.1)
                  00008024    0000000a     libc.a : s_roundf.c.obj (.text.OUTLINED_FUNCTION_0)
                  0000802e    00000002     --HOLE-- [fill = 0]
                  00008030    00000010     libclang_rt.builtins.a : addsf3.S.obj (.tramp.__aeabi_fadd.1)
                  00008040    0000000a     libc.a : _printfi.c.obj (.text.OUTLINED_FUNCTION_1)
                  0000804a    0000000a     sm.o (.text.SM_SendAck)
                  00008054    0000000a     sm.o (.text.SM_SendNack)
                  0000805e    0000000a     sm.o (.text.SM_SendOffer)
                  00008068    00000008     helper_functions.o (.text.PWR_UnblockFastClocks)
                  00008070    00000008     libc.a : aeabi_portable.c.obj (.text.__aeabi_errno_addr)
                  00008078    00000008     libclang_rt.builtins.a : aeabi_memcpy.S.obj (.text.__aeabi_memcpy)
                  00008080    00000006     libc.a : exit.c.obj (.text:abort)
                  00008086    00000004     startup_mspm0g350x_ticlang.o (.text.Default_Handler)
                  0000808a    00000004     libsysbm.a : hostexit.c.obj (.text.HOSTexit)
                  0000808e    00000004     startup_mspm0g350x_ticlang.o (.text.Reset_Handler)
                  00008092    00000002     --HOLE-- [fill = 0]
                  00008094    00000010     libc.a : boot_cortex_m.c.obj (.tramp._c_int00_noargs.1)
                  000080a4    00000004            : pre_init.c.obj (.text._system_pre_init)
                  000080a8    00000008     --HOLE-- [fill = 0]

.cinit     0    0000ab80    00000038     
                  0000ab80    0000000f     (.cinit..data.load) [load image, compression = lzss]
                  0000ab8f    00000001     --HOLE-- [fill = 0]
                  0000ab90    0000000c     (__TI_handler_table)
                  0000ab9c    00000008     (.cinit..bss.load) [load image, compression = zero_init]
                  0000aba4    00000010     (__TI_cinit_table)
                  0000abb4    00000004     --HOLE-- [fill = 0]

.rodata    0    000080b0    00002ad0     
                  000080b0    000004e0     BQ25628_functions.o (.rodata.thermistor_table_ntcc_10k)
                  00008590    00000183     sm.o (.rodata.str1.12397014039803638819.1)
                  00008713    00000175     functions.o (.rodata.str1.16985884696085998545.1)
                  00008888    0000013d     functions.o (.rodata.str1.8841248051089024616.1)
                  000089c5    00000003     sm.o (.rodata.str1.11068927846319053752.1)
                  000089c8    00000138     BQ25628_functions.o (.rodata.thermistor_table_E3103JT2A)
                  00008b00    00000101     libc.a : aeabi_ctype.S.obj (.rodata:__aeabi_ctype_table_)
                  00008c01    0000007a     functions.o (.rodata.str1.6405428687533244608.1)
                  00008c7b    0000005e     sm.o (.rodata.str1.13146796147637671417.1)
                  00008cd9    0000004e     functions.o (.rodata.str1.17622889657162422067.1)
                  00008d27    00000047     sm.o (.rodata.str1.215449561825825741.1)
                  00008d6e    00000046     functions.o (.rodata.str1.6886749528440134913.1)
                  00008db4    00000045     sm.o (.rodata.str1.15372665486712371875.1)
                  00008df9    00000045     sm.o (.rodata.str1.7174287618723474338.1)
                  00008e3e    00000044     sm.o (.rodata.str1.13806940085091765864.1)
                  00008e82    00000040     sm.o (.rodata.cst32)
                  00008ec2    0000003f     sm.o (.rodata..L.str.39)
                  00008f01    0000003c     functions.o (.rodata.str1.4144252613811081812.1)
                  00008f3d    0000003b     sm.o (.rodata.str1.6143834312504247943.1)
                  00008f78    00000039     sm.o (.rodata.str1.17423919968933139206.1)
                  00008fb1    00000034     functions.o (.rodata.str1.2372479248998020874.1)
                  00008fe5    00000033     functions.o (.rodata.str1.12247701732483370762.1)
                  00009018    00000033     sm.o (.rodata.str1.8864717694825480951.1)
                  0000904b    00000032     sm.o (.rodata.str1.15263261969876506099.1)
                  0000907d    00000031     sm.o (.rodata.str1.13621750700109600483.1)
                  000090ae    00000031     main.o (.rodata.str1.16265332423659789559.1)
                  000090df    00000031     sm.o (.rodata.str1.936536258536287558.1)
                  00009110    00000030     functions.o (.rodata.str1.10394495994740858438.1)
                  00009140    00000030     sm.o (.rodata.str1.9015906912367349520.1)
                  00009170    0000002f     sm.o (.rodata.str1.10642223667573325030.1)
                  0000919f    0000002f     sm.o (.rodata.str1.13484114370921697230.1)
                  000091ce    0000002f     main.o (.rodata.str1.18227636981041470289.1)
                  000091fd    0000002f     sm.o (.rodata.str1.6706714306804812513.1)
                  0000922c    0000002f     functions.o (.rodata.str1.771275161403278999.1)
                  0000925b    0000002e     sm.o (.rodata.str1.10074234193553229488.1)
                  00009289    0000002e     sm.o (.rodata.str1.6699832042175361678.1)
                  000092b7    0000002d     functions.o (.rodata.str1.10302267126528799586.1)
                  000092e4    0000002d     sm.o (.rodata.str1.11872428322785711893.1)
                  00009311    0000002d     functions.o (.rodata.str1.3107984650851015417.1)
                  0000933e    0000002d     sm.o (.rodata.str1.6352479086615376674.1)
                  0000936b    0000002d     functions.o (.rodata.str1.8683587540435544184.1)
                  00009398    0000002d     functions.o (.rodata.str1.9586352787182320994.1)
                  000093c5    0000002d     sm.o (.rodata.str1.9632891986468774824.1)
                  000093f2    0000002c     sm.o (.rodata.str1.14974854966295381235.1)
                  0000941e    0000002c     functions.o (.rodata.str1.15647711897633472048.1)
                  0000944a    0000002c     sm.o (.rodata.str1.4065237578060095866.1)
                  00009476    0000002c     sm.o (.rodata.str1.8034107793878613880.1)
                  000094a2    0000002b     sm.o (.rodata.str1.15093750064768470170.1)
                  000094cd    0000002b     sm.o (.rodata.str1.17406869698819462110.1)
                  000094f8    0000002b     main.o (.rodata.str1.9059077390166914652.1)
                  00009523    0000002a     sm.o (.rodata.str1.12211910208138588024.1)
                  0000954d    0000002a     sm.o (.rodata.str1.6344330448771139984.1)
                  00009577    0000002a     functions.o (.rodata.str1.6579945242302544448.1)
                  000095a1    0000002a     sm.o (.rodata.str1.8584159046200810494.1)
                  000095cb    00000029     functions.o (.rodata.str1.11158820112163685190.1)
                  000095f4    00000028     sm.o (.rodata.str1.16161273282440790822.1)
                  0000961c    00000028     sm.o (.rodata.str1.5346473246348048464.1)
                  00009644    00000028     functions.o (.rodata.str1.7667325258934765219.1)
                  0000966c    00000027     functions.o (.rodata.str1.10387253022637546114.1)
                  00009693    00000026     functions.o (.rodata.str1.17600609178903569978.1)
                  000096b9    00000026     functions.o (.rodata.str1.2347775125427912132.1)
                  000096df    00000026     sm.o (.rodata.str1.6349085798831502584.1)
                  00009705    00000026     functions.o (.rodata.str1.8430466031500812981.1)
                  0000972b    00000025     main.o (.rodata.str1.14402440632258215044.1)
                  00009750    00000025     functions.o (.rodata.str1.3322434249706281543.1)
                  00009775    00000025     sm.o (.rodata.str1.7407045868909886887.1)
                  0000979a    00000024     functions.o (.rodata.str1.2298903785866919411.1)
                  000097be    00000024     functions.o (.rodata.str1.5556253844797924259.1)
                  000097e2    00000024     functions.o (.rodata.str1.9866892624350641238.1)
                  00009806    00000023     uart.o (.rodata.str1.14464947116831474962.1)
                  00009829    00000023     sm.o (.rodata.str1.4246753389219725692.1)
                  0000984c    00000023     sm.o (.rodata.str1.6474326562643168034.1)
                  0000986f    00000023     functions.o (.rodata.str1.8276779995786722914.1)
                  00009892    00000022     functions.o (.rodata.str1.10105263805998509149.1)
                  000098b4    00000022     functions.o (.rodata.str1.11296493460036947760.1)
                  000098d6    00000022     sm.o (.rodata.str1.11717421970834805807.1)
                  000098f8    00000022     functions.o (.rodata.str1.11740181311745255940.1)
                  0000991a    00000022     functions.o (.rodata.str1.12716370140545181522.1)
                  0000993c    00000022     functions.o (.rodata.str1.13183419841694627606.1)
                  0000995e    00000022     sm.o (.rodata.str1.14549782969676864611.1)
                  00009980    00000022     functions.o (.rodata.str1.15241132200125037881.1)
                  000099a2    00000022     functions.o (.rodata.str1.16499007181999684178.1)
                  000099c4    00000022     functions.o (.rodata.str1.17162129685140799346.1)
                  000099e6    00000022     functions.o (.rodata.str1.17873271132953962449.1)
                  00009a08    00000022     functions.o (.rodata.str1.4088760258362988122.1)
                  00009a2a    00000022     sm.o (.rodata.str1.739421897647983371.1)
                  00009a4c    00000022     functions.o (.rodata.str1.9506313465773766142.1)
                  00009a6e    00000021     functions.o (.rodata.str1.11373607083750233779.1)
                  00009a8f    00000021     functions.o (.rodata.str1.11489194655681450928.1)
                  00009ab0    00000021     functions.o (.rodata.str1.13213250456124221025.1)
                  00009ad1    00000021     functions.o (.rodata.str1.13405053720543497480.1)
                  00009af2    00000021     functions.o (.rodata.str1.14296218639596138037.1)
                  00009b13    00000021     sm.o (.rodata.str1.14503845784781406648.1)
                  00009b34    00000021     functions.o (.rodata.str1.17124744513834159004.1)
                  00009b55    00000021     sm.o (.rodata.str1.18120461028340026678.1)
                  00009b76    00000021     sm.o (.rodata.str1.4037816326677612176.1)
                  00009b97    00000021     functions.o (.rodata.str1.7276749916342729794.1)
                  00009bb8    00000020     functions.o (.rodata.str1.1121117191475404019.1)
                  00009bd8    00000020     functions.o (.rodata.str1.13258710136769708401.1)
                  00009bf8    00000020     functions.o (.rodata.str1.1463293767001829125.1)
                  00009c18    00000020     functions.o (.rodata.str1.15667472894159448674.1)
                  00009c38    00000020     functions.o (.rodata.str1.16699442666505370998.1)
                  00009c58    00000020     functions.o (.rodata.str1.2090735207208419621.1)
                  00009c78    00000020     functions.o (.rodata.str1.3274426514815924028.1)
                  00009c98    00000020     functions.o (.rodata.str1.3741468063811768988.1)
                  00009cb8    00000020     functions.o (.rodata.str1.4214633535407782609.1)
                  00009cd8    00000020     functions.o (.rodata.str1.4930741957133989383.1)
                  00009cf8    00000020     sm.o (.rodata.str1.5312347836719562665.1)
                  00009d18    00000020     functions.o (.rodata.str1.5699953771227312792.1)
                  00009d38    00000020     functions.o (.rodata.str1.6743441520423956273.1)
                  00009d58    0000001f     sm.o (.rodata.str1.10482923654445235652.1)
                  00009d77    0000001f     sm.o (.rodata.str1.11215331670978367741.1)
                  00009d96    0000001f     functions.o (.rodata.str1.11517924573668616356.1)
                  00009db5    0000001f     functions.o (.rodata.str1.13529407018213730301.1)
                  00009dd4    0000001f     main.o (.rodata.str1.14112174005742061988.1)
                  00009df3    0000001f     sm.o (.rodata.str1.176426320472047157.1)
                  00009e12    0000001f     functions.o (.rodata.str1.1810987313933839541.1)
                  00009e31    0000001f     functions.o (.rodata.str1.1879081474855052955.1)
                  00009e50    0000001f     functions.o (.rodata.str1.3121139948745544124.1)
                  00009e6f    0000001f     functions.o (.rodata.str1.5685701548624197313.1)
                  00009e8e    0000001f     functions.o (.rodata.str1.963556741755692615.1)
                  00009ead    0000001e     functions.o (.rodata.str1.14626576299884526934.1)
                  00009ecb    0000001e     functions.o (.rodata.str1.1798579838546719175.1)
                  00009ee9    0000001e     functions.o (.rodata.str1.389011575781332116.1)
                  00009f07    0000001e     functions.o (.rodata.str1.5117621188084071403.1)
                  00009f25    0000001e     functions.o (.rodata.str1.5896414462293131170.1)
                  00009f43    0000001d     sm.o (.rodata.str1.11648297443984318551.1)
                  00009f60    0000001d     sm.o (.rodata.str1.18168530628163698856.1)
                  00009f7d    0000001d     functions.o (.rodata.str1.9504405780896684869.1)
                  00009f9a    0000001c     functions.o (.rodata.str1.10868672936327135180.1)
                  00009fb6    0000001c     sm.o (.rodata.str1.11772150931471950449.1)
                  00009fd2    0000001c     main.o (.rodata.str1.12180500075719773345.1)
                  00009fee    0000001b     functions.o (.rodata.str1.11364996628600094536.1)
                  0000a009    0000001b     functions.o (.rodata.str1.12649739183381639352.1)
                  0000a024    0000001b     functions.o (.rodata.str1.13225435875195226696.1)
                  0000a03f    0000001b     functions.o (.rodata.str1.13869735989619804122.1)
                  0000a05a    0000001b     functions.o (.rodata.str1.17954340015018547257.1)
                  0000a075    0000001b     functions.o (.rodata.str1.18157200286260056646.1)
                  0000a090    0000001b     functions.o (.rodata.str1.2128294674425382420.1)
                  0000a0ab    0000001b     functions.o (.rodata.str1.2606492479815574346.1)
                  0000a0c6    0000001b     functions.o (.rodata.str1.6433388484108913441.1)
                  0000a0e1    0000001b     functions.o (.rodata.str1.6500671132244866452.1)
                  0000a0fc    0000001b     sm.o (.rodata.str1.7778359008883983518.1)
                  0000a117    0000001a     functions.o (.rodata.str1.11548324711019379123.1)
                  0000a131    0000001a     functions.o (.rodata.str1.12871985577256932554.1)
                  0000a14b    0000001a     functions.o (.rodata.str1.13786467237224150958.1)
                  0000a165    0000001a     sm.o (.rodata.str1.14409242992350981092.1)
                  0000a17f    0000001a     functions.o (.rodata.str1.1518209179495633459.1)
                  0000a199    0000001a     functions.o (.rodata.str1.15871961652988661611.1)
                  0000a1b3    0000001a     functions.o (.rodata.str1.15914577833492633752.1)
                  0000a1cd    0000001a     functions.o (.rodata.str1.16929425599360063401.1)
                  0000a1e7    0000001a     functions.o (.rodata.str1.2153166669032916089.1)
                  0000a201    0000001a     functions.o (.rodata.str1.4040450050525152614.1)
                  0000a21b    0000001a     sm.o (.rodata.str1.4973344438314436649.1)
                  0000a235    00000019     functions.o (.rodata.str1.11596568296542930794.1)
                  0000a24e    00000019     functions.o (.rodata.str1.14496393926573069083.1)
                  0000a267    00000019     functions.o (.rodata.str1.14504089057119714207.1)
                  0000a280    00000019     functions.o (.rodata.str1.15927518266867229498.1)
                  0000a299    00000019     functions.o (.rodata.str1.3123360382440319361.1)
                  0000a2b2    00000019     functions.o (.rodata.str1.4531601087117612729.1)
                  0000a2cb    00000019     functions.o (.rodata.str1.7085808795165203043.1)
                  0000a2e4    00000018     ti_msp_dl_config.o (.rodata.gDMA_CH0Config)
                  0000a2fc    00000018     ti_msp_dl_config.o (.rodata.gDMA_CH1Config)
                  0000a314    00000018     functions.o (.rodata.str1.10029850049327752681.1)
                  0000a32c    00000018     functions.o (.rodata.str1.11087625087312282266.1)
                  0000a344    00000018     functions.o (.rodata.str1.2190941444116491765.1)
                  0000a35c    00000018     functions.o (.rodata.str1.8113497073403762318.1)
                  0000a374    00000018     main.o (.rodata.str1.8154729771448623357.1)
                  0000a38c    00000018     functions.o (.rodata.str1.9987864939932165754.1)
                  0000a3a4    00000017     functions.o (.rodata.str1.12869987097872302101.1)
                  0000a3bb    00000017     functions.o (.rodata.str1.14425403555696131028.1)
                  0000a3d2    00000017     sm.o (.rodata.str1.14489403169315687886.1)
                  0000a3e9    00000017     functions.o (.rodata.str1.14660004578859228044.1)
                  0000a400    00000017     functions.o (.rodata.str1.17588442350683572369.1)
                  0000a417    00000017     functions.o (.rodata.str1.2299744636238869032.1)
                  0000a42e    00000017     functions.o (.rodata.str1.3019495220097340546.1)
                  0000a445    00000017     functions.o (.rodata.str1.303947978237559523.1)
                  0000a45c    00000017     functions.o (.rodata.str1.4198453541086758413.1)
                  0000a473    00000017     functions.o (.rodata.str1.5514502381961403268.1)
                  0000a48a    00000017     functions.o (.rodata.str1.67103668184455600.1)
                  0000a4a1    00000017     functions.o (.rodata.str1.7108839738911806945.1)
                  0000a4b8    00000017     functions.o (.rodata.str1.831622212789273363.1)
                  0000a4cf    00000017     functions.o (.rodata.str1.9659379646541333203.1)
                  0000a4e6    00000016     functions.o (.rodata.str1.11093425900794288272.1)
                  0000a4fc    00000016     functions.o (.rodata.str1.12250083639950253671.1)
                  0000a512    00000016     functions.o (.rodata.str1.13291850131445628085.1)
                  0000a528    00000016     functions.o (.rodata.str1.13554695696533425351.1)
                  0000a53e    00000016     functions.o (.rodata.str1.13750405472340812261.1)
                  0000a554    00000016     sm.o (.rodata.str1.13991456850027960978.1)
                  0000a56a    00000016     uart.o (.rodata.str1.15503172443992438641.1)
                  0000a580    00000016     functions.o (.rodata.str1.16113805747440866019.1)
                  0000a596    00000016     functions.o (.rodata.str1.16344480386849582482.1)
                  0000a5ac    00000016     functions.o (.rodata.str1.16726128468901222387.1)
                  0000a5c2    00000016     functions.o (.rodata.str1.17016031596792030868.1)
                  0000a5d8    00000016     functions.o (.rodata.str1.17112998893623131760.1)
                  0000a5ee    00000016     functions.o (.rodata.str1.17242831494859343374.1)
                  0000a604    00000016     functions.o (.rodata.str1.1912318065655334061.1)
                  0000a61a    00000016     functions.o (.rodata.str1.2654337880733388962.1)
                  0000a630    00000016     functions.o (.rodata.str1.2957129483359387701.1)
                  0000a646    00000016     functions.o (.rodata.str1.2989574447005584482.1)
                  0000a65c    00000016     functions.o (.rodata.str1.3066531604708884151.1)
                  0000a672    00000016     functions.o (.rodata.str1.3156050197955811031.1)
                  0000a688    00000016     sm.o (.rodata.str1.3526079463663072691.1)
                  0000a69e    00000016     functions.o (.rodata.str1.3739636256912452571.1)
                  0000a6b4    00000016     functions.o (.rodata.str1.823074591787180899.1)
                  0000a6ca    00000015     functions.o (.rodata.str1.10930655922842606279.1)
                  0000a6df    00000015     functions.o (.rodata.str1.11345522308171243087.1)
                  0000a6f4    00000015     functions.o (.rodata.str1.11488970495173820783.1)
                  0000a709    00000015     functions.o (.rodata.str1.11584461607463951922.1)
                  0000a71e    00000015     functions.o (.rodata.str1.13060549876486072544.1)
                  0000a733    00000015     functions.o (.rodata.str1.14247832736261690914.1)
                  0000a748    00000015     functions.o (.rodata.str1.16614484817706633923.1)
                  0000a75d    00000015     functions.o (.rodata.str1.17004305802620412261.1)
                  0000a772    00000015     functions.o (.rodata.str1.1787322033648190911.1)
                  0000a787    00000015     functions.o (.rodata.str1.2216088936736676215.1)
                  0000a79c    00000015     functions.o (.rodata.str1.455706336395187257.1)
                  0000a7b1    00000015     uart.o (.rodata.str1.8171864734171609186.1)
                  0000a7c6    00000015     functions.o (.rodata.str1.9393216526452698668.1)
                  0000a7db    00000014     sm.o (.rodata.str1.1754728263209323642.1)
                  0000a7ef    00000014     functions.o (.rodata.str1.9119127971185803168.1)
                  0000a803    00000013     functions.o (.rodata.str1.17418132220924322792.1)
                  0000a816    00000012     functions.o (.rodata.str1.5320122413559821118.1)
                  0000a828    00000012     functions.o (.rodata.str1.9955790773425000222.1)
                  0000a83a    00000011     libc.a : _printfi.c.obj (.rodata.str1.10348868589481759720.1)
                  0000a84b    00000011     functions.o (.rodata.str1.14125585639945481457.1)
                  0000a85c    00000011     functions.o (.rodata.str1.14754684760099289372.1)
                  0000a86d    00000011     libc.a : _printfi.c.obj (.rodata.str1.15363888844622738466.1)
                  0000a87e    00000011     functions.o (.rodata.str1.2305192595417680505.1)
                  0000a88f    00000011     functions.o (.rodata.str1.312031595841812858.1)
                  0000a8a0    00000011     functions.o (.rodata.str1.6596733414268854495.1)
                  0000a8b1    0000000f     sm.o (.rodata.str1.17326948429412206124.1)
                  0000a8c0    0000000f     sm.o (.rodata.str1.5356927564740531700.1)
                  0000a8cf    0000000f     functions.o (.rodata.str1.7987950595137088371.1)
                  0000a8de    0000000e     functions.o (.rodata.str1.11900037607746946141.1)
                  0000a8ec    0000000e     functions.o (.rodata.str1.14212890215622683485.1)
                  0000a8fa    0000000e     functions.o (.rodata.str1.8855207564147674068.1)
                  0000a908    0000000d     functions.o (.rodata.str1.15981603964029308583.1)
                  0000a915    0000000d     functions.o (.rodata.str1.16757203657686794125.1)
                  0000a922    0000000d     functions.o (.rodata.str1.5905555877690922764.1)
                  0000a92f    0000000c     functions.o (.rodata.str1.11510568493784519380.1)
                  0000a93b    0000000c     functions.o (.rodata.str1.13707145581914847747.1)
                  0000a947    0000000c     sm.o (.rodata.str1.13948261255381090312.1)
                  0000a953    0000000c     functions.o (.rodata.str1.14826907694073300720.1)
                  0000a95f    0000000b     functions.o (.rodata.str1.12082073636076449582.1)
                  0000a96a    0000000b     functions.o (.rodata.str1.62749256631814321.1)
                  0000a975    0000000b     sm.o (.rodata.str1.6327918373674271190.1)
                  0000a980    0000000a     ti_msp_dl_config.o (.rodata.gSPI_1_config)
                  0000a98a    0000000a     ti_msp_dl_config.o (.rodata.gUART_0Config)
                  0000a994    0000000a     sm.o (.rodata.str1.16767406482316045394.1)
                  0000a99e    0000000a     functions.o (.rodata.str1.502354497711140047.1)
                  0000a9a8    0000000a     functions.o (.rodata.str1.5196872854305757230.1)
                  0000a9b2    00000009     functions.o (.rodata.str1.11403685632016021771.1)
                  0000a9bb    00000009     functions.o (.rodata.str1.13933329845969146692.1)
                  0000a9c4    00000009     functions.o (.rodata.str1.16059144329163883794.1)
                  0000a9cd    00000009     functions.o (.rodata.str1.2344728598999326712.1)
                  0000a9d6    00000009     functions.o (.rodata.str1.2618360898605671341.1)
                  0000a9df    00000009     uart.o (.rodata.str1.2747995240747259486.1)
                  0000a9e8    00000009     functions.o (.rodata.str1.4561657886204501224.1)
                  0000a9f1    00000009     sm.o (.rodata.str1.6783750177776626858.1)
                  0000a9fa    00000008     ti_msp_dl_config.o (.rodata.gRTCCalendarConfig)
                  0000aa02    00000008     functions.o (.rodata.str1.11391304066098951517.1)
                  0000aa0a    00000008     functions.o (.rodata.str1.11457859038367029433.1)
                  0000aa12    00000008     functions.o (.rodata.str1.13647871663007229205.1)
                  0000aa1a    00000008     functions.o (.rodata.str1.14249227603012650231.1)
                  0000aa22    00000008     functions.o (.rodata.str1.17144429639171527548.1)
                  0000aa2a    00000008     functions.o (.rodata.str1.17669684748118727147.1)
                  0000aa32    00000008     sm.o (.rodata.str1.2368464458259458814.1)
                  0000aa3a    00000008     main.o (.rodata.str1.2846389346932560359.1)
                  0000aa42    00000008     functions.o (.rodata.str1.4307635291288551838.1)
                  0000aa4a    00000008     sm.o (.rodata.str1.5132831376632134849.1)
                  0000aa52    00000008     sm.o (.rodata.str1.6205510967830628372.1)
                  0000aa5a    00000008     functions.o (.rodata.str1.6954128830300373732.1)
                  0000aa62    00000008     functions.o (.rodata.str1.7324634916810494498.1)
                  0000aa6a    00000008     functions.o (.rodata.str1.7723146404961276984.1)
                  0000aa72    00000008     sm.o (.rodata.str1.9131400256122924013.1)
                  0000aa7a    00000008     sm.o (.rodata.str1.9744198617531312687.1)
                  0000aa82    00000007     sm.o (.rodata.str1.14195156662174812531.1)
                  0000aa89    00000007     functions.o (.rodata.str1.18285776561876861988.1)
                  0000aa90    00000007     functions.o (.rodata.str1.1832783851567210609.1)
                  0000aa97    00000007     functions.o (.rodata.str1.5994875290679588583.1)
                  0000aa9e    00000007     functions.o (.rodata.str1.7261598007108977983.1)
                  0000aaa5    00000007     functions.o (.rodata.str1.9629253951102113371.1)
                  0000aaac    00000006     functions.o (.rodata.str1.12609848238114409581.1)
                  0000aab2    00000006     functions.o (.rodata.str1.14779408147115502373.1)
                  0000aab8    00000006     functions.o (.rodata.str1.15416425971347363818.1)
                  0000aabe    00000006     main.o (.rodata.str1.15996357275703397564.1)
                  0000aac4    00000006     functions.o (.rodata.str1.18169768820860067831.1)
                  0000aaca    00000006     functions.o (.rodata.str1.2872345601479061820.1)
                  0000aad0    00000006     sm.o (.rodata.str1.5049054583350999548.1)
                  0000aad6    00000006     sm.o (.rodata.str1.5816792156425397620.1)
                  0000aadc    00000006     sm.o (.rodata.str1.9289128541405963657.1)
                  0000aae2    00000006     functions.o (.rodata.str1.976629323795015702.1)
                  0000aae8    00000005     sm.o (.rodata.str1.11280623484315938962.1)
                  0000aaed    00000005     functions.o (.rodata.str1.11538060877586311343.1)
                  0000aaf2    00000005     functions.o (.rodata.str1.11621569494667626893.1)
                  0000aaf7    00000005     functions.o (.rodata.str1.11852899632267644254.1)
                  0000aafc    00000005     functions.o (.rodata.str1.12122565456592184258.1)
                  0000ab01    00000005     sm.o (.rodata.str1.12574763742279629214.1)
                  0000ab06    00000005     functions.o (.rodata.str1.13361924668150654931.1)
                  0000ab0b    00000005     functions.o (.rodata.str1.13497160822588500659.1)
                  0000ab10    00000005     main.o (.rodata.str1.15159059442110792349.1)
                  0000ab15    00000005     functions.o (.rodata.str1.17171889877841249491.1)
                  0000ab1a    00000005     main.o (.rodata.str1.288608917962107522.1)
                  0000ab1f    00000005     functions.o (.rodata.str1.3098115528246613681.1)
                  0000ab24    00000005     functions.o (.rodata.str1.3172367308849033862.1)
                  0000ab29    00000005     functions.o (.rodata.str1.4910338030008278487.1)
                  0000ab2e    00000004     functions.o (.rodata.str1.11371842499512143921.1)
                  0000ab32    00000004     functions.o (.rodata.str1.12257129677820421622.1)
                  0000ab36    00000004     functions.o (.rodata.str1.14079700471513303319.1)
                  0000ab3a    00000004     functions.o (.rodata.str1.14424774467072349609.1)
                  0000ab3e    00000004     functions.o (.rodata.str1.16386345573460399209.1)
                  0000ab42    00000004     main.o (.rodata.str1.17100691992556644108.1)
                  0000ab46    00000004     functions.o (.rodata.str1.2006883888705870762.1)
                  0000ab4a    00000004     functions.o (.rodata.str1.3544098629501009633.1)
                  0000ab4e    00000004     functions.o (.rodata.str1.4959705119256106851.1)
                  0000ab52    00000004     sm.o (.rodata.str1.5902499864709179373.1)
                  0000ab56    00000003     uart.o (.rodata.str1.12819099410943012003.1)
                  0000ab59    00000003     functions.o (.rodata.str1.13318008327193210645.1)
                  0000ab5c    00000003     main.o (.rodata.str1.2123964117280943167.1)
                  0000ab5f    00000003     functions.o (.rodata.str1.504123949362312185.1)
                  0000ab62    00000003     functions.o (.rodata.str1.7213520456192855849.1)
                  0000ab65    00000003     main.o (.rodata.str1.7702501944640899365.1)
                  0000ab68    00000002     ti_msp_dl_config.o (.rodata.gI2C_0ClockConfig)
                  0000ab6a    00000002     ti_msp_dl_config.o (.rodata.gI2C_1ClockConfig)
                  0000ab6c    00000002     ti_msp_dl_config.o (.rodata.gSPI_1_clockConfig)
                  0000ab6e    00000002     ti_msp_dl_config.o (.rodata.gUART_0ClockConfig)
                  0000ab70    00000002     functions.o (.rodata.str1.2132137826339264873.1)
                  0000ab72    00000002     uart.o (.rodata.str1.3510367808670815947.1)
                  0000ab74    0000000c     --HOLE-- [fill = 0]

.init_array 
*          0    00000000    00000000     UNINITIALIZED

.binit     0    00000000    00000000     

.bss       0    20200000    00000865     UNINITIALIZED
                  20200000    00000200     sm.o (.bss.json_buf)
                  20200200    00000200     (.common:gSPI_RxPacket)
                  20200400    00000200     (.common:gSPI_TxPacket)
                  20200600    00000114     (.common:sm_context)
                  20200714    00000078     uart.o (.bss.commandList)
                  2020078c    00000040     (.common:UART_Buffer)
                  202007cc    00000028     (.common:gSPI_1Backup)
                  202007f4    00000022     (.common:gRxPacket)
                  20200816    00000022     (.common:gTxPacket)
                  20200838    0000001c     (.common:stm32Spi)
                  20200854    00000004     (.common:gRxCount)
                  20200858    00000004     (.common:gRxLen)
                  2020085c    00000004     (.common:gTxCount)
                  20200860    00000004     (.common:gTxLen)
                  20200864    00000001     (.common:gI2cControllerStatus)

.data      0    20200868    0000004b     UNINITIALIZED
                  20200868    0000001c     BQ27Z7_functions.o (.data.g_telem)
                  20200884    00000004     libc.a : aeabi_portable.c.obj (.data.__aeabi_errno)
                  20200888    00000004     uart.o (.data.commandCount)
                  2020088c    00000004     BQ25628_functions.o (.data.g_tbat_C)
                  20200890    00000004     libc.a : strtok.c.obj (.data.last_end)
                  20200894    00000004     sm.o (.data.last_safety_status)
                  20200898    00000004     main.o (.data.monitor_rate)
                  2020089c    00000002     BQ25628_functions.o (.data.g_ibat_mA)
                  2020089e    00000002     BQ25628_functions.o (.data.g_ibus_mA)
                  202008a0    00000002     BQ25628_functions.o (.data.g_tdie_C)
                  202008a2    00000002     BQ25628_functions.o (.data.g_vbat_mV)
                  202008a4    00000002     BQ25628_functions.o (.data.g_vbus_mV)
                  202008a6    00000002     BQ25628_functions.o (.data.g_vsys_mV)
                  202008a8    00000001     main.o (.data.bq_monitor_active)
                  202008a9    00000001     uart.o (.data.char_index)
                  202008aa    00000001     uart.o (.data.data_received)
                  202008ab    00000001     gauge.o (.data.g_gaugeAddr)
                  202008ac    00000001     main.o (.data.gauge_monitor_active)
                  202008ad    00000001     main.o (.data.hall_monitor_active)
                  202008ae    00000001     main.o (.data.hall_wakeup_flag)
                  202008af    00000001     sm.o (.data.last_charger_status)
                  202008b0    00000001     main.o (.data.rtc_minute_tick)
                  202008b1    00000001     main.o (.data.rtc_second_tick)
                  202008b2    00000001     main.o (.data.stm_io2_flag)

.stack     0    20207e00    00000200     UNINITIALIZED
                  20207e00    00000004     libc.a : boot_cortex_m.c.obj (.stack)
                  20207e04    000001fc     --HOLE--

__llvm_prf_cnts 
*          0    20200000    00000000     UNINITIALIZED

__llvm_prf_bits 
*          0    20200000    00000000     UNINITIALIZED

MODULE SUMMARY

       Module                         code    ro data   rw data
       ------                         ----    -------   -------
    .\
       functions.o                    5210    5711      0      
       sm.o                           5950    2917      793    
       ti_msp_dl_config.o             2796    84        40     
       helper_functions.o             982     0         0      
       main.o                         536     293       11     
       startup_mspm0g350x_ticlang.o   8       192       0      
    +--+------------------------------+-------+---------+---------+
       Total:                         15482   9197      844    
                                                               
    .\HAL\
       spi_master.o                   644     0         1052   
       i2c.o                          1560    0         85     
       uart.o                         1112    92        190    
    +--+------------------------------+-------+---------+---------+
       Total:                         3316    92        1327   
                                                               
    .\ics\BQ25628\
       BQ25628_functions.o            2068    1560      16     
    +--+------------------------------+-------+---------+---------+
       Total:                         2068    1560      16     
                                                               
    .\ics\BQ27Z7\
       BQ27Z7_functions.o             1704    0         28     
       gauge.o                        300     0         1      
    +--+------------------------------+-------+---------+---------+
       Total:                         2004    0         29     
                                                               
    C:/ti/mspm0_sdk_2_09_00_01/source/ti/driverlib/lib/ticlang/m0p/mspm0g1x0x_g3x0x/driverlib.a
       dl_rtc_common.o                288     0         0      
       dl_i2c.o                       240     0         0      
       dl_uart.o                      138     0         0      
       dl_spi.o                       86      0         0      
       dl_dma.o                       76      0         0      
       dl_common.o                    10      0         0      
    +--+------------------------------+-------+---------+---------+
       Total:                         838     0         0      
                                                               
    C:\ti\ccs2031\ccs\tools\compiler\ti-cgt-armllvm_4.0.4.LTS\lib\armv6m-ti-none-eabi/c/libc.a
       _printfi.c.obj                 4510    34        0      
       aeabi_ctype.S.obj              0       257       0      
       s_scalbn.c.obj                 216     0         0      
       snprintf.c.obj                 148     0         0      
       s_floorf.c.obj                 140     0         0      
       strcmp-armv6m.S.obj            136     0         0      
       vsnprintf.c.obj                136     0         0      
       copy_decompress_lzss.c.obj     124     0         0      
       s_roundf.c.obj                 114     0         0      
       s_frexp.c.obj                  92      0         0      
       _ltoa.c.obj                    88      0         0      
       strtok.c.obj                   72      0         4      
       atoi.c.obj                     64      0         0      
       autoinit.c.obj                 60      0         0      
       boot_cortex_m.c.obj            56      0         0      
       strncpy.c.obj                  44      0         0      
       strspn.c.obj                   38      0         0      
       strcspn.c.obj                  36      0         0      
       memccpy.c.obj                  34      0         0      
       strchr.c.obj                   20      0         0      
       copy_decompress_none.c.obj     18      0         0      
       memcpy16.S.obj                 18      0         0      
       copy_zero_init.c.obj           16      0         0      
       wcslen.c.obj                   16      0         0      
       memset16.S.obj                 14      0         0      
       strcpy.c.obj                   14      0         0      
       strlen.c.obj                   14      0         0      
       aeabi_portable.c.obj           8       0         4      
       exit.c.obj                     6       0         0      
       pre_init.c.obj                 4       0         0      
    +--+------------------------------+-------+---------+---------+
       Total:                         6256    291       8      
                                                               
    C:\ti\ccs2031\ccs\tools\compiler\ti-cgt-armllvm_4.0.4.LTS\lib\armv6m-ti-none-eabi/c/libsysbm.a
       hostexit.c.obj                 4       0         0      
    +--+------------------------------+-------+---------+---------+
       Total:                         4       0         0      
                                                               
    C:\ti\ccs2031\ccs\tools\compiler\ti-cgt-armllvm_4.0.4.LTS\lib\armv6m-ti-none-eabi/libclang_rt.builtins.a
       adddf3.S.obj                   418     0         0      
       divdf3.S.obj                   268     0         0      
       addsf3.S.obj                   232     0         0      
       muldf3.S.obj                   228     0         0      
       comparedf2.c.obj               220     0         0      
       udivmoddi4.S.obj               162     0         0      
       mulsf3.S.obj                   140     0         0      
       divsf3.S.obj                   130     0         0      
       comparesf2.S.obj               118     0         0      
       aeabi_dcmp.S.obj               98      0         0      
       aeabi_fcmp.S.obj               98      0         0      
       aeabi_idivmod.S.obj            86      0         0      
       fixdfsi.S.obj                  74      0         0      
       aeabi_uidivmod.S.obj           64      0         0      
       extendsfdf2.S.obj              64      0         0      
       floatsisf.S.obj                60      0         0      
       muldsi3.S.obj                  58      0         0      
       fixsfsi.S.obj                  56      0         0      
       floatsidf.S.obj                44      0         0      
       muldi3.S.obj                   36      0         0      
       ashldi3.S.obj                  30      0         0      
       aeabi_memset.S.obj             26      0         0      
       aeabi_uldivmod.S.obj           20      0         0      
       aeabi_memcpy.S.obj             8       0         0      
       aeabi_div0.c.obj               4       0         0      
    +--+------------------------------+-------+---------+---------+
       Total:                         2742    0         0      
                                                               
       Stack:                         0       0         512    
       Linker Generated:              0       51        0      
    +--+------------------------------+-------+---------+---------+
       Grand Total:                   32710   11191     2736   


LINKER GENERATED COPY TABLES

__TI_cinit_table @ 0000aba4 records: 2, size/record: 8, table size: 16
	.data: load addr=0000ab80, load size=0000000f bytes, run addr=20200868, run size=0000004b bytes, compression=lzss
	.bss: load addr=0000ab9c, load size=00000008 bytes, run addr=20200000, run size=00000865 bytes, compression=zero_init


LINKER GENERATED HANDLER TABLE

__TI_handler_table @ 0000ab90 records: 3, size/record: 4, table size: 12
	index: 0, handler: __TI_decompress_lzss
	index: 1, handler: __TI_decompress_none
	index: 2, handler: __TI_zero_init


FAR CALL TRAMPOLINES

callee name               trampoline name
   callee addr  tramp addr   call addr  call info
--------------  -----------  ---------  ----------------
__aeabi_dsub              $Tramp$TT$L$PI$$__aeabi_dsub
   00002b45     00008014     00008010   libc.a : _printfi.c.obj (.text.OUTLINED_FUNCTION_0)
__aeabi_fadd              $Tramp$TT$L$PI$$__aeabi_fadd
   00004177     00008030     0000802c   libc.a : s_roundf.c.obj (.text.OUTLINED_FUNCTION_0)
_c_int00_noargs           $Tramp$TT$L$PI$$_c_int00_noargs
   000070f9     00008094     0000808e   startup_mspm0g350x_ticlang.o (.text.Reset_Handler)

[3 trampolines]
[3 trampoline calls]


GLOBAL SYMBOLS: SORTED ALPHABETICALLY BY Name 

address   name                          
-------   ----                          
00008087  ADC0_IRQHandler               
00008087  ADC1_IRQHandler               
00008087  AES_IRQHandler                
00006981  BQ25628E_ADC_Control          
000065d9  BQ25628E_ApplyProfile         
00007e65  BQ25628E_Disable_Watchdog     
00007ff5  BQ25628E_GetFaultFlags        
000049c5  BQ25628E_Get_IBAT_mA          
00007ec9  BQ25628E_Get_IBUS_mA          
00007ed5  BQ25628E_Get_TBAT_C           
00007ee1  BQ25628E_Get_TDIE_C           
00007eed  BQ25628E_Get_VBAT_mV          
00007ef9  BQ25628E_Get_VBUS_mV          
00007f05  BQ25628E_Get_VSYS_mV          
00007f11  BQ25628E_HardwareInit         
00005ecd  BQ25628E_Init_Default         
00006a99  BQ25628E_ReadReg16            
00006cb1  BQ25628E_ReadReg8             
00005ab1  BQ25628E_Set_ICHG_mA          
00005b09  BQ25628E_Set_IINDPM_mA        
00007e73  BQ25628E_Set_PeakDischarge_6A 
00005f21  BQ25628E_Set_Precharge_mA     
00005f75  BQ25628E_Set_Termination_mA   
00005441  BQ25628E_Set_VINDPM_mV        
000057c1  BQ25628E_Set_VREG_mV          
00005821  BQ25628E_Set_VSYSMIN_mV       
000060c3  BQ25628E_UpdateBits8          
000025c5  BQ25628E_UpdateTelemetry      
00006b01  BQ25628E_WriteReg16           
000071b9  BQ25628E_WriteReg8            
000058e1  BQ27Z746_GetChargingStatus    
00005d71  BQ27Z746_GetChemID            
00005dc7  BQ27Z746_GetDeviceType        
00005e1d  BQ27Z746_GetFirmwareVersion   
00005635  BQ27Z746_GetOperationStatus   
00005697  BQ27Z746_GetSafetyStatus      
00004e4d  BQ27Z746_GetTempConfig        
00007f1d  BQ27Z746_Get_AvgCurrent_mA    
[...]
0000575d  __aeabi_fcmpeq                
00005799  __aeabi_fcmpge                
000057ad  __aeabi_fcmpgt                
00005785  __aeabi_fcmple                
00005771  __aeabi_fcmplt                
00004b61  __aeabi_fdiv                  
000048ad  __aeabi_fmul                  
0000416d  __aeabi_fsub                  
00006e3d  __aeabi_i2d                   
00006855  __aeabi_i2f                   
00005e75  __aeabi_idiv                  
00002cd7  __aeabi_idiv0                 
00005e75  __aeabi_idivmod               
000045bf  __aeabi_ldiv0                 
0000734d  __aeabi_llsl                  
00007201  __aeabi_lmul                  
00007fe9  __aeabi_memclr                
00007fe9  __aeabi_memclr4               
00007fe9  __aeabi_memclr8               
00008079  __aeabi_memcpy                
00008079  __aeabi_memcpy4               
00008079  __aeabi_memcpy8               
00007e81  __aeabi_memset                
00007e81  __aeabi_memset4               
00007e81  __aeabi_memset8               
0000665d  __aeabi_uidiv                 
0000665d  __aeabi_uidivmod              
00007c59  __aeabi_uldivmod              
0000734d  __ashldi3                     
ffffffff  __binit__                     
000052a1  __cmpdf2                      
00006909  __cmpsf2                      
00003805  __divdf3                      
00004b61  __divsf3                      
000052a1  __eqdf2                       
00006909  __eqsf2                       
0000669d  __extendsfdf2                 
000064b9  __fixdfsi                     
00006a29  __fixsfsi                     
00006e3d  __floatsidf                   
00006855  __floatsisf                   
00004f35  __gedf2                       
00006891  __gesf2                       
00004f35  __gtdf2                       
00006891  __gtsf2                       
000052a1  __ledf2                       
00006909  __lesf2                       
000052a1  __ltdf2                       
00006909  __ltsf2                       
UNDEFED   __mpu_init                    
00003d15  __muldf3                      
00007201  __muldi3                      
00006945  __muldsi3                     
000048ad  __mulsf3                      
000052a1  __nedf2                       
00006909  __nesf2                       
20207e00  __stack                       
20200000  __start___llvm_prf_bits       
20200000  __start___llvm_prf_cnts       
20200000  __stop___llvm_prf_bits        
20200000  __stop___llvm_prf_cnts        
00002b45  __subdf3                      
0000416d  __subsf3                      
0000451d  __udivmoddi4                  
000070f9  _c_int00_noargs               
00003135  _calculateTempFromRt          
UNDEFED   _system_post_cinit            
000080a5  _system_pre_init              
00008081  abort                         
000066dd  atoi                          
ffffffff  binit                         
202008a8  bq_monitor_active             
202008a9  char_index                    
00001f11  cmd_bq                        
000011b5  cmd_gauge                     
00003a19  cmd_hall                      
00006255  cmd_help                      
00003df9  cmd_i2cscan                   
00002fe9  cmd_pwr                       
000016d9  cmd_sm                        
202008aa  data_received                 
00004939  floorf                        
00005a55  frexp                         
00005a55  frexpl                        
20200864  gI2cControllerStatus          
20200854  gRxCount                      
20200858  gRxLen                        
202007f4  gRxPacket                     
202007cc  gSPI_1Backup                  
20200200  gSPI_RxPacket                 
20200400  gSPI_TxPacket                 
2020085c  gTxCount                      
20200860  gTxLen                        
20200816  gTxPacket                     
000072cd  gauge_address                 
00006e69  gauge_cmd_read                
00006e95  gauge_init                    
202008ac  gauge_monitor_active          
00005089  gauge_read                    
000050f9  gauge_write                   
00006ec1  get_UART_buffer               
000070d1  hall_init                     
202008ad  hall_monitor_active           
202008ae  hall_wakeup_flag              
00007a8b  i2c_init                      
00000000  interruptVectors              
00004095  ldexp                         
00004095  ldexpl                        
00005309  main                          
0000726b  memccpy                       
20200898  monitor_rate                  
0000671d  printToUART                   
00005371  roundf                        
202008b0  rtc_minute_tick               
202008b1  rtc_second_tick               
00004095  scalbn                        
00004095  scalbnl                       
000045c1  setupCLI                      
20200600  sm_context                    
0000646d  snprintf                      
0000675d  spi_init                      
20200838  stm32Spi                      
202008b2  stm_io2_flag                  
00007c81  strchr                        
000049d1  strcmp                        
00007e8f  strcpy                        
00007225  strcspn                       
00007eab  strlen                        
00006eed  strncpy                       
00007193  strspn                        
0000654d  strtok                        
000089c8  thermistor_table_E3103JT2A    
000080b0  thermistor_table_ntcc_10k     
0000730d  uart_init                     
000055d1  uart_printf                   
0000679d  vsnprintf                     
00007e45  wcslen                        


GLOBAL SYMBOLS: SORTED BY Symbol Address 

address   name                          
-------   ----                          
00000000  __TI_ATRegion0_region_sz      
00000000  __TI_ATRegion0_src_addr       
00000000  __TI_ATRegion0_trg_addr       
00000000  __TI_ATRegion1_region_sz      
00000000  __TI_ATRegion1_src_addr       
00000000  __TI_ATRegion1_trg_addr       
00000000  __TI_ATRegion2_region_sz      
00000000  __TI_ATRegion2_src_addr       
00000000  __TI_ATRegion2_trg_addr       
00000000  __TI_static_base__            
00000000  interruptVectors              
000000c1  __TI_printfi                  
00000200  __STACK_SIZE                  
00000a91  SM_Run                        
000011b5  cmd_gauge                     
000016d9  cmd_sm                        
00001b5d  Run_Legacy_Monitors           
00001f11  cmd_bq                        
000025c5  BQ25628E_UpdateTelemetry      
0000299d  SYSCFG_DL_GPIO_init           
00002b45  __aeabi_dsub                  
00002b45  __subdf3                      
00002b4f  __adddf3                      
00002b4f  __aeabi_dadd                  
00002cd7  __aeabi_idiv0                 
00002e65  I2C_ReadDevice                
00002fe9  cmd_pwr                       
00003135  _calculateTempFromRt          
000034d5  BQ27Z746_MAC_Read             
000036f9  Shared_I2C_IRQHandler         
00003805  __aeabi_ddiv                  
00003805  __divdf3                      
00003911  I2C_WriteDevice               
00003a19  cmd_hall                      
00003d15  __aeabi_dmul                  
00003d15  __muldf3                      
00003df9  cmd_i2cscan                   
00003fbd  CLI_ProcessInput              
00004095  ldexp                         
00004095  ldexpl                        
00004095  scalbn                        
00004095  scalbnl                       
0000416d  __aeabi_fsub                  
0000416d  __subsf3                      
00004177  __addsf3                      
00004177  __aeabi_fadd                  
00004245  I2C_TryAddress                
00004319  UARTReceive                   
000043cd  RTC_SetTime                   
00004479  DL_RTC_Common_initCalendar    
0000451d  __udivmoddi4                  
000045bf  __aeabi_ldiv0                 
000045c1  setupCLI                      
00004661  BQ27Z746_UpdateTelemetry      
00004795  SPI_Controller_Arm            
00004821  SYSCFG_DL_initPower           
000048ad  __aeabi_fmul                  
000048ad  __mulsf3                      
00004939  floorf                        
000049c5  BQ25628E_Get_IBAT_mA          
000049d1  strcmp                        
00004b61  __aeabi_fdiv                  
00004b61  __divsf3                      
00004be5  SM_SafetyCheck                
00004c65  DL_RTC_Common_getCalendarTime 
00004ce1  __TI_decompress_lzss          
00004e4d  BQ27Z746_GetTempConfig        
00004ec1  SM_GetStateString             
00004f35  __gedf2                       
00004f35  __gtdf2                       
00004fa9  CLI_Tokenize                  
00005089  gauge_read                    
000050f9  gauge_write                   
00005169  SM_Init                       
000052a1  __cmpdf2                      
000052a1  __eqdf2                       
000052a1  __ledf2                       
000052a1  __ltdf2                       
000052a1  __nedf2                       
00005309  main                          
00005371  roundf                        
00005441  BQ25628E_Set_VINDPM_mV        
000054a5  SM_GetChargeString            
00005509  SYSCFG_DL_I2C_0_init          
0000556d  SYSCFG_DL_I2C_1_init          
000055d1  uart_printf                   
00005635  BQ27Z746_GetOperationStatus   
00005697  BQ27Z746_GetSafetyStatus      
000056f9  __aeabi_dcmpeq                
0000570d  __aeabi_dcmplt                
00005721  __aeabi_dcmple                
00005735  __aeabi_dcmpge                
00005749  __aeabi_dcmpgt                
0000575d  __aeabi_fcmpeq                
00005771  __aeabi_fcmplt                
00005785  __aeabi_fcmple                
00005799  __aeabi_fcmpge                
000057ad  __aeabi_fcmpgt                
000057c1  BQ25628E_Set_VREG_mV          
00005821  BQ25628E_Set_VSYSMIN_mV       
00005881  SM_ChargingSafetyCheck        
000058e1  BQ27Z746_GetChargingStatus    
0000593f  DL_I2C_fillControllerTXFIFO   
0000599d  CLI_RegisterCommand           
000059f9  SPI_Controller_Init           
00005a55  frexp                         
00005a55  frexpl                        
00005ab1  BQ25628E_Set_ICHG_mA          
00005b09  BQ25628E_Set_IINDPM_mA        
00005b61  GROUP1_IRQHandler             
00005c69  SYSCFG_DL_SPI_1_init          
00005cc1  __TI_ltoa                     
00005d71  BQ27Z746_GetChemID            
00005dc7  BQ27Z746_GetDeviceType        
00005e1d  BQ27Z746_GetFirmwareVersion   
00005e75  __aeabi_idiv                  
00005e75  __aeabi_idivmod               
00005ecd  BQ25628E_Init_Default         
00005f21  BQ25628E_Set_Precharge_mA     
00005f75  BQ25628E_Set_Termination_mA   
00005fc9  RTC_GetTime                   
000060c3  BQ25628E_UpdateBits8          
00006205  SYSCFG_DL_RTC_init            
00006255  cmd_help                      
000062a5  DL_DMA_initChannel            
000063d5  SPI1_IRQHandler               
00006421  SYSCFG_DL_UART_0_init         
0000646d  snprintf                      
000064b9  __aeabi_d2iz                  
000064b9  __fixdfsi                     
00006505  DL_UART_init                  
0000654d  strtok                        
00006595  DL_SPI_init                   
000065d9  BQ25628E_ApplyProfile         
0000661d  RTC_IRQHandler                
0000665d  __aeabi_uidiv                 
0000665d  __aeabi_uidivmod              
0000669d  __aeabi_f2d                   
0000669d  __extendsfdf2                 
000066dd  atoi                          
0000671d  printToUART                   
0000675d  spi_init                      
0000679d  vsnprintf                     
000067dd  DL_I2C_flushControllerTXFIFO  
00006819  SM_Transition                 
00006855  __aeabi_i2f                   
00006855  __floatsisf                   
00006891  __gesf2                       
00006891  __gtsf2                       
000068cd  __TI_auto_init_nobinit_nopinit
00006909  __cmpsf2                      
00006909  __eqsf2                       
00006909  __lesf2                       
00006909  __ltsf2                       
00006909  __nesf2                       
00006945  __muldsi3                     
00006981  BQ25628E_ADC_Control          
000069b9  BQ27Z746_Init                 
00006a29  __aeabi_f2iz                  
00006a29  __fixsfsi                     
00006a99  BQ25628E_ReadReg16            
00006acd  SYSCFG_DL_init                
00006b01  BQ25628E_WriteReg16           
00006b91  DL_I2C_flushControllerRXFIFO  
00006bf1  DL_UART_transmitDataBlocking  
00006cb1  BQ25628E_ReadReg8             
00006cdd  PWR_EnableSPI1                
00006e3d  __aeabi_i2d                   
00006e3d  __floatsidf                   
00006e69  gauge_cmd_read                
00006e95  gauge_init                    
00006ec1  get_UART_buffer               
00006eed  strncpy                       
00007059  PWR_EnableCoreInterrupts      
00007081  PWR_EnableI2C0                
000070a9  PWR_EnableUART0               
000070d1  hall_init                     
000070f9  _c_int00_noargs               
0000716d  DL_I2C_setClockConfig         
00007193  strspn                        
000071b9  BQ25628E_WriteReg8            
00007201  __aeabi_lmul                  
00007201  __muldi3                      
00007225  strcspn                       
00007249  SYSCFG_DL_SYSCTL_init         
0000726b  memccpy                       
000072cd  gauge_address                 
0000730d  uart_init                     
0000734d  __aeabi_llsl                  
0000734d  __ashldi3                     
000075d5  PWR_DisableI2C1               
000075f1  PWR_DisableSPI1               
0000760d  PWR_DisableUART0              
00007629  UART0_IRQHandler              
0000798d  PWR_EnterMeasureProfile       
000079a5  PWR_ExitMeasureProfile        
000079bd  SYSCFG_DL_DMA_CH0_init        
000079d5  SYSCFG_DL_DMA_CH1_init        
00007a1d  BQ27Z746_ReadInternalTemp_C   
00007a33  BQ27Z746_ReadTemperature_C    
00007a8b  i2c_init                      
00007aa1  BQ27Z746_ReadAvgCurrent_mA    
00007ab5  BQ27Z746_ReadAvgPower_mW      
00007ac9  BQ27Z746_ReadCurrent_mA       
00007add  BQ27Z746_ReadSOC_pct          
00007af1  BQ27Z746_ReadStateOfHealth_pct
00007c59  __aeabi_uldivmod              
00007c81  strchr                        
00007c95  BQ27Z746_ReadBatteryStatus    
00007ca7  BQ27Z746_ReadCycleCount       
00007cb9  BQ27Z746_ReadFullChargeCap_mAh
00007ccb  BQ27Z746_ReadRemainingCap_mAh 
00007cdd  BQ27Z746_ReadTimeToEmpty_min  
00007cef  BQ27Z746_ReadTimeToFull_min   
00007d01  BQ27Z746_ReadVoltage_mV       
00007d49  DL_SPI_setClockConfig         
00007d6d  DL_UART_setClockConfig        
00007d7f  TI_memcpy_small               
00007d91  __TI_decompress_none          
00007da5  BQ27Z746_IsDischarging        
00007db5  BQ27Z746_IsFullyCharged       
00007dc5  BQ27Z746_IsFullyDischarged    
00007de5  I2C0_IRQHandler               
00007df5  I2C1_IRQHandler               
00007e05  PWR_EnterActiveProfile        
00007e15  PWR_ExitActiveProfile         
00007e25  RTC_DisablePrescaler          
00007e35  RTC_EnablePrescaler           
00007e45  wcslen                        
00007e55  __TI_zero_init                
00007e65  BQ25628E_Disable_Watchdog     
00007e73  BQ25628E_Set_PeakDischarge_6A 
00007e81  __aeabi_memset                
00007e81  __aeabi_memset4               
00007e81  __aeabi_memset8               
00007e8f  strcpy                        
00007eab  strlen                        
00007eb9  TI_memset_small               
00007ec9  BQ25628E_Get_IBUS_mA          
00007ed5  BQ25628E_Get_TBAT_C           
00007ee1  BQ25628E_Get_TDIE_C           
00007eed  BQ25628E_Get_VBAT_mV          
00007ef9  BQ25628E_Get_VBUS_mV          
00007f05  BQ25628E_Get_VSYS_mV          
00007f11  BQ25628E_HardwareInit         
00007f1d  BQ27Z746_Get_AvgCurrent_mA    
00007f29  BQ27Z746_Get_AvgPower_mW      
00007f35  BQ27Z746_Get_BatteryStatus    
00007f41  BQ27Z746_Get_Current_mA       
00007f4d  BQ27Z746_Get_CycleCount       
00007f59  BQ27Z746_Get_FullChargeCap_mAh
00007f65  BQ27Z746_Get_InternalTemp_C   
00007f71  BQ27Z746_Get_RemainingCap_mAh 
00007f7d  BQ27Z746_Get_SOC_pct          
00007f89  BQ27Z746_Get_StateOfHealth_pct
00007f95  BQ27Z746_Get_Temperature_C    
00007fa1  BQ27Z746_Get_TimeToEmpty_min  
00007fad  BQ27Z746_Get_TimeToFull_min   
00007fb9  BQ27Z746_Get_Voltage_mV       
00007fc5  PWR_BlockFastClocks           
00007fd1  PWR_EnterMinimumProfile       
00007fdd  SYSCFG_DL_DMA_init            
00007fe9  __aeabi_memclr                
00007fe9  __aeabi_memclr4               
00007fe9  __aeabi_memclr8               
00007ff5  BQ25628E_GetFaultFlags        
00007fff  DL_Common_delayCycles         
00008069  PWR_UnblockFastClocks         
00008071  __aeabi_errno_addr            
00008079  __aeabi_memcpy                
00008079  __aeabi_memcpy4               
00008079  __aeabi_memcpy8               
00008081  abort                         
00008087  ADC0_IRQHandler               
00008087  ADC1_IRQHandler               
00008087  AES_IRQHandler                
00008087  CANFD0_IRQHandler             
00008087  DAC0_IRQHandler               
00008087  DMA_IRQHandler                
00008087  Default_Handler               
00008087  GROUP0_IRQHandler             
00008087  HardFault_Handler             
00008087  NMI_Handler                   
00008087  PendSV_Handler                
00008087  SPI0_IRQHandler               
00008087  SVC_Handler                   
00008087  SysTick_Handler               
00008087  TIMA0_IRQHandler              
00008087  TIMA1_IRQHandler              
00008087  TIMG0_IRQHandler              
00008087  TIMG12_IRQHandler             
00008087  TIMG6_IRQHandler              
00008087  TIMG7_IRQHandler              
00008087  TIMG8_IRQHandler              
00008087  UART1_IRQHandler              
00008087  UART2_IRQHandler              
00008087  UART3_IRQHandler              
0000808a  C$$EXIT                       
0000808b  HOSTexit                      
0000808f  Reset_Handler                 
000080a5  _system_pre_init              
000080b0  thermistor_table_ntcc_10k     
000089c8  thermistor_table_E3103JT2A    
00008b00  __aeabi_ctype_table_          
00008b00  __aeabi_ctype_table_C         
0000ab90  __TI_Handler_Table_Base       
0000ab9c  __TI_Handler_Table_Limit      
0000aba4  __TI_CINIT_Base               
0000abb4  __TI_CINIT_Limit              
0000abb4  __TI_CINIT_Warm               
20200000  __start___llvm_prf_bits       
20200000  __start___llvm_prf_cnts       
20200000  __stop___llvm_prf_bits        
20200000  __stop___llvm_prf_cnts        
20200200  gSPI_RxPacket                 
20200400  gSPI_TxPacket                 
20200600  sm_context                    
2020078c  UART_Buffer                   
202007cc  gSPI_1Backup                  
202007f4  gRxPacket                     
20200816  gTxPacket                     
20200838  stm32Spi                      
20200854  gRxCount                      
20200858  gRxLen                        
2020085c  gTxCount                      
20200860  gTxLen                        
20200864  gI2cControllerStatus          
20200884  __aeabi_errno                 
20200898  monitor_rate                  
202008a8  bq_monitor_active             
202008a9  char_index                    
202008aa  data_received                 
202008ac  gauge_monitor_active          
202008ad  hall_monitor_active           
202008ae  hall_wakeup_flag              
202008b0  rtc_minute_tick               
202008b1  rtc_second_tick               
202008b2  stm_io2_flag                  
20207e00  __stack                       
20208000  __STACK_END                   
ffffffff  __TI_pprof_out_hndl           
ffffffff  __TI_prof_data_size           
ffffffff  __TI_prof_data_start          
ffffffff  __binit__                     
ffffffff  binit                         
UNDEFED   __mpu_init                    
UNDEFED   _system_post_cinit            

[347 symbols]
