<?xml version="1.0" encoding="ISO-8859-1" ?>
<link_info>
   <banner>TI ARM Clang Linker PC v4.0.4.LTS</banner>
   <copyright>Copyright (c) 1996-2018 Texas Instruments Incorporated</copyright>
   <command_line>C:\ti\ccs2031\ccs\tools\compiler\ti-cgt-armllvm_4.0.4.LTS\bin\tiarmlnk -IC:\ti\ccs2031\ccs\tools\compiler\ti-cgt-armllvm_4.0.4.LTS\lib -o HW_SW_interface_CCS.out -mHW_SW_interface_CCS.map -iC:/ti/mspm0_sdk_2_09_00_01/source -iC:/Users/Admin/Desktop/Software code/Final Software/Insect Intel/Insect_Intel_V1.0 -iC:/Users/Admin/Desktop/Software code/Final Software/Insect Intel/Insect_Intel_V1.0/Debug/syscfg -iC:/ti/ccs2031/ccs/tools/compiler/ti-cgt-armllvm_4.0.4.LTS/lib --diag_wrap=off --display_error_number --warn_sections --xml_link_info=HW_SW_interface_CCS_linkInfo.xml --rom_model ./ti_msp_dl_config.o ./startup_mspm0g350x_ticlang.o ./functions.o ./main.o ./sm.o ./HAL/i2c.o ./HAL/spi_master.o ./HAL/uart.o ./ics/BQ25628/BQ25628_functions.o ./ics/BQ27Z7/BQ27Z7_functions.o ./ics/BQ27Z7/gauge.o -l./device_linker.cmd -ldevice.cmd.genlibs -llibc.a --start-group -llibc++.a -llibc++abi.a -llibc.a -llibsys.a -llibsysbm.a -llibclang_rt.builtins.a -llibclang_rt.profile.a --end-group --cg_opt_level=2</command_line>
   <link_time>0x69caae08</link_time>
   <link_errors>0x0</link_errors>
   <output_file>C:\Users\Admin\Desktop\Software code\Final Software\Insect Intel\Insect_Intel_V1.0\Debug\HW_SW_interface_CCS.out</output_file>
   <entry_point>
      <name>_c_int00_noargs</name>
      <address>0x59dd</address>
   </entry_point>
   <input_file_list>
      <input_file id="fl-1">
         <path>C:\Users\Admin\Desktop\Software code\Final Software\Insect Intel\Insect_Intel_V1.0\Debug\.\</path>
         <kind>object</kind>
         <file>ti_msp_dl_config.o</file>
         <name>ti_msp_dl_config.o</name>
      </input_file>
      <input_file id="fl-2">
         <path>C:\Users\Admin\Desktop\Software code\Final Software\Insect Intel\Insect_Intel_V1.0\Debug\.\</path>
         <kind>object</kind>
         <file>startup_mspm0g350x_ticlang.o</file>
         <name>startup_mspm0g350x_ticlang.o</name>
      </input_file>
      <input_file id="fl-3">
         <path>C:\Users\Admin\Desktop\Software code\Final Software\Insect Intel\Insect_Intel_V1.0\Debug\.\</path>
         <kind>object</kind>
         <file>functions.o</file>
         <name>functions.o</name>
      </input_file>
      <input_file id="fl-4">
         <path>C:\Users\Admin\Desktop\Software code\Final Software\Insect Intel\Insect_Intel_V1.0\Debug\.\</path>
         <kind>object</kind>
         <file>main.o</file>
         <name>main.o</name>
      </input_file>
      <input_file id="fl-5">
         <path>C:\Users\Admin\Desktop\Software code\Final Software\Insect Intel\Insect_Intel_V1.0\Debug\.\</path>
         <kind>object</kind>
         <file>sm.o</file>
         <name>sm.o</name>
      </input_file>
      <input_file id="fl-6">
         <path>C:\Users\Admin\Desktop\Software code\Final Software\Insect Intel\Insect_Intel_V1.0\Debug\.\HAL\</path>
         <kind>object</kind>
         <file>i2c.o</file>
         <name>i2c.o</name>
      </input_file>
      <input_file id="fl-7">
         <path>C:\Users\Admin\Desktop\Software code\Final Software\Insect Intel\Insect_Intel_V1.0\Debug\.\HAL\</path>
         <kind>object</kind>
         <file>spi_master.o</file>
         <name>spi_master.o</name>
      </input_file>
      <input_file id="fl-8">
         <path>C:\Users\Admin\Desktop\Software code\Final Software\Insect Intel\Insect_Intel_V1.0\Debug\.\HAL\</path>
         <kind>object</kind>
         <file>uart.o</file>
         <name>uart.o</name>
      </input_file>
      <input_file id="fl-9">
         <path>C:\Users\Admin\Desktop\Software code\Final Software\Insect Intel\Insect_Intel_V1.0\Debug\.\ics\BQ25628\</path>
         <kind>object</kind>
         <file>BQ25628_functions.o</file>
         <name>BQ25628_functions.o</name>
      </input_file>
      <input_file id="fl-a">
         <path>C:\Users\Admin\Desktop\Software code\Final Software\Insect Intel\Insect_Intel_V1.0\Debug\.\ics\BQ27Z7\</path>
         <kind>object</kind>
         <file>BQ27Z7_functions.o</file>
         <name>BQ27Z7_functions.o</name>
      </input_file>
      <input_file id="fl-b">
         <path>C:\Users\Admin\Desktop\Software code\Final Software\Insect Intel\Insect_Intel_V1.0\Debug\.\ics\BQ27Z7\</path>
         <kind>object</kind>
         <file>gauge.o</file>
         <name>gauge.o</name>
      </input_file>
      <input_file id="fl-18">
         <path>C:\Users\Admin\Desktop\Software code\Final Software\Insect Intel\Insect_Intel_V1.0\Debug\</path>
         <kind>object</kind>
         <file>&lt;internal&gt;</file>
         <name>&lt;internal&gt;</name>
      </input_file>
      <input_file id="fl-19">
         <path>C:\ti\mspm0_sdk_2_09_00_01\source\ti\driverlib\lib\ticlang\m0p\mspm0g1x0x_g3x0x\</path>
         <kind>archive</kind>
         <file>driverlib.a</file>
         <name>dl_common.o</name>
      </input_file>
      <input_file id="fl-1a">
         <path>C:\ti\mspm0_sdk_2_09_00_01\source\ti\driverlib\lib\ticlang\m0p\mspm0g1x0x_g3x0x\</path>
         <kind>archive</kind>
         <file>driverlib.a</file>
         <name>dl_dma.o</name>
      </input_file>
      <input_file id="fl-1b">
         <path>C:\ti\mspm0_sdk_2_09_00_01\source\ti\driverlib\lib\ticlang\m0p\mspm0g1x0x_g3x0x\</path>
         <kind>archive</kind>
         <file>driverlib.a</file>
         <name>dl_i2c.o</name>
      </input_file>
      <input_file id="fl-1c">
         <path>C:\ti\mspm0_sdk_2_09_00_01\source\ti\driverlib\lib\ticlang\m0p\mspm0g1x0x_g3x0x\</path>
         <kind>archive</kind>
         <file>driverlib.a</file>
         <name>dl_rtc_common.o</name>
      </input_file>
      <input_file id="fl-1d">
         <path>C:\ti\mspm0_sdk_2_09_00_01\source\ti\driverlib\lib\ticlang\m0p\mspm0g1x0x_g3x0x\</path>
         <kind>archive</kind>
         <file>driverlib.a</file>
         <name>dl_spi.o</name>
      </input_file>
      <input_file id="fl-1e">
         <path>C:\ti\mspm0_sdk_2_09_00_01\source\ti\driverlib\lib\ticlang\m0p\mspm0g1x0x_g3x0x\</path>
         <kind>archive</kind>
         <file>driverlib.a</file>
         <name>dl_timer.o</name>
      </input_file>
      <input_file id="fl-1f">
         <path>C:\ti\mspm0_sdk_2_09_00_01\source\ti\driverlib\lib\ticlang\m0p\mspm0g1x0x_g3x0x\</path>
         <kind>archive</kind>
         <file>driverlib.a</file>
         <name>dl_uart.o</name>
      </input_file>
      <input_file id="fl-36">
         <path>C:\ti\ccs2031\ccs\tools\compiler\ti-cgt-armllvm_4.0.4.LTS\lib\armv6m-ti-none-eabi\c\</path>
         <kind>archive</kind>
         <file>libc.a</file>
         <name>s_roundf.c.obj</name>
      </input_file>
      <input_file id="fl-37">
         <path>C:\ti\ccs2031\ccs\tools\compiler\ti-cgt-armllvm_4.0.4.LTS\lib\armv6m-ti-none-eabi\c\</path>
         <kind>archive</kind>
         <file>libc.a</file>
         <name>snprintf.c.obj</name>
      </input_file>
      <input_file id="fl-38">
         <path>C:\ti\ccs2031\ccs\tools\compiler\ti-cgt-armllvm_4.0.4.LTS\lib\armv6m-ti-none-eabi\c\</path>
         <kind>archive</kind>
         <file>libc.a</file>
         <name>vsnprintf.c.obj</name>
      </input_file>
      <input_file id="fl-39">
         <path>C:\ti\ccs2031\ccs\tools\compiler\ti-cgt-armllvm_4.0.4.LTS\lib\armv6m-ti-none-eabi\c\</path>
         <kind>archive</kind>
         <file>libc.a</file>
         <name>fputc.c.obj</name>
      </input_file>
      <input_file id="fl-3a">
         <path>C:\ti\ccs2031\ccs\tools\compiler\ti-cgt-armllvm_4.0.4.LTS\lib\armv6m-ti-none-eabi\c\</path>
         <kind>archive</kind>
         <file>libc.a</file>
         <name>_io_perm.c.obj</name>
      </input_file>
      <input_file id="fl-3b">
         <path>C:\ti\ccs2031\ccs\tools\compiler\ti-cgt-armllvm_4.0.4.LTS\lib\armv6m-ti-none-eabi\c\</path>
         <kind>archive</kind>
         <file>libc.a</file>
         <name>setvbuf.c.obj</name>
      </input_file>
      <input_file id="fl-3c">
         <path>C:\ti\ccs2031\ccs\tools\compiler\ti-cgt-armllvm_4.0.4.LTS\lib\armv6m-ti-none-eabi\c\</path>
         <kind>archive</kind>
         <file>libc.a</file>
         <name>strcmp-armv6m.S.obj</name>
      </input_file>
      <input_file id="fl-3d">
         <path>C:\ti\ccs2031\ccs\tools\compiler\ti-cgt-armllvm_4.0.4.LTS\lib\armv6m-ti-none-eabi\c\</path>
         <kind>archive</kind>
         <file>libc.a</file>
         <name>exit.c.obj</name>
      </input_file>
      <input_file id="fl-3e">
         <path>C:\ti\ccs2031\ccs\tools\compiler\ti-cgt-armllvm_4.0.4.LTS\lib\armv6m-ti-none-eabi\c\</path>
         <kind>archive</kind>
         <file>libc.a</file>
         <name>_lock.c.obj</name>
      </input_file>
      <input_file id="fl-3f">
         <path>C:\ti\ccs2031\ccs\tools\compiler\ti-cgt-armllvm_4.0.4.LTS\lib\armv6m-ti-none-eabi\c\</path>
         <kind>archive</kind>
         <file>libc.a</file>
         <name>atoi.c.obj</name>
      </input_file>
      <input_file id="fl-40">
         <path>C:\ti\ccs2031\ccs\tools\compiler\ti-cgt-armllvm_4.0.4.LTS\lib\armv6m-ti-none-eabi\c\</path>
         <kind>archive</kind>
         <file>libc.a</file>
         <name>defs.c.obj</name>
      </input_file>
      <input_file id="fl-41">
         <path>C:\ti\ccs2031\ccs\tools\compiler\ti-cgt-armllvm_4.0.4.LTS\lib\armv6m-ti-none-eabi\c\</path>
         <kind>archive</kind>
         <file>libc.a</file>
         <name>memory.c.obj</name>
      </input_file>
      <input_file id="fl-42">
         <path>C:\ti\ccs2031\ccs\tools\compiler\ti-cgt-armllvm_4.0.4.LTS\lib\armv6m-ti-none-eabi\c\</path>
         <kind>archive</kind>
         <file>libc.a</file>
         <name>strcspn.c.obj</name>
      </input_file>
      <input_file id="fl-43">
         <path>C:\ti\ccs2031\ccs\tools\compiler\ti-cgt-armllvm_4.0.4.LTS\lib\armv6m-ti-none-eabi\c\</path>
         <kind>archive</kind>
         <file>libc.a</file>
         <name>strtok.c.obj</name>
      </input_file>
      <input_file id="fl-44">
         <path>C:\ti\ccs2031\ccs\tools\compiler\ti-cgt-armllvm_4.0.4.LTS\lib\armv6m-ti-none-eabi\c\</path>
         <kind>archive</kind>
         <file>libc.a</file>
         <name>strtol.c.obj</name>
      </input_file>
      <input_file id="fl-45">
         <path>C:\ti\ccs2031\ccs\tools\compiler\ti-cgt-armllvm_4.0.4.LTS\lib\armv6m-ti-none-eabi\c\</path>
         <kind>archive</kind>
         <file>libc.a</file>
         <name>strtoul.c.obj</name>
      </input_file>
      <input_file id="fl-46">
         <path>C:\ti\ccs2031\ccs\tools\compiler\ti-cgt-armllvm_4.0.4.LTS\lib\armv6m-ti-none-eabi\c\</path>
         <kind>archive</kind>
         <file>libc.a</file>
         <name>boot_cortex_m.c.obj</name>
      </input_file>
      <input_file id="fl-47">
         <path>C:\ti\ccs2031\ccs\tools\compiler\ti-cgt-armllvm_4.0.4.LTS\lib\armv6m-ti-none-eabi\c\</path>
         <kind>archive</kind>
         <file>libc.a</file>
         <name>mathacl_init.c.obj</name>
      </input_file>
      <input_file id="fl-48">
         <path>C:\ti\ccs2031\ccs\tools\compiler\ti-cgt-armllvm_4.0.4.LTS\lib\armv6m-ti-none-eabi\c\</path>
         <kind>archive</kind>
         <file>libc.a</file>
         <name>autoinit.c.obj</name>
      </input_file>
      <input_file id="fl-49">
         <path>C:\ti\ccs2031\ccs\tools\compiler\ti-cgt-armllvm_4.0.4.LTS\lib\armv6m-ti-none-eabi\c\</path>
         <kind>archive</kind>
         <file>libc.a</file>
         <name>pre_init.c.obj</name>
      </input_file>
      <input_file id="fl-4a">
         <path>C:\ti\ccs2031\ccs\tools\compiler\ti-cgt-armllvm_4.0.4.LTS\lib\armv6m-ti-none-eabi\c\</path>
         <kind>archive</kind>
         <file>libc.a</file>
         <name>cpy_tbl.c.obj</name>
      </input_file>
      <input_file id="fl-4b">
         <path>C:\ti\ccs2031\ccs\tools\compiler\ti-cgt-armllvm_4.0.4.LTS\lib\armv6m-ti-none-eabi\c\</path>
         <kind>archive</kind>
         <file>libc.a</file>
         <name>copy_zero_init.c.obj</name>
      </input_file>
      <input_file id="fl-4c">
         <path>C:\ti\ccs2031\ccs\tools\compiler\ti-cgt-armllvm_4.0.4.LTS\lib\armv6m-ti-none-eabi\c\</path>
         <kind>archive</kind>
         <file>libc.a</file>
         <name>copy_decompress_none.c.obj</name>
      </input_file>
      <input_file id="fl-4d">
         <path>C:\ti\ccs2031\ccs\tools\compiler\ti-cgt-armllvm_4.0.4.LTS\lib\armv6m-ti-none-eabi\c\</path>
         <kind>archive</kind>
         <file>libc.a</file>
         <name>copy_decompress_lzss.c.obj</name>
      </input_file>
      <input_file id="fl-4e">
         <path>C:\ti\ccs2031\ccs\tools\compiler\ti-cgt-armllvm_4.0.4.LTS\lib\armv6m-ti-none-eabi\c\</path>
         <kind>archive</kind>
         <file>libc.a</file>
         <name>s_floorf.c.obj</name>
      </input_file>
      <input_file id="fl-4f">
         <path>C:\ti\ccs2031\ccs\tools\compiler\ti-cgt-armllvm_4.0.4.LTS\lib\armv6m-ti-none-eabi\c\</path>
         <kind>archive</kind>
         <file>libc.a</file>
         <name>_printfi.c.obj</name>
      </input_file>
      <input_file id="fl-50">
         <path>C:\ti\ccs2031\ccs\tools\compiler\ti-cgt-armllvm_4.0.4.LTS\lib\armv6m-ti-none-eabi\c\</path>
         <kind>archive</kind>
         <file>libc.a</file>
         <name>fflush.c.obj</name>
      </input_file>
      <input_file id="fl-51">
         <path>C:\ti\ccs2031\ccs\tools\compiler\ti-cgt-armllvm_4.0.4.LTS\lib\armv6m-ti-none-eabi\c\</path>
         <kind>archive</kind>
         <file>libc.a</file>
         <name>fopen.c.obj</name>
      </input_file>
      <input_file id="fl-52">
         <path>C:\ti\ccs2031\ccs\tools\compiler\ti-cgt-armllvm_4.0.4.LTS\lib\armv6m-ti-none-eabi\c\</path>
         <kind>archive</kind>
         <file>libc.a</file>
         <name>fseek.c.obj</name>
      </input_file>
      <input_file id="fl-53">
         <path>C:\ti\ccs2031\ccs\tools\compiler\ti-cgt-armllvm_4.0.4.LTS\lib\armv6m-ti-none-eabi\c\</path>
         <kind>archive</kind>
         <file>libc.a</file>
         <name>aeabi_ctype.S.obj</name>
      </input_file>
      <input_file id="fl-54">
         <path>C:\ti\ccs2031\ccs\tools\compiler\ti-cgt-armllvm_4.0.4.LTS\lib\armv6m-ti-none-eabi\c\</path>
         <kind>archive</kind>
         <file>libc.a</file>
         <name>aeabi_portable.c.obj</name>
      </input_file>
      <input_file id="fl-55">
         <path>C:\ti\ccs2031\ccs\tools\compiler\ti-cgt-armllvm_4.0.4.LTS\lib\armv6m-ti-none-eabi\c\</path>
         <kind>archive</kind>
         <file>libc.a</file>
         <name>_ltoa.c.obj</name>
      </input_file>
      <input_file id="fl-56">
         <path>C:\ti\ccs2031\ccs\tools\compiler\ti-cgt-armllvm_4.0.4.LTS\lib\armv6m-ti-none-eabi\c\</path>
         <kind>archive</kind>
         <file>libc.a</file>
         <name>args_main.c.obj</name>
      </input_file>
      <input_file id="fl-57">
         <path>C:\ti\ccs2031\ccs\tools\compiler\ti-cgt-armllvm_4.0.4.LTS\lib\armv6m-ti-none-eabi\c\</path>
         <kind>archive</kind>
         <file>libc.a</file>
         <name>assert.c.obj</name>
      </input_file>
      <input_file id="fl-58">
         <path>C:\ti\ccs2031\ccs\tools\compiler\ti-cgt-armllvm_4.0.4.LTS\lib\armv6m-ti-none-eabi\c\</path>
         <kind>archive</kind>
         <file>libc.a</file>
         <name>memccpy.c.obj</name>
      </input_file>
      <input_file id="fl-59">
         <path>C:\ti\ccs2031\ccs\tools\compiler\ti-cgt-armllvm_4.0.4.LTS\lib\armv6m-ti-none-eabi\c\</path>
         <kind>archive</kind>
         <file>libc.a</file>
         <name>strspn.c.obj</name>
      </input_file>
      <input_file id="fl-5a">
         <path>C:\ti\ccs2031\ccs\tools\compiler\ti-cgt-armllvm_4.0.4.LTS\lib\armv6m-ti-none-eabi\c\</path>
         <kind>archive</kind>
         <file>libc.a</file>
         <name>s_frexp.c.obj</name>
      </input_file>
      <input_file id="fl-5b">
         <path>C:\ti\ccs2031\ccs\tools\compiler\ti-cgt-armllvm_4.0.4.LTS\lib\armv6m-ti-none-eabi\c\</path>
         <kind>archive</kind>
         <file>libc.a</file>
         <name>s_scalbn.c.obj</name>
      </input_file>
      <input_file id="fl-5c">
         <path>C:\ti\ccs2031\ccs\tools\compiler\ti-cgt-armllvm_4.0.4.LTS\lib\armv6m-ti-none-eabi\c\</path>
         <kind>archive</kind>
         <file>libc.a</file>
         <name>wcslen.c.obj</name>
      </input_file>
      <input_file id="fl-5d">
         <path>C:\ti\ccs2031\ccs\tools\compiler\ti-cgt-armllvm_4.0.4.LTS\lib\armv6m-ti-none-eabi\c\</path>
         <kind>archive</kind>
         <file>libc.a</file>
         <name>sprintf.c.obj</name>
      </input_file>
      <input_file id="fl-5e">
         <path>C:\ti\ccs2031\ccs\tools\compiler\ti-cgt-armllvm_4.0.4.LTS\lib\armv6m-ti-none-eabi\c\</path>
         <kind>archive</kind>
         <file>libc.a</file>
         <name>fclose.c.obj</name>
      </input_file>
      <input_file id="fl-5f">
         <path>C:\ti\ccs2031\ccs\tools\compiler\ti-cgt-armllvm_4.0.4.LTS\lib\armv6m-ti-none-eabi\c\</path>
         <kind>archive</kind>
         <file>libc.a</file>
         <name>fputs.c.obj</name>
      </input_file>
      <input_file id="fl-ff">
         <path>C:\ti\ccs2031\ccs\tools\compiler\ti-cgt-armllvm_4.0.4.LTS\lib\armv6m-ti-none-eabi\c\</path>
         <kind>archive</kind>
         <file>libsysbm.a</file>
         <name>hostexit.c.obj</name>
      </input_file>
      <input_file id="fl-100">
         <path>C:\ti\ccs2031\ccs\tools\compiler\ti-cgt-armllvm_4.0.4.LTS\lib\armv6m-ti-none-eabi\c\</path>
         <kind>archive</kind>
         <file>libsysbm.a</file>
         <name>write.c.obj</name>
      </input_file>
      <input_file id="fl-101">
         <path>C:\ti\ccs2031\ccs\tools\compiler\ti-cgt-armllvm_4.0.4.LTS\lib\armv6m-ti-none-eabi\c\</path>
         <kind>archive</kind>
         <file>libsysbm.a</file>
         <name>host_device.c.obj</name>
      </input_file>
      <input_file id="fl-102">
         <path>C:\ti\ccs2031\ccs\tools\compiler\ti-cgt-armllvm_4.0.4.LTS\lib\armv6m-ti-none-eabi\c\</path>
         <kind>archive</kind>
         <file>libsysbm.a</file>
         <name>remove.c.obj</name>
      </input_file>
      <input_file id="fl-103">
         <path>C:\ti\ccs2031\ccs\tools\compiler\ti-cgt-armllvm_4.0.4.LTS\lib\armv6m-ti-none-eabi\c\</path>
         <kind>archive</kind>
         <file>libsysbm.a</file>
         <name>open.c.obj</name>
      </input_file>
      <input_file id="fl-104">
         <path>C:\ti\ccs2031\ccs\tools\compiler\ti-cgt-armllvm_4.0.4.LTS\lib\armv6m-ti-none-eabi\c\</path>
         <kind>archive</kind>
         <file>libsysbm.a</file>
         <name>lseek.c.obj</name>
      </input_file>
      <input_file id="fl-105">
         <path>C:\ti\ccs2031\ccs\tools\compiler\ti-cgt-armllvm_4.0.4.LTS\lib\armv6m-ti-none-eabi\c\</path>
         <kind>archive</kind>
         <file>libsysbm.a</file>
         <name>close.c.obj</name>
      </input_file>
      <input_file id="fl-106">
         <path>C:\ti\ccs2031\ccs\tools\compiler\ti-cgt-armllvm_4.0.4.LTS\lib\armv6m-ti-none-eabi\c\</path>
         <kind>archive</kind>
         <file>libsysbm.a</file>
         <name>unlink.c.obj</name>
      </input_file>
      <input_file id="fl-107">
         <path>C:\ti\ccs2031\ccs\tools\compiler\ti-cgt-armllvm_4.0.4.LTS\lib\armv6m-ti-none-eabi\c\</path>
         <kind>archive</kind>
         <file>libsysbm.a</file>
         <name>hostclose.c.obj</name>
      </input_file>
      <input_file id="fl-108">
         <path>C:\ti\ccs2031\ccs\tools\compiler\ti-cgt-armllvm_4.0.4.LTS\lib\armv6m-ti-none-eabi\c\</path>
         <kind>archive</kind>
         <file>libsysbm.a</file>
         <name>hostlseek.c.obj</name>
      </input_file>
      <input_file id="fl-109">
         <path>C:\ti\ccs2031\ccs\tools\compiler\ti-cgt-armllvm_4.0.4.LTS\lib\armv6m-ti-none-eabi\c\</path>
         <kind>archive</kind>
         <file>libsysbm.a</file>
         <name>hostopen.c.obj</name>
      </input_file>
      <input_file id="fl-10a">
         <path>C:\ti\ccs2031\ccs\tools\compiler\ti-cgt-armllvm_4.0.4.LTS\lib\armv6m-ti-none-eabi\c\</path>
         <kind>archive</kind>
         <file>libsysbm.a</file>
         <name>hostread.c.obj</name>
      </input_file>
      <input_file id="fl-10b">
         <path>C:\ti\ccs2031\ccs\tools\compiler\ti-cgt-armllvm_4.0.4.LTS\lib\armv6m-ti-none-eabi\c\</path>
         <kind>archive</kind>
         <file>libsysbm.a</file>
         <name>hostrename.c.obj</name>
      </input_file>
      <input_file id="fl-10c">
         <path>C:\ti\ccs2031\ccs\tools\compiler\ti-cgt-armllvm_4.0.4.LTS\lib\armv6m-ti-none-eabi\c\</path>
         <kind>archive</kind>
         <file>libsysbm.a</file>
         <name>hostunlink.c.obj</name>
      </input_file>
      <input_file id="fl-10d">
         <path>C:\ti\ccs2031\ccs\tools\compiler\ti-cgt-armllvm_4.0.4.LTS\lib\armv6m-ti-none-eabi\c\</path>
         <kind>archive</kind>
         <file>libsysbm.a</file>
         <name>hostwrite.c.obj</name>
      </input_file>
      <input_file id="fl-10e">
         <path>C:\ti\ccs2031\ccs\tools\compiler\ti-cgt-armllvm_4.0.4.LTS\lib\armv6m-ti-none-eabi\c\</path>
         <kind>archive</kind>
         <file>libsysbm.a</file>
         <name>trgmsg.c.obj</name>
      </input_file>
      <input_file id="fl-10f">
         <path>C:\ti\ccs2031\ccs\tools\compiler\ti-cgt-armllvm_4.0.4.LTS\lib\armv6m-ti-none-eabi\</path>
         <kind>archive</kind>
         <file>libclang_rt.builtins.a</file>
         <name>addsf3.S.obj</name>
      </input_file>
      <input_file id="fl-110">
         <path>C:\ti\ccs2031\ccs\tools\compiler\ti-cgt-armllvm_4.0.4.LTS\lib\armv6m-ti-none-eabi\</path>
         <kind>archive</kind>
         <file>libclang_rt.builtins.a</file>
         <name>adddf3.S.obj</name>
      </input_file>
      <input_file id="fl-111">
         <path>C:\ti\ccs2031\ccs\tools\compiler\ti-cgt-armllvm_4.0.4.LTS\lib\armv6m-ti-none-eabi\</path>
         <kind>archive</kind>
         <file>libclang_rt.builtins.a</file>
         <name>muldf3.S.obj</name>
      </input_file>
      <input_file id="fl-112">
         <path>C:\ti\ccs2031\ccs\tools\compiler\ti-cgt-armllvm_4.0.4.LTS\lib\armv6m-ti-none-eabi\</path>
         <kind>archive</kind>
         <file>libclang_rt.builtins.a</file>
         <name>muldsi3.S.obj</name>
      </input_file>
      <input_file id="fl-113">
         <path>C:\ti\ccs2031\ccs\tools\compiler\ti-cgt-armllvm_4.0.4.LTS\lib\armv6m-ti-none-eabi\</path>
         <kind>archive</kind>
         <file>libclang_rt.builtins.a</file>
         <name>mulsf3.S.obj</name>
      </input_file>
      <input_file id="fl-114">
         <path>C:\ti\ccs2031\ccs\tools\compiler\ti-cgt-armllvm_4.0.4.LTS\lib\armv6m-ti-none-eabi\</path>
         <kind>archive</kind>
         <file>libclang_rt.builtins.a</file>
         <name>divdf3.S.obj</name>
      </input_file>
      <input_file id="fl-115">
         <path>C:\ti\ccs2031\ccs\tools\compiler\ti-cgt-armllvm_4.0.4.LTS\lib\armv6m-ti-none-eabi\</path>
         <kind>archive</kind>
         <file>libclang_rt.builtins.a</file>
         <name>fixdfsi.S.obj</name>
      </input_file>
      <input_file id="fl-116">
         <path>C:\ti\ccs2031\ccs\tools\compiler\ti-cgt-armllvm_4.0.4.LTS\lib\armv6m-ti-none-eabi\</path>
         <kind>archive</kind>
         <file>libclang_rt.builtins.a</file>
         <name>fixsfsi.S.obj</name>
      </input_file>
      <input_file id="fl-117">
         <path>C:\ti\ccs2031\ccs\tools\compiler\ti-cgt-armllvm_4.0.4.LTS\lib\armv6m-ti-none-eabi\</path>
         <kind>archive</kind>
         <file>libclang_rt.builtins.a</file>
         <name>floatsidf.S.obj</name>
      </input_file>
      <input_file id="fl-118">
         <path>C:\ti\ccs2031\ccs\tools\compiler\ti-cgt-armllvm_4.0.4.LTS\lib\armv6m-ti-none-eabi\</path>
         <kind>archive</kind>
         <file>libclang_rt.builtins.a</file>
         <name>floatunsisf.S.obj</name>
      </input_file>
      <input_file id="fl-119">
         <path>C:\ti\ccs2031\ccs\tools\compiler\ti-cgt-armllvm_4.0.4.LTS\lib\armv6m-ti-none-eabi\</path>
         <kind>archive</kind>
         <file>libclang_rt.builtins.a</file>
         <name>muldi3.S.obj</name>
      </input_file>
      <input_file id="fl-11a">
         <path>C:\ti\ccs2031\ccs\tools\compiler\ti-cgt-armllvm_4.0.4.LTS\lib\armv6m-ti-none-eabi\</path>
         <kind>archive</kind>
         <file>libclang_rt.builtins.a</file>
         <name>aeabi_dcmp.S.obj</name>
      </input_file>
      <input_file id="fl-11b">
         <path>C:\ti\ccs2031\ccs\tools\compiler\ti-cgt-armllvm_4.0.4.LTS\lib\armv6m-ti-none-eabi\</path>
         <kind>archive</kind>
         <file>libclang_rt.builtins.a</file>
         <name>aeabi_fcmp.S.obj</name>
      </input_file>
      <input_file id="fl-11c">
         <path>C:\ti\ccs2031\ccs\tools\compiler\ti-cgt-armllvm_4.0.4.LTS\lib\armv6m-ti-none-eabi\</path>
         <kind>archive</kind>
         <file>libclang_rt.builtins.a</file>
         <name>aeabi_idivmod.S.obj</name>
      </input_file>
      <input_file id="fl-11d">
         <path>C:\ti\ccs2031\ccs\tools\compiler\ti-cgt-armllvm_4.0.4.LTS\lib\armv6m-ti-none-eabi\</path>
         <kind>archive</kind>
         <file>libclang_rt.builtins.a</file>
         <name>aeabi_memcpy.S.obj</name>
      </input_file>
      <input_file id="fl-11e">
         <path>C:\ti\ccs2031\ccs\tools\compiler\ti-cgt-armllvm_4.0.4.LTS\lib\armv6m-ti-none-eabi\</path>
         <kind>archive</kind>
         <file>libclang_rt.builtins.a</file>
         <name>aeabi_memset.S.obj</name>
      </input_file>
      <input_file id="fl-11f">
         <path>C:\ti\ccs2031\ccs\tools\compiler\ti-cgt-armllvm_4.0.4.LTS\lib\armv6m-ti-none-eabi\</path>
         <kind>archive</kind>
         <file>libclang_rt.builtins.a</file>
         <name>aeabi_uidivmod.S.obj</name>
      </input_file>
      <input_file id="fl-120">
         <path>C:\ti\ccs2031\ccs\tools\compiler\ti-cgt-armllvm_4.0.4.LTS\lib\armv6m-ti-none-eabi\</path>
         <kind>archive</kind>
         <file>libclang_rt.builtins.a</file>
         <name>aeabi_uldivmod.S.obj</name>
      </input_file>
      <input_file id="fl-121">
         <path>C:\ti\ccs2031\ccs\tools\compiler\ti-cgt-armllvm_4.0.4.LTS\lib\armv6m-ti-none-eabi\</path>
         <kind>archive</kind>
         <file>libclang_rt.builtins.a</file>
         <name>comparesf2.S.obj</name>
      </input_file>
      <input_file id="fl-122">
         <path>C:\ti\ccs2031\ccs\tools\compiler\ti-cgt-armllvm_4.0.4.LTS\lib\armv6m-ti-none-eabi\</path>
         <kind>archive</kind>
         <file>libclang_rt.builtins.a</file>
         <name>udivmoddi4.S.obj</name>
      </input_file>
      <input_file id="fl-123">
         <path>C:\ti\ccs2031\ccs\tools\compiler\ti-cgt-armllvm_4.0.4.LTS\lib\armv6m-ti-none-eabi\</path>
         <kind>archive</kind>
         <file>libclang_rt.builtins.a</file>
         <name>ashldi3.S.obj</name>
      </input_file>
      <input_file id="fl-124">
         <path>C:\ti\ccs2031\ccs\tools\compiler\ti-cgt-armllvm_4.0.4.LTS\lib\armv6m-ti-none-eabi\</path>
         <kind>archive</kind>
         <file>libclang_rt.builtins.a</file>
         <name>comparedf2.c.obj</name>
      </input_file>
      <input_file id="fl-125">
         <path>C:\ti\ccs2031\ccs\tools\compiler\ti-cgt-armllvm_4.0.4.LTS\lib\armv6m-ti-none-eabi\</path>
         <kind>archive</kind>
         <file>libclang_rt.builtins.a</file>
         <name>aeabi_div0.c.obj</name>
      </input_file>
      <input_file id="fl-126">
         <path>C:\ti\ccs2031\ccs\tools\compiler\ti-cgt-armllvm_4.0.4.LTS\lib\armv6m-ti-none-eabi\c\</path>
         <kind>archive</kind>
         <file>libc.a</file>
         <name>getdevice.c.obj</name>
      </input_file>
      <input_file id="fl-127">
         <path>C:\ti\ccs2031\ccs\tools\compiler\ti-cgt-armllvm_4.0.4.LTS\lib\armv6m-ti-none-eabi\c\</path>
         <kind>archive</kind>
         <file>libc.a</file>
         <name>memcpy16.S.obj</name>
      </input_file>
      <input_file id="fl-128">
         <path>C:\ti\ccs2031\ccs\tools\compiler\ti-cgt-armllvm_4.0.4.LTS\lib\armv6m-ti-none-eabi\c\</path>
         <kind>archive</kind>
         <file>libc.a</file>
         <name>memset16.S.obj</name>
      </input_file>
   </input_file_list>
   <object_component_list>
      <object_component id="oc-18">
         <name>.intvecs</name>
         <load_address>0x0</load_address>
         <readonly>true</readonly>
         <run_address>0x0</run_address>
         <size>0xc0</size>
         <alignment>0x4</alignment>
         <input_file_ref idref="fl-2"/>
      </object_component>
      <object_component id="oc-33d">
         <name>.text:__TI_printfi</name>
         <load_address>0xc0</load_address>
         <readonly>true</readonly>
         <executable>true</executable>
         <run_address>0xc0</run_address>
         <size>0x9d0</size>
         <alignment>0x4</alignment>
         <input_file_ref idref="fl-4f"/>
      </object_component>
      <object_component id="oc-d9">
         <name>.text.cmd_gauge</name>
         <load_address>0xa90</load_address>
         <readonly>true</readonly>
         <executable>true</executable>
         <run_address>0xa90</run_address>
         <size>0x7ac</size>
         <alignment>0x4</alignment>
         <input_file_ref idref="fl-3"/>
      </object_component>
      <object_component id="oc-bf">
         <name>.text.SM_Run</name>
         <load_address>0x123c</load_address>
         <readonly>true</readonly>
         <executable>true</executable>
         <run_address>0x123c</run_address>
         <size>0x4e4</size>
         <alignment>0x4</alignment>
         <input_file_ref idref="fl-5"/>
      </object_component>
      <object_component id="oc-d3">
         <name>.text.cmd_bq</name>
         <load_address>0x1720</load_address>
         <readonly>true</readonly>
         <executable>true</executable>
         <run_address>0x1720</run_address>
         <size>0x3e4</size>
         <alignment>0x4</alignment>
         <input_file_ref idref="fl-3"/>
      </object_component>
      <object_component id="oc-be">
         <name>.text.CLI_ProcessInput</name>
         <load_address>0x1b04</load_address>
         <readonly>true</readonly>
         <executable>true</executable>
         <run_address>0x1b04</run_address>
         <size>0x344</size>
         <alignment>0x4</alignment>
         <input_file_ref idref="fl-8"/>
      </object_component>
      <object_component id="oc-367">
         <name>.text._pconv_a</name>
         <load_address>0x1e48</load_address>
         <readonly>true</readonly>
         <executable>true</executable>
         <run_address>0x1e48</run_address>
         <size>0x220</size>
         <alignment>0x4</alignment>
         <input_file_ref idref="fl-4f"/>
      </object_component>
      <object_component id="oc-36c">
         <name>.text._pconv_g</name>
         <load_address>0x2068</load_address>
         <readonly>true</readonly>
         <executable>true</executable>
         <run_address>0x2068</run_address>
         <size>0x1dc</size>
         <alignment>0x4</alignment>
         <input_file_ref idref="fl-4f"/>
      </object_component>
      <object_component id="oc-2b0">
         <name>.text.I2C_ReadDevice</name>
         <load_address>0x2244</load_address>
         <readonly>true</readonly>
         <executable>true</executable>
         <run_address>0x2244</run_address>
         <size>0x1d4</size>
         <alignment>0x4</alignment>
         <input_file_ref idref="fl-6"/>
      </object_component>
      <object_component id="oc-cd">
         <name>.text.cmd_i2cscan</name>
         <load_address>0x2418</load_address>
         <readonly>true</readonly>
         <executable>true</executable>
         <run_address>0x2418</run_address>
         <size>0x1c0</size>
         <alignment>0x4</alignment>
         <input_file_ref idref="fl-3"/>
      </object_component>
      <object_component id="oc-3a5">
         <name>.text.adddf3_subdf3</name>
         <load_address>0x25d8</load_address>
         <readonly>true</readonly>
         <executable>true</executable>
         <run_address>0x25d8</run_address>
         <size>0x192</size>
         <alignment>0x4</alignment>
         <input_file_ref idref="fl-110"/>
      </object_component>
      <object_component id="oc-33">
         <name>.text.Default_Handler</name>
         <load_address>0x276a</load_address>
         <readonly>true</readonly>
         <executable>true</executable>
         <run_address>0x276a</run_address>
         <size>0x2</size>
         <alignment>0x2</alignment>
         <input_file_ref idref="fl-2"/>
      </object_component>
      <object_component id="oc-d6">
         <name>.text.cmd_spi</name>
         <load_address>0x276c</load_address>
         <readonly>true</readonly>
         <executable>true</executable>
         <run_address>0x276c</run_address>
         <size>0x16c</size>
         <alignment>0x4</alignment>
         <input_file_ref idref="fl-3"/>
      </object_component>
      <object_component id="oc-18b">
         <name>.text.strtol</name>
         <load_address>0x28d8</load_address>
         <readonly>true</readonly>
         <executable>true</executable>
         <run_address>0x28d8</run_address>
         <size>0x144</size>
         <alignment>0x4</alignment>
         <input_file_ref idref="fl-44"/>
      </object_component>
      <object_component id="oc-3a9">
         <name>.text.fcvt</name>
         <load_address>0x2a1c</load_address>
         <readonly>true</readonly>
         <executable>true</executable>
         <run_address>0x2a1c</run_address>
         <size>0x13c</size>
         <alignment>0x4</alignment>
         <input_file_ref idref="fl-4f"/>
      </object_component>
      <object_component id="oc-2af">
         <name>.text.I2C_WriteDevice</name>
         <load_address>0x2b58</load_address>
         <readonly>true</readonly>
         <executable>true</executable>
         <run_address>0x2b58</run_address>
         <size>0x138</size>
         <alignment>0x4</alignment>
         <input_file_ref idref="fl-6"/>
      </object_component>
      <object_component id="oc-88">
         <name>.text.main</name>
         <load_address>0x2c90</load_address>
         <readonly>true</readonly>
         <executable>true</executable>
         <run_address>0x2c90</run_address>
         <size>0x128</size>
         <alignment>0x4</alignment>
         <input_file_ref idref="fl-4"/>
      </object_component>
      <object_component id="oc-36e">
         <name>.text._pconv_e</name>
         <load_address>0x2db8</load_address>
         <readonly>true</readonly>
         <executable>true</executable>
         <run_address>0x2db8</run_address>
         <size>0x120</size>
         <alignment>0x4</alignment>
         <input_file_ref idref="fl-4f"/>
      </object_component>
      <object_component id="oc-211">
         <name>.text.BQ27Z746_SetUTFET_Direct</name>
         <load_address>0x2ed8</load_address>
         <readonly>true</readonly>
         <executable>true</executable>
         <run_address>0x2ed8</run_address>
         <size>0x110</size>
         <alignment>0x4</alignment>
         <input_file_ref idref="fl-a"/>
      </object_component>
      <object_component id="oc-105">
         <name>.text.SYSCFG_DL_GPIO_init</name>
         <load_address>0x2fe8</load_address>
         <readonly>true</readonly>
         <executable>true</executable>
         <run_address>0x2fe8</run_address>
         <size>0x110</size>
         <alignment>0x4</alignment>
         <input_file_ref idref="fl-1"/>
      </object_component>
      <object_component id="oc-3a1">
         <name>.text.__divdf3</name>
         <load_address>0x30f8</load_address>
         <readonly>true</readonly>
         <executable>true</executable>
         <run_address>0x30f8</run_address>
         <size>0x10c</size>
         <alignment>0x4</alignment>
         <input_file_ref idref="fl-114"/>
      </object_component>
      <object_component id="oc-213">
         <name>.text.BQ27Z746_GetSecurityMode</name>
         <load_address>0x3204</load_address>
         <readonly>true</readonly>
         <executable>true</executable>
         <run_address>0x3204</run_address>
         <size>0x100</size>
         <alignment>0x2</alignment>
         <input_file_ref idref="fl-a"/>
      </object_component>
      <object_component id="oc-13b">
         <name>.text.BQ27Z746_UpdateTelemetry</name>
         <load_address>0x3304</load_address>
         <readonly>true</readonly>
         <executable>true</executable>
         <run_address>0x3304</run_address>
         <size>0x100</size>
         <alignment>0x4</alignment>
         <input_file_ref idref="fl-a"/>
      </object_component>
      <object_component id="oc-13a">
         <name>.text.BQ25628E_UpdateTelemetry</name>
         <load_address>0x3404</load_address>
         <readonly>true</readonly>
         <executable>true</executable>
         <run_address>0x3404</run_address>
         <size>0xfc</size>
         <alignment>0x4</alignment>
         <input_file_ref idref="fl-9"/>
      </object_component>
      <object_component id="oc-272">
         <name>.text.DL_Timer_initTimerMode</name>
         <load_address>0x3500</load_address>
         <readonly>true</readonly>
         <executable>true</executable>
         <run_address>0x3500</run_address>
         <size>0xfc</size>
         <alignment>0x4</alignment>
         <input_file_ref idref="fl-1e"/>
      </object_component>
      <object_component id="oc-20e">
         <name>.text.BQ27Z746_GetChargingStatus</name>
         <load_address>0x35fc</load_address>
         <readonly>true</readonly>
         <executable>true</executable>
         <run_address>0x35fc</run_address>
         <size>0xec</size>
         <alignment>0x2</alignment>
         <input_file_ref idref="fl-a"/>
      </object_component>
      <object_component id="oc-134">
         <name>.text.BQ25628E_Init_Default</name>
         <load_address>0x36e8</load_address>
         <readonly>true</readonly>
         <executable>true</executable>
         <run_address>0x36e8</run_address>
         <size>0xe8</size>
         <alignment>0x4</alignment>
         <input_file_ref idref="fl-9"/>
      </object_component>
      <object_component id="oc-12d">
         <name>.text.I2C_TryAddress</name>
         <load_address>0x37d0</load_address>
         <readonly>true</readonly>
         <executable>true</executable>
         <run_address>0x37d0</run_address>
         <size>0xe4</size>
         <alignment>0x4</alignment>
         <input_file_ref idref="fl-6"/>
      </object_component>
      <object_component id="oc-391">
         <name>.text.__muldf3</name>
         <load_address>0x38b4</load_address>
         <readonly>true</readonly>
         <executable>true</executable>
         <run_address>0x38b4</run_address>
         <size>0xe4</size>
         <alignment>0x4</alignment>
         <input_file_ref idref="fl-111"/>
      </object_component>
      <object_component id="oc-1df">
         <name>.text.BQ27Z746_GetDeviceType</name>
         <load_address>0x3998</load_address>
         <readonly>true</readonly>
         <executable>true</executable>
         <run_address>0x3998</run_address>
         <size>0xde</size>
         <alignment>0x2</alignment>
         <input_file_ref idref="fl-a"/>
      </object_component>
      <object_component id="oc-1e2">
         <name>.text.BQ27Z746_GetChemID</name>
         <load_address>0x3a76</load_address>
         <readonly>true</readonly>
         <executable>true</executable>
         <run_address>0x3a76</run_address>
         <size>0xdc</size>
         <alignment>0x2</alignment>
         <input_file_ref idref="fl-a"/>
      </object_component>
      <object_component id="oc-20d">
         <name>.text.BQ27Z746_GetOperationStatus</name>
         <load_address>0x3b52</load_address>
         <readonly>true</readonly>
         <executable>true</executable>
         <run_address>0x3b52</run_address>
         <size>0xdc</size>
         <alignment>0x2</alignment>
         <input_file_ref idref="fl-a"/>
      </object_component>
      <object_component id="oc-13c">
         <name>.text.BQ27Z746_GetSafetyStatus</name>
         <load_address>0x3c2e</load_address>
         <readonly>true</readonly>
         <executable>true</executable>
         <run_address>0x3c2e</run_address>
         <size>0xdc</size>
         <alignment>0x2</alignment>
         <input_file_ref idref="fl-a"/>
      </object_component>
      <object_component id="oc-1d1">
         <name>.text.BQ27Z746_GetFirmwareVersion</name>
         <load_address>0x3d0a</load_address>
         <readonly>true</readonly>
         <executable>true</executable>
         <run_address>0x3d0a</run_address>
         <size>0xd8</size>
         <alignment>0x2</alignment>
         <input_file_ref idref="fl-a"/>
      </object_component>
      <object_component id="oc-1e1">
         <name>.text.BQ27Z746_MAC_Read</name>
         <load_address>0x3de2</load_address>
         <readonly>true</readonly>
         <executable>true</executable>
         <run_address>0x3de2</run_address>
         <size>0xd8</size>
         <alignment>0x2</alignment>
         <input_file_ref idref="fl-a"/>
      </object_component>
      <object_component id="oc-2a5">
         <name>.text.__aeabi_idiv0</name>
         <load_address>0x3eba</load_address>
         <readonly>true</readonly>
         <executable>true</executable>
         <run_address>0x3eba</run_address>
         <size>0x2</size>
         <alignment>0x2</alignment>
         <input_file_ref idref="fl-125"/>
      </object_component>
      <object_component id="oc-380">
         <name>.text.scalbn</name>
         <load_address>0x3ebc</load_address>
         <readonly>true</readonly>
         <executable>true</executable>
         <run_address>0x3ebc</run_address>
         <size>0xd8</size>
         <alignment>0x4</alignment>
         <input_file_ref idref="fl-5b"/>
      </object_component>
      <object_component id="oc-326">
         <name>.text</name>
         <load_address>0x3f94</load_address>
         <readonly>true</readonly>
         <executable>true</executable>
         <run_address>0x3f94</run_address>
         <size>0xd8</size>
         <alignment>0x4</alignment>
         <input_file_ref idref="fl-10f"/>
      </object_component>
      <object_component id="oc-c5">
         <name>.text.cmd_pwr</name>
         <load_address>0x406c</load_address>
         <readonly>true</readonly>
         <executable>true</executable>
         <run_address>0x406c</run_address>
         <size>0xd4</size>
         <alignment>0x4</alignment>
         <input_file_ref idref="fl-3"/>
      </object_component>
      <object_component id="oc-d0">
         <name>.text.cmd_hall</name>
         <load_address>0x4140</load_address>
         <readonly>true</readonly>
         <executable>true</executable>
         <run_address>0x4140</run_address>
         <size>0xd0</size>
         <alignment>0x4</alignment>
         <input_file_ref idref="fl-3"/>
      </object_component>
      <object_component id="oc-76">
         <name>.text.Shared_I2C_IRQHandler</name>
         <load_address>0x4210</load_address>
         <readonly>true</readonly>
         <executable>true</executable>
         <run_address>0x4210</run_address>
         <size>0xbc</size>
         <alignment>0x4</alignment>
         <input_file_ref idref="fl-6"/>
      </object_component>
      <object_component id="oc-dc">
         <name>.text.cmd_sm</name>
         <load_address>0x42cc</load_address>
         <readonly>true</readonly>
         <executable>true</executable>
         <run_address>0x42cc</run_address>
         <size>0xb8</size>
         <alignment>0x4</alignment>
         <input_file_ref idref="fl-3"/>
      </object_component>
      <object_component id="oc-70">
         <name>.text.UARTReceive</name>
         <load_address>0x4384</load_address>
         <readonly>true</readonly>
         <executable>true</executable>
         <run_address>0x4384</run_address>
         <size>0xac</size>
         <alignment>0x4</alignment>
         <input_file_ref idref="fl-8"/>
      </object_component>
      <object_component id="oc-28c">
         <name>.text.DL_RTC_Common_initCalendar</name>
         <load_address>0x4430</load_address>
         <readonly>true</readonly>
         <executable>true</executable>
         <run_address>0x4430</run_address>
         <size>0xa4</size>
         <alignment>0x4</alignment>
         <input_file_ref idref="fl-1c"/>
      </object_component>
      <object_component id="oc-377">
         <name>.text</name>
         <load_address>0x44d4</load_address>
         <readonly>true</readonly>
         <executable>true</executable>
         <run_address>0x44d4</run_address>
         <size>0xa2</size>
         <alignment>0x4</alignment>
         <input_file_ref idref="fl-122"/>
      </object_component>
      <object_component id="oc-aa">
         <name>.text:memcpy</name>
         <load_address>0x4576</load_address>
         <readonly>true</readonly>
         <executable>true</executable>
         <run_address>0x4576</run_address>
         <size>0x9a</size>
         <alignment>0x1</alignment>
         <input_file_ref idref="fl-127"/>
      </object_component>
      <object_component id="oc-2b7">
         <name>.text.__mulsf3</name>
         <load_address>0x4610</load_address>
         <readonly>true</readonly>
         <executable>true</executable>
         <run_address>0x4610</run_address>
         <size>0x8c</size>
         <alignment>0x4</alignment>
         <input_file_ref idref="fl-113"/>
      </object_component>
      <object_component id="oc-32a">
         <name>.text.floorf</name>
         <load_address>0x469c</load_address>
         <readonly>true</readonly>
         <executable>true</executable>
         <run_address>0x469c</run_address>
         <size>0x8c</size>
         <alignment>0x4</alignment>
         <input_file_ref idref="fl-4e"/>
      </object_component>
      <object_component id="oc-2e9">
         <name>.text.__aeabi_errno_addr</name>
         <load_address>0x4728</load_address>
         <readonly>true</readonly>
         <executable>true</executable>
         <run_address>0x4728</run_address>
         <size>0x8</size>
         <alignment>0x4</alignment>
         <input_file_ref idref="fl-54"/>
      </object_component>
      <object_component id="oc-11f">
         <name>.text:strcmp</name>
         <load_address>0x4730</load_address>
         <readonly>true</readonly>
         <executable>true</executable>
         <run_address>0x4730</run_address>
         <size>0x88</size>
         <alignment>0x10</alignment>
         <input_file_ref idref="fl-3c"/>
      </object_component>
      <object_component id="oc-1c">
         <name>.text:decompress:lzss</name>
         <load_address>0x47b8</load_address>
         <readonly>true</readonly>
         <executable>true</executable>
         <run_address>0x47b8</run_address>
         <size>0x7c</size>
         <alignment>0x4</alignment>
         <input_file_ref idref="fl-4d"/>
      </object_component>
      <object_component id="oc-214">
         <name>.text.BQ27Z746_Unseal</name>
         <load_address>0x4834</load_address>
         <readonly>true</readonly>
         <executable>true</executable>
         <run_address>0x4834</run_address>
         <size>0x7a</size>
         <alignment>0x2</alignment>
         <input_file_ref idref="fl-a"/>
      </object_component>
      <object_component id="oc-3ab">
         <name>.text.__aeabi_ldiv0</name>
         <load_address>0x48ae</load_address>
         <readonly>true</readonly>
         <executable>true</executable>
         <run_address>0x48ae</run_address>
         <size>0x2</size>
         <alignment>0x2</alignment>
         <input_file_ref idref="fl-125"/>
      </object_component>
      <object_component id="oc-111">
         <name>.text.uart_printf</name>
         <load_address>0x48b0</load_address>
         <readonly>true</readonly>
         <executable>true</executable>
         <run_address>0x48b0</run_address>
         <size>0x78</size>
         <alignment>0x4</alignment>
         <input_file_ref idref="fl-8"/>
      </object_component>
      <object_component id="oc-39f">
         <name>.text.__gedf2</name>
         <load_address>0x4928</load_address>
         <readonly>true</readonly>
         <executable>true</executable>
         <run_address>0x4928</run_address>
         <size>0x74</size>
         <alignment>0x4</alignment>
         <input_file_ref idref="fl-124"/>
      </object_component>
      <object_component id="oc-10a">
         <name>.text.SYSCFG_DL_UART_0_init</name>
         <load_address>0x499c</load_address>
         <readonly>true</readonly>
         <executable>true</executable>
         <run_address>0x499c</run_address>
         <size>0x70</size>
         <alignment>0x4</alignment>
         <input_file_ref idref="fl-1"/>
      </object_component>
      <object_component id="oc-103">
         <name>.text.SYSCFG_DL_initPower</name>
         <load_address>0x4a0c</load_address>
         <readonly>true</readonly>
         <executable>true</executable>
         <run_address>0x4a0c</run_address>
         <size>0x70</size>
         <alignment>0x4</alignment>
         <input_file_ref idref="fl-1"/>
      </object_component>
      <object_component id="oc-169">
         <name>.text.CLI_Tokenize</name>
         <load_address>0x4a7c</load_address>
         <readonly>true</readonly>
         <executable>true</executable>
         <run_address>0x4a7c</run_address>
         <size>0x68</size>
         <alignment>0x4</alignment>
         <input_file_ref idref="fl-8"/>
      </object_component>
      <object_component id="oc-108">
         <name>.text.SYSCFG_DL_I2C_0_init</name>
         <load_address>0x4ae4</load_address>
         <readonly>true</readonly>
         <executable>true</executable>
         <run_address>0x4ae4</run_address>
         <size>0x68</size>
         <alignment>0x4</alignment>
         <input_file_ref idref="fl-1"/>
      </object_component>
      <object_component id="oc-109">
         <name>.text.SYSCFG_DL_I2C_1_init</name>
         <load_address>0x4b4c</load_address>
         <readonly>true</readonly>
         <executable>true</executable>
         <run_address>0x4b4c</run_address>
         <size>0x68</size>
         <alignment>0x4</alignment>
         <input_file_ref idref="fl-1"/>
      </object_component>
      <object_component id="oc-399">
         <name>.text.__ledf2</name>
         <load_address>0x4bb4</load_address>
         <readonly>true</readonly>
         <executable>true</executable>
         <run_address>0x4bb4</run_address>
         <size>0x68</size>
         <alignment>0x4</alignment>
         <input_file_ref idref="fl-124"/>
      </object_component>
      <object_component id="oc-2bb">
         <name>.text.roundf</name>
         <load_address>0x4c1c</load_address>
         <readonly>true</readonly>
         <executable>true</executable>
         <run_address>0x4c1c</run_address>
         <size>0x68</size>
         <alignment>0x2</alignment>
         <input_file_ref idref="fl-36"/>
      </object_component>
      <object_component id="oc-398">
         <name>.text._mcpy</name>
         <load_address>0x4c84</load_address>
         <readonly>true</readonly>
         <executable>true</executable>
         <run_address>0x4c84</run_address>
         <size>0x66</size>
         <alignment>0x2</alignment>
         <input_file_ref idref="fl-4f"/>
      </object_component>
      <object_component id="oc-c2">
         <name>.text.cmd_help</name>
         <load_address>0x4cec</load_address>
         <readonly>true</readonly>
         <executable>true</executable>
         <run_address>0x4cec</run_address>
         <size>0x64</size>
         <alignment>0x4</alignment>
         <input_file_ref idref="fl-8"/>
      </object_component>
      <object_component id="oc-368">
         <name>.text.__aeabi_dcmp</name>
         <load_address>0x4d50</load_address>
         <readonly>true</readonly>
         <executable>true</executable>
         <run_address>0x4d50</run_address>
         <size>0x62</size>
         <alignment>0x4</alignment>
         <input_file_ref idref="fl-11a"/>
      </object_component>
      <object_component id="oc-32e">
         <name>.text.__aeabi_fcmp</name>
         <load_address>0x4db4</load_address>
         <readonly>true</readonly>
         <executable>true</executable>
         <run_address>0x4db4</run_address>
         <size>0x62</size>
         <alignment>0x4</alignment>
         <input_file_ref idref="fl-11b"/>
      </object_component>
      <object_component id="oc-102">
         <name>.text:memset</name>
         <load_address>0x4e16</load_address>
         <readonly>true</readonly>
         <executable>true</executable>
         <run_address>0x4e16</run_address>
         <size>0x62</size>
         <alignment>0x1</alignment>
         <input_file_ref idref="fl-128"/>
      </object_component>
      <object_component id="oc-10b">
         <name>.text.SYSCFG_DL_SPI_1_init</name>
         <load_address>0x4e78</load_address>
         <readonly>true</readonly>
         <executable>true</executable>
         <run_address>0x4e78</run_address>
         <size>0x60</size>
         <alignment>0x4</alignment>
         <input_file_ref idref="fl-1"/>
      </object_component>
      <object_component id="oc-98">
         <name>.text.DL_I2C_fillControllerTXFIFO</name>
         <load_address>0x4ed8</load_address>
         <readonly>true</readonly>
         <executable>true</executable>
         <run_address>0x4ed8</run_address>
         <size>0x5e</size>
         <alignment>0x2</alignment>
         <input_file_ref idref="fl-1b"/>
      </object_component>
      <object_component id="oc-14c">
         <name>.text.SPI_Controller_Arm</name>
         <load_address>0x4f38</load_address>
         <readonly>true</readonly>
         <executable>true</executable>
         <run_address>0x4f38</run_address>
         <size>0x5c</size>
         <alignment>0x4</alignment>
         <input_file_ref idref="fl-7"/>
      </object_component>
      <object_component id="oc-37c">
         <name>.text.frexp</name>
         <load_address>0x4f94</load_address>
         <readonly>true</readonly>
         <executable>true</executable>
         <run_address>0x4f94</run_address>
         <size>0x5c</size>
         <alignment>0x4</alignment>
         <input_file_ref idref="fl-5a"/>
      </object_component>
      <object_component id="oc-388">
         <name>.text.__TI_ltoa</name>
         <load_address>0x4ff0</load_address>
         <readonly>true</readonly>
         <executable>true</executable>
         <run_address>0x4ff0</run_address>
         <size>0x58</size>
         <alignment>0x2</alignment>
         <input_file_ref idref="fl-55"/>
      </object_component>
      <object_component id="oc-36d">
         <name>.text._pconv_f</name>
         <load_address>0x5048</load_address>
         <readonly>true</readonly>
         <executable>true</executable>
         <run_address>0x5048</run_address>
         <size>0x58</size>
         <alignment>0x2</alignment>
         <input_file_ref idref="fl-4f"/>
      </object_component>
      <object_component id="oc-3b8">
         <name>.text.__aeabi_idivmod</name>
         <load_address>0x50a0</load_address>
         <readonly>true</readonly>
         <executable>true</executable>
         <run_address>0x50a0</run_address>
         <size>0x56</size>
         <alignment>0x4</alignment>
         <input_file_ref idref="fl-11c"/>
      </object_component>
      <object_component id="oc-396">
         <name>.text._ecpy</name>
         <load_address>0x50f6</load_address>
         <readonly>true</readonly>
         <executable>true</executable>
         <run_address>0x50f6</run_address>
         <size>0x52</size>
         <alignment>0x2</alignment>
         <input_file_ref idref="fl-4f"/>
      </object_component>
      <object_component id="oc-30d">
         <name>.text.DL_DMA_initChannel</name>
         <load_address>0x5148</load_address>
         <readonly>true</readonly>
         <executable>true</executable>
         <run_address>0x5148</run_address>
         <size>0x4c</size>
         <alignment>0x4</alignment>
         <input_file_ref idref="fl-1a"/>
      </object_component>
      <object_component id="oc-146">
         <name>.text.snprintf</name>
         <load_address>0x5194</load_address>
         <readonly>true</readonly>
         <executable>true</executable>
         <run_address>0x5194</run_address>
         <size>0x4c</size>
         <alignment>0x4</alignment>
         <input_file_ref idref="fl-37"/>
      </object_component>
      <object_component id="oc-20f">
         <name>.text.BQ27Z746_GetTempConfig</name>
         <load_address>0x51e0</load_address>
         <readonly>true</readonly>
         <executable>true</executable>
         <run_address>0x51e0</run_address>
         <size>0x4a</size>
         <alignment>0x2</alignment>
         <input_file_ref idref="fl-a"/>
      </object_component>
      <object_component id="oc-384">
         <name>.text.__fixdfsi</name>
         <load_address>0x522c</load_address>
         <readonly>true</readonly>
         <executable>true</executable>
         <run_address>0x522c</run_address>
         <size>0x4a</size>
         <alignment>0x4</alignment>
         <input_file_ref idref="fl-115"/>
      </object_component>
      <object_component id="oc-210">
         <name>.text.BQ27Z746_GetFETOptions</name>
         <load_address>0x5276</load_address>
         <readonly>true</readonly>
         <executable>true</executable>
         <run_address>0x5276</run_address>
         <size>0x48</size>
         <alignment>0x2</alignment>
         <input_file_ref idref="fl-a"/>
      </object_component>
      <object_component id="oc-27e">
         <name>.text.DL_UART_init</name>
         <load_address>0x52c0</load_address>
         <readonly>true</readonly>
         <executable>true</executable>
         <run_address>0x52c0</run_address>
         <size>0x48</size>
         <alignment>0x4</alignment>
         <input_file_ref idref="fl-1f"/>
      </object_component>
      <object_component id="oc-11b">
         <name>.text.strtok</name>
         <load_address>0x5308</load_address>
         <readonly>true</readonly>
         <executable>true</executable>
         <run_address>0x5308</run_address>
         <size>0x48</size>
         <alignment>0x4</alignment>
         <input_file_ref idref="fl-43"/>
      </object_component>
      <object_component id="oc-215">
         <name>.text.BQ27Z746_Seal</name>
         <load_address>0x5350</load_address>
         <readonly>true</readonly>
         <executable>true</executable>
         <run_address>0x5350</run_address>
         <size>0x44</size>
         <alignment>0x2</alignment>
         <input_file_ref idref="fl-a"/>
      </object_component>
      <object_component id="oc-287">
         <name>.text.DL_SPI_init</name>
         <load_address>0x5394</load_address>
         <readonly>true</readonly>
         <executable>true</executable>
         <run_address>0x5394</run_address>
         <size>0x44</size>
         <alignment>0x4</alignment>
         <input_file_ref idref="fl-1d"/>
      </object_component>
      <object_component id="oc-14d">
         <name>.text.SM_Transition</name>
         <load_address>0x53d8</load_address>
         <readonly>true</readonly>
         <executable>true</executable>
         <run_address>0x53d8</run_address>
         <size>0x40</size>
         <alignment>0x4</alignment>
         <input_file_ref idref="fl-5"/>
      </object_component>
      <object_component id="oc-106">
         <name>.text.SYSCFG_DL_SYSCTL_init</name>
         <load_address>0x5418</load_address>
         <readonly>true</readonly>
         <executable>true</executable>
         <run_address>0x5418</run_address>
         <size>0x40</size>
         <alignment>0x4</alignment>
         <input_file_ref idref="fl-1"/>
      </object_component>
      <object_component id="oc-126">
         <name>.text.__aeabi_uidivmod</name>
         <load_address>0x5458</load_address>
         <readonly>true</readonly>
         <executable>true</executable>
         <run_address>0x5458</run_address>
         <size>0x40</size>
         <alignment>0x4</alignment>
         <input_file_ref idref="fl-11f"/>
      </object_component>
      <object_component id="oc-16a">
         <name>.text.atoi</name>
         <load_address>0x5498</load_address>
         <readonly>true</readonly>
         <executable>true</executable>
         <run_address>0x5498</run_address>
         <size>0x40</size>
         <alignment>0x4</alignment>
         <input_file_ref idref="fl-3f"/>
      </object_component>
      <object_component id="oc-292">
         <name>.text.vsnprintf</name>
         <load_address>0x54d8</load_address>
         <readonly>true</readonly>
         <executable>true</executable>
         <run_address>0x54d8</run_address>
         <size>0x40</size>
         <alignment>0x4</alignment>
         <input_file_ref idref="fl-38"/>
      </object_component>
      <object_component id="oc-b5">
         <name>.text.CLI_RegisterCommand</name>
         <load_address>0x5518</load_address>
         <readonly>true</readonly>
         <executable>true</executable>
         <run_address>0x5518</run_address>
         <size>0x3c</size>
         <alignment>0x4</alignment>
         <input_file_ref idref="fl-8"/>
      </object_component>
      <object_component id="oc-2ab">
         <name>.text.DL_I2C_flushControllerTXFIFO</name>
         <load_address>0x5554</load_address>
         <readonly>true</readonly>
         <executable>true</executable>
         <run_address>0x5554</run_address>
         <size>0x3c</size>
         <alignment>0x4</alignment>
         <input_file_ref idref="fl-1b"/>
      </object_component>
      <object_component id="oc-34f">
         <name>.text.__gtsf2</name>
         <load_address>0x5590</load_address>
         <readonly>true</readonly>
         <executable>true</executable>
         <run_address>0x5590</run_address>
         <size>0x3c</size>
         <alignment>0x4</alignment>
         <input_file_ref idref="fl-121"/>
      </object_component>
      <object_component id="oc-bd">
         <name>.text.get_UART_buffer</name>
         <load_address>0x55cc</load_address>
         <readonly>true</readonly>
         <executable>true</executable>
         <run_address>0x55cc</run_address>
         <size>0x3c</size>
         <alignment>0x4</alignment>
         <input_file_ref idref="fl-8"/>
      </object_component>
      <object_component id="oc-e8">
         <name>.text:__TI_auto_init_nobinit_nopinit</name>
         <load_address>0x5608</load_address>
         <readonly>true</readonly>
         <executable>true</executable>
         <run_address>0x5608</run_address>
         <size>0x3c</size>
         <alignment>0x4</alignment>
         <input_file_ref idref="fl-48"/>
      </object_component>
      <object_component id="oc-34a">
         <name>.text.__eqsf2</name>
         <load_address>0x5644</load_address>
         <readonly>true</readonly>
         <executable>true</executable>
         <run_address>0x5644</run_address>
         <size>0x3a</size>
         <alignment>0x4</alignment>
         <input_file_ref idref="fl-121"/>
      </object_component>
      <object_component id="oc-321">
         <name>.text.__muldsi3</name>
         <load_address>0x5680</load_address>
         <readonly>true</readonly>
         <executable>true</executable>
         <run_address>0x5680</run_address>
         <size>0x3a</size>
         <alignment>0x4</alignment>
         <input_file_ref idref="fl-112"/>
      </object_component>
      <object_component id="oc-107">
         <name>.text.SYSCFG_DL_TIMER_0_init</name>
         <load_address>0x56bc</load_address>
         <readonly>true</readonly>
         <executable>true</executable>
         <run_address>0x56bc</run_address>
         <size>0x38</size>
         <alignment>0x4</alignment>
         <input_file_ref idref="fl-1"/>
      </object_component>
      <object_component id="oc-af">
         <name>.text.SYSCFG_DL_init</name>
         <load_address>0x56f4</load_address>
         <readonly>true</readonly>
         <executable>true</executable>
         <run_address>0x56f4</run_address>
         <size>0x38</size>
         <alignment>0x4</alignment>
         <input_file_ref idref="fl-1"/>
      </object_component>
      <object_component id="oc-2c1">
         <name>.text.__fixsfsi</name>
         <load_address>0x572c</load_address>
         <readonly>true</readonly>
         <executable>true</executable>
         <run_address>0x572c</run_address>
         <size>0x38</size>
         <alignment>0x4</alignment>
         <input_file_ref idref="fl-116"/>
      </object_component>
      <object_component id="oc-2d9">
         <name>.text.gauge_read</name>
         <load_address>0x5764</load_address>
         <readonly>true</readonly>
         <executable>true</executable>
         <run_address>0x5764</run_address>
         <size>0x38</size>
         <alignment>0x4</alignment>
         <input_file_ref idref="fl-b"/>
      </object_component>
      <object_component id="oc-2d8">
         <name>.text.gauge_write</name>
         <load_address>0x579c</load_address>
         <readonly>true</readonly>
         <executable>true</executable>
         <run_address>0x579c</run_address>
         <size>0x38</size>
         <alignment>0x4</alignment>
         <input_file_ref idref="fl-b"/>
      </object_component>
      <object_component id="oc-39">
         <name>.text.SPI1_IRQHandler</name>
         <load_address>0x57d4</load_address>
         <readonly>true</readonly>
         <executable>true</executable>
         <run_address>0x57d4</run_address>
         <size>0x34</size>
         <alignment>0x4</alignment>
         <input_file_ref idref="fl-7"/>
      </object_component>
      <object_component id="oc-10d">
         <name>.text.SYSCFG_DL_RTC_init</name>
         <load_address>0x5808</load_address>
         <readonly>true</readonly>
         <executable>true</executable>
         <run_address>0x5808</run_address>
         <size>0x34</size>
         <alignment>0x4</alignment>
         <input_file_ref idref="fl-1"/>
      </object_component>
      <object_component id="oc-31f">
         <name>.text.DL_I2C_flushControllerRXFIFO</name>
         <load_address>0x583c</load_address>
         <readonly>true</readonly>
         <executable>true</executable>
         <run_address>0x583c</run_address>
         <size>0x30</size>
         <alignment>0x4</alignment>
         <input_file_ref idref="fl-1b"/>
      </object_component>
      <object_component id="oc-298">
         <name>.text.DL_UART_transmitDataBlocking</name>
         <load_address>0x586c</load_address>
         <readonly>true</readonly>
         <executable>true</executable>
         <run_address>0x586c</run_address>
         <size>0x30</size>
         <alignment>0x4</alignment>
         <input_file_ref idref="fl-1f"/>
      </object_component>
      <object_component id="oc-397">
         <name>.text._fcpy</name>
         <load_address>0x589c</load_address>
         <readonly>true</readonly>
         <executable>true</executable>
         <run_address>0x589c</run_address>
         <size>0x30</size>
         <alignment>0x2</alignment>
         <input_file_ref idref="fl-4f"/>
      </object_component>
      <object_component id="oc-2db">
         <name>.text._outs</name>
         <load_address>0x58cc</load_address>
         <readonly>true</readonly>
         <executable>true</executable>
         <run_address>0x58cc</run_address>
         <size>0x30</size>
         <alignment>0x2</alignment>
         <input_file_ref idref="fl-37"/>
      </object_component>
      <object_component id="oc-315">
         <name>.text._outs</name>
         <load_address>0x58fc</load_address>
         <readonly>true</readonly>
         <executable>true</executable>
         <run_address>0x58fc</run_address>
         <size>0x30</size>
         <alignment>0x2</alignment>
         <input_file_ref idref="fl-38"/>
      </object_component>
      <object_component id="oc-1cb">
         <name>.text.gauge_cmd_read</name>
         <load_address>0x592c</load_address>
         <readonly>true</readonly>
         <executable>true</executable>
         <run_address>0x592c</run_address>
         <size>0x30</size>
         <alignment>0x4</alignment>
         <input_file_ref idref="fl-b"/>
      </object_component>
      <object_component id="oc-12e">
         <name>.text.BQ27Z746_Init</name>
         <load_address>0x595c</load_address>
         <readonly>true</readonly>
         <executable>true</executable>
         <run_address>0x595c</run_address>
         <size>0x2c</size>
         <alignment>0x4</alignment>
         <input_file_ref idref="fl-a"/>
      </object_component>
      <object_component id="oc-38c">
         <name>.text.__floatsidf</name>
         <load_address>0x5988</load_address>
         <readonly>true</readonly>
         <executable>true</executable>
         <run_address>0x5988</run_address>
         <size>0x2c</size>
         <alignment>0x4</alignment>
         <input_file_ref idref="fl-117"/>
      </object_component>
      <object_component id="oc-2b3">
         <name>.text.__floatunsisf</name>
         <load_address>0x59b4</load_address>
         <readonly>true</readonly>
         <executable>true</executable>
         <run_address>0x59b4</run_address>
         <size>0x28</size>
         <alignment>0x4</alignment>
         <input_file_ref idref="fl-118"/>
      </object_component>
      <object_component id="oc-61">
         <name>.text:_c_int00_noargs</name>
         <load_address>0x59dc</load_address>
         <readonly>true</readonly>
         <executable>true</executable>
         <run_address>0x59dc</run_address>
         <size>0x28</size>
         <alignment>0x4</alignment>
         <input_file_ref idref="fl-46"/>
      </object_component>
      <object_component id="oc-275">
         <name>.text.DL_I2C_setClockConfig</name>
         <load_address>0x5a04</load_address>
         <readonly>true</readonly>
         <executable>true</executable>
         <run_address>0x5a04</run_address>
         <size>0x26</size>
         <alignment>0x2</alignment>
         <input_file_ref idref="fl-1b"/>
      </object_component>
      <object_component id="oc-29c">
         <name>.text.strspn</name>
         <load_address>0x5a2a</load_address>
         <readonly>true</readonly>
         <executable>true</executable>
         <run_address>0x5a2a</run_address>
         <size>0x26</size>
         <alignment>0x2</alignment>
         <input_file_ref idref="fl-59"/>
      </object_component>
      <object_component id="oc-18f">
         <name>.text.BQ25628E_ReadReg16</name>
         <load_address>0x5a50</load_address>
         <readonly>true</readonly>
         <executable>true</executable>
         <run_address>0x5a50</run_address>
         <size>0x24</size>
         <alignment>0x4</alignment>
         <input_file_ref idref="fl-9"/>
      </object_component>
      <object_component id="oc-13f">
         <name>.text.BQ25628E_ReadReg8</name>
         <load_address>0x5a74</load_address>
         <readonly>true</readonly>
         <executable>true</executable>
         <run_address>0x5a74</run_address>
         <size>0x24</size>
         <alignment>0x4</alignment>
         <input_file_ref idref="fl-9"/>
      </object_component>
      <object_component id="oc-191">
         <name>.text.BQ25628E_WriteReg16</name>
         <load_address>0x5a98</load_address>
         <readonly>true</readonly>
         <executable>true</executable>
         <run_address>0x5a98</run_address>
         <size>0x24</size>
         <alignment>0x4</alignment>
         <input_file_ref idref="fl-9"/>
      </object_component>
      <object_component id="oc-34">
         <name>.text.GROUP1_IRQHandler</name>
         <load_address>0x5abc</load_address>
         <readonly>true</readonly>
         <executable>true</executable>
         <run_address>0x5abc</run_address>
         <size>0x24</size>
         <alignment>0x4</alignment>
         <input_file_ref idref="fl-4"/>
      </object_component>
      <object_component id="oc-b7">
         <name>.text.SPI_Controller_Init</name>
         <load_address>0x5ae0</load_address>
         <readonly>true</readonly>
         <executable>true</executable>
         <run_address>0x5ae0</run_address>
         <size>0x24</size>
         <alignment>0x4</alignment>
         <input_file_ref idref="fl-7"/>
      </object_component>
      <object_component id="oc-35e">
         <name>.text.__muldi3</name>
         <load_address>0x5b04</load_address>
         <readonly>true</readonly>
         <executable>true</executable>
         <run_address>0x5b04</run_address>
         <size>0x24</size>
         <alignment>0x4</alignment>
         <input_file_ref idref="fl-119"/>
      </object_component>
      <object_component id="oc-117">
         <name>.text.strcspn</name>
         <load_address>0x5b28</load_address>
         <readonly>true</readonly>
         <executable>true</executable>
         <run_address>0x5b28</run_address>
         <size>0x24</size>
         <alignment>0x2</alignment>
         <input_file_ref idref="fl-42"/>
      </object_component>
      <object_component id="oc-353">
         <name>.text.memccpy</name>
         <load_address>0x5b4c</load_address>
         <readonly>true</readonly>
         <executable>true</executable>
         <run_address>0x5b4c</run_address>
         <size>0x22</size>
         <alignment>0x2</alignment>
         <input_file_ref idref="fl-58"/>
      </object_component>
      <object_component id="oc-190">
         <name>.text.BQ25628E_WriteReg8</name>
         <load_address>0x5b70</load_address>
         <readonly>true</readonly>
         <executable>true</executable>
         <run_address>0x5b70</run_address>
         <size>0x20</size>
         <alignment>0x4</alignment>
         <input_file_ref idref="fl-9"/>
      </object_component>
      <object_component id="oc-1db">
         <name>.text.BQ27Z746_ReadInternalTemp_C</name>
         <load_address>0x5b90</load_address>
         <readonly>true</readonly>
         <executable>true</executable>
         <run_address>0x5b90</run_address>
         <size>0x20</size>
         <alignment>0x4</alignment>
         <input_file_ref idref="fl-a"/>
      </object_component>
      <object_component id="oc-1da">
         <name>.text.BQ27Z746_ReadTemperature_C</name>
         <load_address>0x5bb0</load_address>
         <readonly>true</readonly>
         <executable>true</executable>
         <run_address>0x5bb0</run_address>
         <size>0x20</size>
         <alignment>0x4</alignment>
         <input_file_ref idref="fl-a"/>
      </object_component>
      <object_component id="oc-24d">
         <name>.text.SM_GetStateString</name>
         <load_address>0x5bd0</load_address>
         <readonly>true</readonly>
         <executable>true</executable>
         <run_address>0x5bd0</run_address>
         <size>0x20</size>
         <alignment>0x4</alignment>
         <input_file_ref idref="fl-5"/>
      </object_component>
      <object_component id="oc-b4">
         <name>.text.uart_init</name>
         <load_address>0x5bf0</load_address>
         <readonly>true</readonly>
         <executable>true</executable>
         <run_address>0x5bf0</run_address>
         <size>0x20</size>
         <alignment>0x4</alignment>
         <input_file_ref idref="fl-8"/>
      </object_component>
      <object_component id="oc-212">
         <name>.text.BQ27Z746_MAC_Send</name>
         <load_address>0x5c10</load_address>
         <readonly>true</readonly>
         <executable>true</executable>
         <run_address>0x5c10</run_address>
         <size>0x1e</size>
         <alignment>0x2</alignment>
         <input_file_ref idref="fl-a"/>
      </object_component>
      <object_component id="oc-3ac">
         <name>.text.__ashldi3</name>
         <load_address>0x5c30</load_address>
         <readonly>true</readonly>
         <executable>true</executable>
         <run_address>0x5c30</run_address>
         <size>0x1e</size>
         <alignment>0x4</alignment>
         <input_file_ref idref="fl-123"/>
      </object_component>
      <object_component id="oc-26c">
         <name>.text.DL_Timer_setClockConfig</name>
         <load_address>0x5c50</load_address>
         <readonly>true</readonly>
         <executable>true</executable>
         <run_address>0x5c50</run_address>
         <size>0x1c</size>
         <alignment>0x4</alignment>
         <input_file_ref idref="fl-1e"/>
      </object_component>
      <object_component id="oc-45">
         <name>.text.RTC_IRQHandler</name>
         <load_address>0x5c6c</load_address>
         <readonly>true</readonly>
         <executable>true</executable>
         <run_address>0x5c6c</run_address>
         <size>0x1c</size>
         <alignment>0x4</alignment>
         <input_file_ref idref="fl-4"/>
      </object_component>
      <object_component id="oc-b6">
         <name>.text.i2c_init</name>
         <load_address>0x5c88</load_address>
         <readonly>true</readonly>
         <executable>true</executable>
         <run_address>0x5c88</run_address>
         <size>0x1c</size>
         <alignment>0x4</alignment>
         <input_file_ref idref="fl-6"/>
      </object_component>
      <object_component id="oc-b8">
         <name>.text.SM_Init</name>
         <load_address>0x5ca4</load_address>
         <readonly>true</readonly>
         <executable>true</executable>
         <run_address>0x5ca4</run_address>
         <size>0x18</size>
         <alignment>0x4</alignment>
         <input_file_ref idref="fl-5"/>
      </object_component>
      <object_component id="oc-28b">
         <name>.text.SYSCFG_DL_DMA_CH0_init</name>
         <load_address>0x5cbc</load_address>
         <readonly>true</readonly>
         <executable>true</executable>
         <run_address>0x5cbc</run_address>
         <size>0x18</size>
         <alignment>0x4</alignment>
         <input_file_ref idref="fl-1"/>
      </object_component>
      <object_component id="oc-28a">
         <name>.text.SYSCFG_DL_DMA_CH1_init</name>
         <load_address>0x5cd4</load_address>
         <readonly>true</readonly>
         <executable>true</executable>
         <run_address>0x5cd4</run_address>
         <size>0x18</size>
         <alignment>0x4</alignment>
         <input_file_ref idref="fl-1"/>
      </object_component>
      <object_component id="oc-3e">
         <name>.text.UART0_IRQHandler</name>
         <load_address>0x5cec</load_address>
         <readonly>true</readonly>
         <executable>true</executable>
         <run_address>0x5cec</run_address>
         <size>0x18</size>
         <alignment>0x4</alignment>
         <input_file_ref idref="fl-4"/>
      </object_component>
      <object_component id="oc-2dc">
         <name>.text._outc</name>
         <load_address>0x5d04</load_address>
         <readonly>true</readonly>
         <executable>true</executable>
         <run_address>0x5d04</run_address>
         <size>0x18</size>
         <alignment>0x2</alignment>
         <input_file_ref idref="fl-37"/>
      </object_component>
      <object_component id="oc-316">
         <name>.text._outc</name>
         <load_address>0x5d1c</load_address>
         <readonly>true</readonly>
         <executable>true</executable>
         <run_address>0x5d1c</run_address>
         <size>0x18</size>
         <alignment>0x2</alignment>
         <input_file_ref idref="fl-38"/>
      </object_component>
      <object_component id="oc-58">
         <name>.text:decompress:ZI:__TI_zero_init_nomemset</name>
         <load_address>0x5d34</load_address>
         <readonly>true</readonly>
[...]
      <symbol id="sm-352">
         <name>__TI_ATRegion0_src_addr</name>
         <value>0x0</value>
      </symbol>
      <symbol id="sm-353">
         <name>__TI_ATRegion0_trg_addr</name>
         <value>0x0</value>
      </symbol>
      <symbol id="sm-354">
         <name>__TI_ATRegion0_region_sz</name>
         <value>0x0</value>
      </symbol>
      <symbol id="sm-355">
         <name>__TI_ATRegion1_src_addr</name>
         <value>0x0</value>
      </symbol>
      <symbol id="sm-356">
         <name>__TI_ATRegion1_trg_addr</name>
         <value>0x0</value>
      </symbol>
      <symbol id="sm-357">
         <name>__TI_ATRegion1_region_sz</name>
         <value>0x0</value>
      </symbol>
      <symbol id="sm-358">
         <name>__TI_ATRegion2_src_addr</name>
         <value>0x0</value>
      </symbol>
      <symbol id="sm-359">
         <name>__TI_ATRegion2_trg_addr</name>
         <value>0x0</value>
      </symbol>
      <symbol id="sm-35a">
         <name>__TI_ATRegion2_region_sz</name>
         <value>0x0</value>
      </symbol>
      <symbol id="sm-363">
         <name>DL_Common_delayCycles</name>
         <value>0x5f15</value>
         <object_component_ref idref="oc-268"/>
      </symbol>
      <symbol id="sm-36d">
         <name>DL_DMA_initChannel</name>
         <value>0x5149</value>
         <object_component_ref idref="oc-30d"/>
      </symbol>
      <symbol id="sm-37f">
         <name>DL_I2C_setClockConfig</name>
         <value>0x5a05</value>
         <object_component_ref idref="oc-275"/>
      </symbol>
      <symbol id="sm-380">
         <name>DL_I2C_fillControllerTXFIFO</name>
         <value>0x4ed9</value>
         <object_component_ref idref="oc-98"/>
      </symbol>
      <symbol id="sm-381">
         <name>DL_I2C_flushControllerTXFIFO</name>
         <value>0x5555</value>
         <object_component_ref idref="oc-2ab"/>
      </symbol>
      <symbol id="sm-382">
         <name>DL_I2C_flushControllerRXFIFO</name>
         <value>0x583d</value>
         <object_component_ref idref="oc-31f"/>
      </symbol>
      <symbol id="sm-38d">
         <name>DL_RTC_Common_initCalendar</name>
         <value>0x4431</value>
         <object_component_ref idref="oc-28c"/>
      </symbol>
      <symbol id="sm-39a">
         <name>DL_SPI_init</name>
         <value>0x5395</value>
         <object_component_ref idref="oc-287"/>
      </symbol>
      <symbol id="sm-39b">
         <name>DL_SPI_setClockConfig</name>
         <value>0x5d75</value>
         <object_component_ref idref="oc-281"/>
      </symbol>
      <symbol id="sm-3ab">
         <name>DL_Timer_setClockConfig</name>
         <value>0x5c51</value>
         <object_component_ref idref="oc-26c"/>
      </symbol>
      <symbol id="sm-3ac">
         <name>DL_Timer_initTimerMode</name>
         <value>0x3501</value>
         <object_component_ref idref="oc-272"/>
      </symbol>
      <symbol id="sm-3bc">
         <name>DL_UART_init</name>
         <value>0x52c1</value>
         <object_component_ref idref="oc-27e"/>
      </symbol>
      <symbol id="sm-3bd">
         <name>DL_UART_setClockConfig</name>
         <value>0x5d87</value>
         <object_component_ref idref="oc-278"/>
      </symbol>
      <symbol id="sm-3be">
         <name>DL_UART_transmitDataBlocking</name>
         <value>0x586d</value>
         <object_component_ref idref="oc-298"/>
      </symbol>
      <symbol id="sm-3cb">
         <name>roundf</name>
         <value>0x4c1d</value>
         <object_component_ref idref="oc-2bb"/>
      </symbol>
      <symbol id="sm-3dc">
         <name>snprintf</name>
         <value>0x5195</value>
         <object_component_ref idref="oc-146"/>
      </symbol>
      <symbol id="sm-3ed">
         <name>vsnprintf</name>
         <value>0x54d9</value>
         <object_component_ref idref="oc-292"/>
      </symbol>
      <symbol id="sm-3f8">
         <name>strcmp</name>
         <value>0x4731</value>
         <object_component_ref idref="oc-11f"/>
      </symbol>
      <symbol id="sm-402">
         <name>abort</name>
         <value>0x5f69</value>
         <object_component_ref idref="oc-e1"/>
      </symbol>
      <symbol id="sm-40d">
         <name>atoi</name>
         <value>0x5499</value>
         <object_component_ref idref="oc-16a"/>
      </symbol>
      <symbol id="sm-418">
         <name>strcspn</name>
         <value>0x5b29</value>
         <object_component_ref idref="oc-117"/>
      </symbol>
      <symbol id="sm-424">
         <name>strtok</name>
         <value>0x5309</value>
         <object_component_ref idref="oc-11b"/>
      </symbol>
      <symbol id="sm-42f">
         <name>strtol</name>
         <value>0x28d9</value>
         <object_component_ref idref="oc-18b"/>
      </symbol>
      <symbol id="sm-43b">
         <name>_c_int00_noargs</name>
         <value>0x59dd</value>
         <object_component_ref idref="oc-61"/>
      </symbol>
      <symbol id="sm-43c">
         <name>__stack</name>
         <value>0x20207e00</value>
         <object_component_ref idref="oc-1a"/>
      </symbol>
      <symbol id="sm-448">
         <name>__TI_auto_init_nobinit_nopinit</name>
         <value>0x5609</value>
         <object_component_ref idref="oc-e8"/>
      </symbol>
      <symbol id="sm-450">
         <name>_system_pre_init</name>
         <value>0x5f77</value>
         <object_component_ref idref="oc-84"/>
      </symbol>
      <symbol id="sm-45b">
         <name>__TI_zero_init_nomemset</name>
         <value>0x5d35</value>
         <object_component_ref idref="oc-58"/>
      </symbol>
      <symbol id="sm-464">
         <name>__TI_decompress_none</name>
         <value>0x5d99</value>
         <object_component_ref idref="oc-20"/>
      </symbol>
      <symbol id="sm-46f">
         <name>__TI_decompress_lzss</name>
         <value>0x47b9</value>
         <object_component_ref idref="oc-1c"/>
      </symbol>
      <symbol id="sm-479">
         <name>floorf</name>
         <value>0x469d</value>
         <object_component_ref idref="oc-32a"/>
      </symbol>
      <symbol id="sm-4c2">
         <name>__TI_printfi</name>
         <value>0xc1</value>
         <object_component_ref idref="oc-33d"/>
      </symbol>
      <symbol id="sm-4c6">
         <name>__aeabi_ctype_table_</name>
         <value>0x6450</value>
         <object_component_ref idref="oc-2e5"/>
      </symbol>
      <symbol id="sm-4c7">
         <name>__aeabi_ctype_table_C</name>
         <value>0x6450</value>
         <object_component_ref idref="oc-2e5"/>
      </symbol>
      <symbol id="sm-4d2">
         <name>__aeabi_errno_addr</name>
         <value>0x4729</value>
         <object_component_ref idref="oc-2e9"/>
      </symbol>
      <symbol id="sm-4d3">
         <name>__aeabi_errno</name>
         <value>0x20200218</value>
         <object_component_ref idref="oc-33e"/>
      </symbol>
      <symbol id="sm-4dc">
         <name>__TI_ltoa</name>
         <value>0x4ff1</value>
         <object_component_ref idref="oc-388"/>
      </symbol>
      <symbol id="sm-4e7">
         <name>memccpy</name>
         <value>0x5b4d</value>
         <object_component_ref idref="oc-353"/>
      </symbol>
      <symbol id="sm-4f0">
         <name>strspn</name>
         <value>0x5a2b</value>
         <object_component_ref idref="oc-29c"/>
      </symbol>
      <symbol id="sm-4fa">
         <name>frexp</name>
         <value>0x4f95</value>
         <object_component_ref idref="oc-37c"/>
      </symbol>
      <symbol id="sm-4fb">
         <name>frexpl</name>
         <value>0x4f95</value>
         <object_component_ref idref="oc-37c"/>
      </symbol>
      <symbol id="sm-505">
         <name>scalbn</name>
         <value>0x3ebd</value>
         <object_component_ref idref="oc-380"/>
      </symbol>
      <symbol id="sm-506">
         <name>ldexp</name>
         <value>0x3ebd</value>
         <object_component_ref idref="oc-380"/>
      </symbol>
      <symbol id="sm-507">
         <name>scalbnl</name>
         <value>0x3ebd</value>
         <object_component_ref idref="oc-380"/>
      </symbol>
      <symbol id="sm-508">
         <name>ldexpl</name>
         <value>0x3ebd</value>
         <object_component_ref idref="oc-380"/>
      </symbol>
      <symbol id="sm-511">
         <name>wcslen</name>
         <value>0x5ded</value>
         <object_component_ref idref="oc-35a"/>
      </symbol>
      <symbol id="sm-51c">
         <name>HOSTexit</name>
         <value>0x5f6f</value>
         <object_component_ref idref="oc-257"/>
      </symbol>
      <symbol id="sm-51d">
         <name>C$$EXIT</name>
         <value>0x5f6e</value>
         <object_component_ref idref="oc-257"/>
      </symbol>
      <symbol id="sm-532">
         <name>__aeabi_fadd</name>
         <value>0x3f9f</value>
         <object_component_ref idref="oc-326"/>
      </symbol>
      <symbol id="sm-533">
         <name>__addsf3</name>
         <value>0x3f9f</value>
         <object_component_ref idref="oc-326"/>
      </symbol>
      <symbol id="sm-534">
         <name>__aeabi_fsub</name>
         <value>0x3f95</value>
         <object_component_ref idref="oc-326"/>
      </symbol>
      <symbol id="sm-535">
         <name>__subsf3</name>
         <value>0x3f95</value>
         <object_component_ref idref="oc-326"/>
      </symbol>
      <symbol id="sm-53e">
         <name>__aeabi_dadd</name>
         <value>0x25e3</value>
         <object_component_ref idref="oc-3a5"/>
      </symbol>
      <symbol id="sm-53f">
         <name>__adddf3</name>
         <value>0x25e3</value>
         <object_component_ref idref="oc-3a5"/>
      </symbol>
      <symbol id="sm-540">
         <name>__aeabi_dsub</name>
         <value>0x25d9</value>
         <object_component_ref idref="oc-3a5"/>
      </symbol>
      <symbol id="sm-541">
         <name>__subdf3</name>
         <value>0x25d9</value>
         <object_component_ref idref="oc-3a5"/>
      </symbol>
      <symbol id="sm-54a">
         <name>__aeabi_dmul</name>
         <value>0x38b5</value>
         <object_component_ref idref="oc-391"/>
      </symbol>
      <symbol id="sm-54b">
         <name>__muldf3</name>
         <value>0x38b5</value>
         <object_component_ref idref="oc-391"/>
      </symbol>
      <symbol id="sm-551">
         <name>__muldsi3</name>
         <value>0x5681</value>
         <object_component_ref idref="oc-321"/>
      </symbol>
      <symbol id="sm-557">
         <name>__aeabi_fmul</name>
         <value>0x4611</value>
         <object_component_ref idref="oc-2b7"/>
      </symbol>
      <symbol id="sm-558">
         <name>__mulsf3</name>
         <value>0x4611</value>
         <object_component_ref idref="oc-2b7"/>
      </symbol>
      <symbol id="sm-55e">
         <name>__aeabi_ddiv</name>
         <value>0x30f9</value>
         <object_component_ref idref="oc-3a1"/>
      </symbol>
      <symbol id="sm-55f">
         <name>__divdf3</name>
         <value>0x30f9</value>
         <object_component_ref idref="oc-3a1"/>
      </symbol>
      <symbol id="sm-565">
         <name>__aeabi_d2iz</name>
         <value>0x522d</value>
         <object_component_ref idref="oc-384"/>
      </symbol>
      <symbol id="sm-566">
         <name>__fixdfsi</name>
         <value>0x522d</value>
         <object_component_ref idref="oc-384"/>
      </symbol>
      <symbol id="sm-56c">
         <name>__aeabi_f2iz</name>
         <value>0x572d</value>
         <object_component_ref idref="oc-2c1"/>
      </symbol>
      <symbol id="sm-56d">
         <name>__fixsfsi</name>
         <value>0x572d</value>
         <object_component_ref idref="oc-2c1"/>
      </symbol>
      <symbol id="sm-573">
         <name>__aeabi_i2d</name>
         <value>0x5989</value>
         <object_component_ref idref="oc-38c"/>
      </symbol>
      <symbol id="sm-574">
         <name>__floatsidf</name>
         <value>0x5989</value>
         <object_component_ref idref="oc-38c"/>
      </symbol>
      <symbol id="sm-57a">
         <name>__aeabi_ui2f</name>
         <value>0x59b5</value>
         <object_component_ref idref="oc-2b3"/>
      </symbol>
      <symbol id="sm-57b">
         <name>__floatunsisf</name>
         <value>0x59b5</value>
         <object_component_ref idref="oc-2b3"/>
      </symbol>
      <symbol id="sm-581">
         <name>__aeabi_lmul</name>
         <value>0x5b05</value>
         <object_component_ref idref="oc-35e"/>
      </symbol>
      <symbol id="sm-582">
         <name>__muldi3</name>
         <value>0x5b05</value>
         <object_component_ref idref="oc-35e"/>
      </symbol>
      <symbol id="sm-588">
         <name>__aeabi_dcmpeq</name>
         <value>0x4d51</value>
         <object_component_ref idref="oc-368"/>
      </symbol>
      <symbol id="sm-589">
         <name>__aeabi_dcmplt</name>
         <value>0x4d65</value>
         <object_component_ref idref="oc-368"/>
      </symbol>
      <symbol id="sm-58a">
         <name>__aeabi_dcmple</name>
         <value>0x4d79</value>
         <object_component_ref idref="oc-368"/>
      </symbol>
      <symbol id="sm-58b">
         <name>__aeabi_dcmpge</name>
         <value>0x4d8d</value>
         <object_component_ref idref="oc-368"/>
      </symbol>
      <symbol id="sm-58c">
         <name>__aeabi_dcmpgt</name>
         <value>0x4da1</value>
         <object_component_ref idref="oc-368"/>
      </symbol>
      <symbol id="sm-592">
         <name>__aeabi_fcmpeq</name>
         <value>0x4db5</value>
         <object_component_ref idref="oc-32e"/>
      </symbol>
      <symbol id="sm-593">
         <name>__aeabi_fcmplt</name>
         <value>0x4dc9</value>
         <object_component_ref idref="oc-32e"/>
      </symbol>
      <symbol id="sm-594">
         <name>__aeabi_fcmple</name>
         <value>0x4ddd</value>
         <object_component_ref idref="oc-32e"/>
      </symbol>
      <symbol id="sm-595">
         <name>__aeabi_fcmpge</name>
         <value>0x4df1</value>
         <object_component_ref idref="oc-32e"/>
      </symbol>
      <symbol id="sm-596">
         <name>__aeabi_fcmpgt</name>
         <value>0x4e05</value>
         <object_component_ref idref="oc-32e"/>
      </symbol>
      <symbol id="sm-59c">
         <name>__aeabi_idiv</name>
         <value>0x50a1</value>
         <object_component_ref idref="oc-3b8"/>
      </symbol>
      <symbol id="sm-59d">
         <name>__aeabi_idivmod</name>
         <value>0x50a1</value>
         <object_component_ref idref="oc-3b8"/>
      </symbol>
      <symbol id="sm-5a3">
         <name>__aeabi_memcpy</name>
         <value>0x5f61</value>
         <object_component_ref idref="oc-51"/>
      </symbol>
      <symbol id="sm-5a4">
         <name>__aeabi_memcpy4</name>
         <value>0x5f61</value>
         <object_component_ref idref="oc-51"/>
      </symbol>
      <symbol id="sm-5a5">
         <name>__aeabi_memcpy8</name>
         <value>0x5f61</value>
         <object_component_ref idref="oc-51"/>
      </symbol>
      <symbol id="sm-5ae">
         <name>__aeabi_memset</name>
         <value>0x5dfd</value>
         <object_component_ref idref="oc-352"/>
      </symbol>
      <symbol id="sm-5af">
         <name>__aeabi_memset4</name>
         <value>0x5dfd</value>
         <object_component_ref idref="oc-352"/>
      </symbol>
      <symbol id="sm-5b0">
         <name>__aeabi_memset8</name>
         <value>0x5dfd</value>
         <object_component_ref idref="oc-352"/>
      </symbol>
      <symbol id="sm-5b1">
         <name>__aeabi_memclr</name>
         <value>0x5f09</value>
         <object_component_ref idref="oc-7f"/>
      </symbol>
      <symbol id="sm-5b2">
         <name>__aeabi_memclr4</name>
         <value>0x5f09</value>
         <object_component_ref idref="oc-7f"/>
      </symbol>
      <symbol id="sm-5b3">
         <name>__aeabi_memclr8</name>
         <value>0x5f09</value>
         <object_component_ref idref="oc-7f"/>
      </symbol>
      <symbol id="sm-5b9">
         <name>__aeabi_uidiv</name>
         <value>0x5459</value>
         <object_component_ref idref="oc-126"/>
      </symbol>
      <symbol id="sm-5ba">
         <name>__aeabi_uidivmod</name>
         <value>0x5459</value>
         <object_component_ref idref="oc-126"/>
      </symbol>
      <symbol id="sm-5c0">
         <name>__aeabi_uldivmod</name>
         <value>0x5d4d</value>
         <object_component_ref idref="oc-363"/>
      </symbol>
      <symbol id="sm-5c9">
         <name>__eqsf2</name>
         <value>0x5645</value>
         <object_component_ref idref="oc-34a"/>
      </symbol>
      <symbol id="sm-5ca">
         <name>__lesf2</name>
         <value>0x5645</value>
         <object_component_ref idref="oc-34a"/>
      </symbol>
      <symbol id="sm-5cb">
         <name>__ltsf2</name>
         <value>0x5645</value>
         <object_component_ref idref="oc-34a"/>
      </symbol>
      <symbol id="sm-5cc">
         <name>__nesf2</name>
         <value>0x5645</value>
         <object_component_ref idref="oc-34a"/>
      </symbol>
      <symbol id="sm-5cd">
         <name>__cmpsf2</name>
         <value>0x5645</value>
         <object_component_ref idref="oc-34a"/>
      </symbol>
      <symbol id="sm-5ce">
         <name>__gtsf2</name>
         <value>0x5591</value>
         <object_component_ref idref="oc-34f"/>
      </symbol>
      <symbol id="sm-5cf">
         <name>__gesf2</name>
         <value>0x5591</value>
         <object_component_ref idref="oc-34f"/>
      </symbol>
      <symbol id="sm-5d5">
         <name>__udivmoddi4</name>
         <value>0x44d5</value>
         <object_component_ref idref="oc-377"/>
      </symbol>
      <symbol id="sm-5db">
         <name>__aeabi_llsl</name>
         <value>0x5c31</value>
         <object_component_ref idref="oc-3ac"/>
      </symbol>
      <symbol id="sm-5dc">
         <name>__ashldi3</name>
         <value>0x5c31</value>
         <object_component_ref idref="oc-3ac"/>
      </symbol>
      <symbol id="sm-5ea">
         <name>__ledf2</name>
         <value>0x4bb5</value>
         <object_component_ref idref="oc-399"/>
      </symbol>
      <symbol id="sm-5eb">
         <name>__gedf2</name>
         <value>0x4929</value>
         <object_component_ref idref="oc-39f"/>
      </symbol>
      <symbol id="sm-5ec">
         <name>__cmpdf2</name>
         <value>0x4bb5</value>
         <object_component_ref idref="oc-399"/>
      </symbol>
      <symbol id="sm-5ed">
         <name>__eqdf2</name>
         <value>0x4bb5</value>
         <object_component_ref idref="oc-399"/>
      </symbol>
      <symbol id="sm-5ee">
         <name>__ltdf2</name>
         <value>0x4bb5</value>
         <object_component_ref idref="oc-399"/>
      </symbol>
      <symbol id="sm-5ef">
         <name>__nedf2</name>
         <value>0x4bb5</value>
         <object_component_ref idref="oc-399"/>
      </symbol>
      <symbol id="sm-5f0">
         <name>__gtdf2</name>
         <value>0x4929</value>
         <object_component_ref idref="oc-39f"/>
      </symbol>
      <symbol id="sm-5fc">
         <name>__aeabi_idiv0</name>
         <value>0x3ebb</value>
         <object_component_ref idref="oc-2a5"/>
      </symbol>
      <symbol id="sm-5fd">
         <name>__aeabi_ldiv0</name>
         <value>0x48af</value>
         <object_component_ref idref="oc-3ab"/>
      </symbol>
      <symbol id="sm-617">
         <name>memcpy</name>
         <value>0x4577</value>
         <object_component_ref idref="oc-aa"/>
      </symbol>
      <symbol id="sm-626">
         <name>memset</name>
         <value>0x4e17</value>
         <object_component_ref idref="oc-102"/>
      </symbol>
      <symbol id="sm-627">
         <name>__TI_static_base__</name>
         <value>0x0</value>
      </symbol>
      <symbol id="sm-62b">
         <name>__mpu_init</name>
         <value>0x0</value>
      </symbol>
      <symbol id="sm-62c">
         <name>_system_post_cinit</name>
         <value>0x0</value>
      </symbol>
   </symbol_table>
   <title>Link successful</title>
</link_info>
